N bc_time wc_time
10 0.000000 0.000000
20 0.000000 0.000000
30 0.000000 0.000000
40 0.000001 0.000001
50 0.000001 0.000001
60 0.000001 0.000001
70 0.000002 0.000002
80 0.000002 0.000002
90 0.000002 0.000003
100 0.000002 0.000003
110 0.000003 0.000004
120 0.000003 0.000004
130 0.000003 0.000005
140 0.000004 0.000006
150 0.000004 0.000007
160 0.000005 0.000008
170 0.000006 0.000009
180 0.000007 0.000009
190 0.000007 0.000010
200 0.000008 0.000012
210 0.000008 0.000012
220 0.000011 0.000013
230 0.000008 0.000014
240 0.000008 0.000014
250 0.000010 0.000018
260 0.000011 0.000016
270 0.000010 0.000018
280 0.000011 0.000019
290 0.000012 0.000022
300 0.000013 0.000022
310 0.000016 0.000022
320 0.000017 0.000024
330 0.000017 0.000025
340 0.000018 0.000027
350 0.000019 0.000028
360 0.000021 0.000031
370 0.000022 0.000031
380 0.000023 0.000034
390 0.000024 0.000034
400 0.000025 0.000036
410 0.000025 0.000038
420 0.000026 0.000036
430 0.000024 0.000038
440 0.000024 0.000039
450 0.000025 0.000041
460 0.000025 0.000044
470 0.000026 0.000046
480 0.000029 0.000047
490 0.000028 0.000049
500 0.000028 0.000052
510 0.000028 0.000053
520 0.000030 0.000064
530 0.000131 0.000071
540 0.000065 0.000102
550 0.000092 0.000094
560 0.000093 0.000080
570 0.000087 0.000079
580 0.000080 0.000086
590 0.000089 0.000086
600 0.000088 0.000082
610 0.000042 0.000152
620 0.000067 0.000060
630 0.000038 0.000061
640 0.000039 0.000068
650 0.000040 0.000112
660 0.000169 0.000115
670 0.000101 0.000062
680 0.000042 0.000065
690 0.000043 0.000064
700 0.000041 0.000062
710 0.000044 0.000066
720 0.000050 0.000067
730 0.000045 0.000068
740 0.000049 0.000068
750 0.000048 0.000069
760 0.000049 0.000071
770 0.000051 0.000083
780 0.000061 0.000075
790 0.000052 0.000076
800 0.000052 0.000079
810 0.000054 0.000082
820 0.000054 0.000082
830 0.000054 0.000084
840 0.000055 0.000089
850 0.000066 0.000096
860 0.000062 0.000092
870 0.000057 0.000094
880 0.000057 0.000096
890 0.000061 0.000099
900 0.000059 0.000100
910 0.000059 0.000104
920 0.000063 0.000104
930 0.000061 0.000106
940 0.000061 0.000109
950 0.000062 0.000116
960 0.000065 0.000114
970 0.000063 0.000116
980 0.000064 0.000122
990 0.000065 0.000120
1000 0.000066 0.000123
1010 0.000070 0.000125
1020 0.000067 0.000135
1030 0.000070 0.000131
1040 0.000074 0.000133
1050 0.000076 0.000139
1060 0.000076 0.000140
1070 0.000076 0.000140
1080 0.000084 0.000171
1090 0.000083 0.000159
1100 0.000083 0.000164
1110 0.000088 0.000158
1120 0.000086 0.000153
1130 0.000091 0.000158
1140 0.000090 0.000158
1150 0.000094 0.000161
1160 0.000095 0.000163
1170 0.000101 0.000164
1180 0.000101 0.000169
1190 0.000104 0.000169
1200 0.000104 0.000172
1210 0.000109 0.000175
1220 0.000108 0.000179
1230 0.000114 0.000181
1240 0.000113 0.000186
1250 0.000116 0.000188
1260 0.000118 0.000193
1270 0.000121 0.000192
1280 0.000126 0.000195
1290 0.000125 0.000198
1300 0.000131 0.000201
1310 0.000130 0.000206
1320 0.000132 0.000207
1330 0.000137 0.000210
1340 0.000138 0.000217
1350 0.000140 0.000217
1360 0.000145 0.000219
1370 0.000145 0.000227
1380 0.000148 0.000232
1390 0.000154 0.000237
1400 0.000163 0.000234
1410 0.000157 0.000238
1420 0.000161 0.000239
1430 0.000165 0.000244
1440 0.000166 0.000246
1450 0.000167 0.000251
1460 0.000171 0.000258
1470 0.000172 0.000257
1480 0.000179 0.000259
1490 0.000182 0.000263
1500 0.000181 0.000270
1510 0.000184 0.000273
1520 0.000187 0.000277
1530 0.000189 0.000277
1540 0.000193 0.000281
1550 0.000195 0.000283
1560 0.000195 0.000287
1570 0.000198 0.000289
1580 0.000195 0.000297
1590 0.000197 0.000303
1600 0.000199 0.000305
1610 0.000199 0.000308
1620 0.000205 0.000315
1630 0.000204 0.000325
1640 0.000208 0.000319
1650 0.000204 0.000325
1660 0.000206 0.000327
1670 0.000207 0.000329
1680 0.000208 0.000336
1690 0.000210 0.000339
1700 0.000210 0.000343
1710 0.000213 0.000347
1720 0.000214 0.000349
1730 0.000216 0.000353
1740 0.000217 0.000359
1750 0.000220 0.000362
1760 0.000222 0.000362
1770 0.000223 0.000374
1780 0.000222 0.000375
1790 0.000222 0.000379
1800 0.000223 0.000388
1810 0.000224 0.000387
1820 0.000225 0.000389
1830 0.000229 0.000393
1840 0.000230 0.000396
1850 0.000230 0.000406
1860 0.000230 0.000407
1870 0.000233 0.000412
1880 0.000235 0.000413
1890 0.000238 0.000420
1900 0.000235 0.000425
1910 0.000236 0.000428
1920 0.000237 0.000437
1930 0.000241 0.000439
1940 0.000242 0.000443
1950 0.000242 0.000446
1960 0.000253 0.000449
1970 0.000247 0.000456
1980 0.000247 0.000460
1990 0.000248 0.000464
2000 0.000250 0.000469
2010 0.000250 0.000476
2020 0.000252 0.000479
2030 0.000256 0.000490
2040 0.000253 0.000492
2050 0.000257 0.000493
2060 0.000261 0.000498
2070 0.000266 0.000503
2080 0.000268 0.000506
2090 0.000273 0.000514
2100 0.000280 0.000525
2110 0.000287 0.000524
2120 0.000282 0.000533
2130 0.000287 0.000534
2140 0.000305 0.000545
2150 0.000298 0.000546
2160 0.000299 0.000549
2170 0.000303 0.000554
2180 0.000313 0.000558
2190 0.000314 0.000568
2200 0.000315 0.000565
2210 0.000322 0.000571
2220 0.000322 0.000577
2230 0.000331 0.000585
2240 0.000331 0.000588
2250 0.000340 0.000592
2260 0.000341 0.000604
2270 0.000348 0.000602
2280 0.000351 0.000609
2290 0.000355 0.000611
2300 0.000357 0.000619
2310 0.000363 0.000623
2320 0.000367 0.000628
2330 0.000371 0.000643
2340 0.000377 0.000639
2350 0.000383 0.000642
2360 0.000384 0.000651
2370 0.000391 0.000656
2380 0.000394 0.000661
2390 0.000398 0.000667
2400 0.000402 0.000674
2410 0.000406 0.000681
2420 0.000412 0.000683
2430 0.000418 0.000687
2440 0.000430 0.000700
2450 0.000432 0.000706
2460 0.000438 0.000711
2470 0.000435 0.000721
2480 0.000440 0.000727
2490 0.000451 0.000733
2500 0.000451 0.000737
2510 0.000456 0.000733
2520 0.000463 0.000741
2530 0.000465 0.000745
2540 0.000471 0.000756
2550 0.000475 0.000763
2560 0.000480 0.000766
2570 0.000491 0.000767
2580 0.000489 0.000775
2590 0.000498 0.000788
2600 0.000499 0.000793
2610 0.000514 0.000806
2620 0.000515 0.000803
2630 0.000523 0.000809
2640 0.000521 0.000815
2650 0.000528 0.000820
2660 0.000536 0.000832
2670 0.000536 0.000828
2680 0.000540 0.000839
2690 0.000549 0.000844
2700 0.000556 0.000851
2710 0.000560 0.000857
2720 0.000565 0.000862
2730 0.000569 0.000873
2740 0.000574 0.000873
2750 0.000579 0.000886
2760 0.000588 0.000891
2770 0.000589 0.000899
2780 0.000597 0.000904
2790 0.000603 0.000906
2800 0.000607 0.000911
2810 0.000613 0.001007
2820 0.000602 0.000938
2830 0.000621 0.000936
2840 0.000634 0.000945
2850 0.000642 0.000952
2860 0.000648 0.000953
2870 0.000663 0.000967
2880 0.000662 0.000970
2890 0.000670 0.000977
2900 0.000674 0.000991
2910 0.000690 0.000997
2920 0.000694 0.001004
2930 0.000696 0.001009
2940 0.000702 0.001013
2950 0.000710 0.001023
2960 0.000717 0.001031
2970 0.000724 0.001032
2980 0.000731 0.001037
2990 0.000739 0.001048
3000 0.000745 0.001054
3010 0.000748 0.001059
3020 0.000757 0.001070
3030 0.000764 0.001079
3040 0.000766 0.001081
3050 0.000773 0.001086
3060 0.000780 0.001096
3070 0.000784 0.001103
3080 0.000787 0.001108
3090 0.000791 0.001117
3100 0.000797 0.001126
3110 0.000793 0.001131
3120 0.000796 0.001145
3130 0.000796 0.001143
3140 0.000805 0.001167
3150 0.000808 0.001165
3160 0.000808 0.001171
3170 0.000811 0.001176
3180 0.000814 0.001181
3190 0.000814 0.001196
3200 0.000820 0.001214
3210 0.000832 0.001208
3220 0.000830 0.001214
3230 0.000829 0.001221
3240 0.000827 0.001228
3250 0.000832 0.001254
3260 0.000835 0.001237
3270 0.000840 0.001250
3280 0.000867 0.001253
3290 0.000847 0.001260
3300 0.000853 0.001272
3310 0.000850 0.001276
3320 0.000852 0.001285
3330 0.000853 0.001289
3340 0.000855 0.001315
3350 0.000865 0.001309
3360 0.000863 0.001313
3370 0.000864 0.001327
3380 0.000887 0.001336
3390 0.000868 0.001356
3400 0.000870 0.001348
3410 0.000876 0.001352
3420 0.000874 0.001375
3430 0.000877 0.001371
3440 0.000882 0.001380
3450 0.000889 0.001387
3460 0.000886 0.001398
3470 0.000889 0.001406
3480 0.000897 0.001409
3490 0.000896 0.001435
3500 0.000848 0.001426
3510 0.000865 0.001434
3520 0.000876 0.001445
3530 0.000878 0.001454
3540 0.000884 0.001453
3550 0.000887 0.001463
3560 0.000886 0.001473
3570 0.000892 0.001481
3580 0.000894 0.001491
3590 0.000901 0.001500
3600 0.000901 0.001504
3610 0.000907 0.001513
3620 0.000906 0.001527
3630 0.000911 0.001527
3640 0.000911 0.001538
3650 0.000928 0.001549
3660 0.000919 0.001555
3670 0.000919 0.001563
3680 0.000928 0.001575
3690 0.000928 0.001580
3700 0.000929 0.001588
3710 0.000935 0.001599
3720 0.000936 0.001607
3730 0.000935 0.001612
3740 0.000938 0.001620
3750 0.000943 0.001631
3760 0.000945 0.001636
3770 0.000948 0.001645
3780 0.000952 0.001657
3790 0.000954 0.001663
3800 0.000955 0.001676
3810 0.000957 0.001684
3820 0.000956 0.001711
3830 0.000951 0.001705
3840 0.000967 0.001714
3850 0.000971 0.001721
3860 0.000975 0.001726
3870 0.000974 0.001732
3880 0.000980 0.001742
3890 0.000982 0.001754
3900 0.000983 0.001763
3910 0.000989 0.001781
3920 0.000989 0.001781
3930 0.000989 0.001793
3940 0.000996 0.001801
3950 0.000999 0.001810
3960 0.001001 0.001827
3970 0.001004 0.001836
3980 0.001012 0.001834
3990 0.001011 0.001855
4000 0.001014 0.001861
4010 0.001017 0.001865
4020 0.001016 0.001879
4030 0.001020 0.001885
4040 0.001020 0.001893
4050 0.001029 0.001898
4060 0.001027 0.001909
4070 0.001028 0.001913
4080 0.001037 0.001924
4090 0.001037 0.001937
4100 0.001040 0.001942
4110 0.001048 0.001956
4120 0.001057 0.001974
4130 0.001063 0.001976
4140 0.001070 0.001995
4150 0.001080 0.001999
4160 0.001088 0.002001
4170 0.001097 0.002017
4180 0.001105 0.002029
4190 0.001113 0.002037
4200 0.001123 0.002048
4210 0.001112 0.002053
4220 0.001115 0.002079
4230 0.001134 0.002092
4240 0.001145 0.002084
4250 0.001154 0.002104
4260 0.001163 0.002103
4270 0.001168 0.002116
4280 0.001179 0.002128
4290 0.001187 0.002128
4300 0.001196 0.002165
4310 0.001224 0.002150
4320 0.001228 0.002165
4330 0.001223 0.002177
4340 0.001242 0.002182
4350 0.001239 0.002190
4360 0.001256 0.002198
4370 0.001261 0.002209
4380 0.001269 0.002231
4390 0.001274 0.002238
4400 0.001291 0.002250
4410 0.001291 0.002256
4420 0.001301 0.002261
4430 0.001316 0.002268
4440 0.001319 0.002279
4450 0.001326 0.002288
4460 0.001341 0.002308
4470 0.001347 0.002314
4480 0.001358 0.002326
4490 0.001364 0.002332
4500 0.001378 0.002337
4510 0.001377 0.002351
4520 0.001388 0.002360
4530 0.001397 0.002378
4540 0.001405 0.002385
4550 0.001417 0.002392
4560 0.001421 0.002407
4570 0.001436 0.002419
4580 0.001441 0.002432
4590 0.001452 0.002441
4600 0.001462 0.002465
4610 0.001471 0.002466
4620 0.001478 0.002479
4630 0.001491 0.002477
4640 0.001492 0.002484
4650 0.001502 0.002517
4660 0.001512 0.002509
4670 0.001522 0.002520
4680 0.001534 0.002538
4690 0.001541 0.002550
4700 0.001555 0.002559
4710 0.001564 0.002580
4720 0.001574 0.002573
4730 0.001579 0.002585
4740 0.001586 0.002594
4750 0.001597 0.002604
4760 0.001607 0.002615
4770 0.001612 0.002628
4780 0.001624 0.002637
4790 0.001632 0.002653
4800 0.001644 0.002662
4810 0.001652 0.002671
4820 0.001662 0.002684
4830 0.001678 0.002700
4840 0.001688 0.002701
4850 0.001699 0.002716
4860 0.001700 0.002731
4870 0.001710 0.002742
4880 0.001718 0.002756
4890 0.001749 0.002839
4900 0.001741 0.002794
4910 0.001789 0.002804
4920 0.001801 0.002807
4930 0.001806 0.002826
4940 0.001822 0.002839
4950 0.001828 0.002848
4960 0.001836 0.002860
4970 0.001850 0.002875
4980 0.001860 0.002893
4990 0.001875 0.002902
5000 0.001878 0.002908
5010 0.001888 0.002992
5020 0.001853 0.003840
5030 0.001846 0.003036
5040 0.001873 0.002999
5050 0.001869 0.003017
5060 0.001851 0.002959
5070 0.001902 0.002970
5080 0.001924 0.002979
5090 0.001931 0.003002
5100 0.001951 0.003025
5110 0.001907 0.003117
5120 0.001964 0.003085
5130 0.001979 0.003070
5140 0.001981 0.003076
5150 0.002003 0.003146
5160 0.002005 0.003070
5170 0.002017 0.003091
5180 0.002030 0.003096
5190 0.002035 0.003106
5200 0.002047 0.003118
5210 0.002059 0.003127
5220 0.002066 0.003143
5230 0.002082 0.003159
5240 0.002088 0.003168
5250 0.002099 0.003184
5260 0.002121 0.003207
5270 0.002127 0.003207
5280 0.002129 0.003224
5290 0.002139 0.003234
5300 0.002158 0.003246
5310 0.002159 0.003254
5320 0.002174 0.003263
5330 0.002186 0.003282
5340 0.002189 0.003289
5350 0.002204 0.003305
5360 0.002219 0.003317
5370 0.002226 0.003330
5380 0.002250 0.003342
5390 0.002251 0.003350
5400 0.002261 0.003372
5410 0.002269 0.003396
5420 0.002290 0.003390
5430 0.002294 0.003405
5440 0.002304 0.003414
5450 0.002318 0.003429
5460 0.002327 0.003437
5470 0.002342 0.003453
5480 0.002346 0.003466
5490 0.002356 0.003476
5500 0.002370 0.003496
5510 0.002380 0.003500
5520 0.002387 0.003509
5530 0.002405 0.003524
5540 0.002416 0.003536
5550 0.002421 0.003544
5560 0.002436 0.003557
5570 0.002444 0.003580
5580 0.002457 0.003652
5590 0.002480 0.003605
5600 0.002483 0.003623
5610 0.002500 0.003639
5620 0.002521 0.003653
5630 0.002537 0.003690
5640 0.002540 0.003666
5650 0.002540 0.003688
5660 0.002566 0.003698
5670 0.002576 0.003719
5680 0.002580 0.003723
5690 0.002593 0.003733
5700 0.002602 0.003744
5710 0.002610 0.003765
5720 0.002629 0.003773
5730 0.002637 0.003793
5740 0.002652 0.003803
5750 0.002664 0.003815
5760 0.002673 0.003830
5770 0.002683 0.003838
5780 0.002697 0.003857
5790 0.002718 0.003886
5800 0.002731 0.003900
5810 0.002766 0.003953
5820 0.002779 0.003970
5830 0.002801 0.003988
5840 0.002811 0.003998
5850 0.002833 0.004020
5860 0.002838 0.004030
5870 0.002844 0.004044
5880 0.002857 0.004058
5890 0.002871 0.004063
5900 0.002880 0.004071
5910 0.002894 0.004084
5920 0.002907 0.004072
5930 0.002844 0.004045
5940 0.002882 0.004066
5950 0.002897 0.004080
5960 0.002905 0.004094
5970 0.002967 0.004126
5980 0.002922 0.004113
5990 0.002940 0.004136
6000 0.002969 0.004153
6010 0.002978 0.004158
6020 0.002987 0.004180
6030 0.002998 0.004404
6040 0.003075 0.004519
6050 0.003031 0.004239
6060 0.003057 0.004237
6070 0.003062 0.004246
6080 0.003063 0.004265
6090 0.003085 0.004276
6100 0.003091 0.004298
6110 0.003108 0.004296
6120 0.003114 0.004308
6130 0.003126 0.004340
6140 0.003115 0.004353
6150 0.003150 0.004350
6160 0.003150 0.004376
6170 0.003159 0.004407
6180 0.003171 0.004399
6190 0.003168 0.004407
6200 0.003174 0.004420
6210 0.003178 0.004451
6220 0.003187 0.004449
6230 0.003187 0.004461
6240 0.003190 0.004485
6250 0.003202 0.005702
6260 0.003210 0.004550
6270 0.003218 0.004541
6280 0.003238 0.004567
6290 0.003230 0.004564
6300 0.003230 0.004567
6310 0.003241 0.004592
6320 0.003255 0.004602
6330 0.003254 0.004607
6340 0.003253 0.004620
6350 0.003257 0.004646
6360 0.003260 0.004650
6370 0.003266 0.004669
6380 0.003277 0.004684
6390 0.003274 0.004704
6400 0.003291 0.004719
6410 0.003286 0.004727
6420 0.003291 0.004743
6430 0.003296 0.004757
6440 0.003302 0.004797
6450 0.003319 0.006073
6460 0.003357 0.004824
6470 0.003331 0.004826
6480 0.003329 0.004831
6490 0.003333 0.004849
6500 0.003333 0.004860
6510 0.003347 0.004882
6520 0.003346 0.004894
6530 0.003352 0.004915
6540 0.003358 0.004921
6550 0.003362 0.004941
6560 0.003367 0.004949
6570 0.003375 0.004967
6580 0.003376 0.004982
6590 0.003386 0.004999
6600 0.003393 0.005008
6610 0.003394 0.005029
6620 0.003403 0.005044
6630 0.003403 0.005060
6640 0.003411 0.005073
6650 0.003421 0.005087
6660 0.003420 0.005104
6670 0.003427 0.005116
6680 0.003430 0.005130
6690 0.003435 0.005151
6700 0.003437 0.005165
6710 0.003441 0.005183
6720 0.003452 0.005192
6730 0.003459 0.005215
6740 0.003462 0.005229
6750 0.003467 0.005246
6760 0.003486 0.005282
6770 0.003478 0.005277
6780 0.003485 0.005292
6790 0.003486 0.005308
6800 0.003489 0.005324
6810 0.003500 0.005339
6820 0.003504 0.005355
6830 0.003509 0.005371
6840 0.003517 0.005384
6850 0.003519 0.005406
6860 0.003523 0.005418
6870 0.003529 0.005448
6880 0.003545 0.005479
6890 0.003541 0.005473
6900 0.003553 0.005486
6910 0.003551 0.005503
6920 0.003556 0.005520
6930 0.003559 0.005532
6940 0.003568 0.005567
6950 0.003621 0.005756
6960 0.003529 0.005603
6970 0.003586 0.005616
6980 0.003599 0.005636
6990 0.003592 0.005652
7000 0.003601 0.005661
7010 0.003617 0.005691
7020 0.003609 0.005699
7030 0.003616 0.005717
7040 0.003621 0.005729
7050 0.003626 0.005741
7060 0.003628 0.005757
7070 0.003635 0.005783
7080 0.003641 0.005801
7090 0.003649 0.005810
7100 0.003658 0.005835
7110 0.003658 0.005842
7120 0.003664 0.005864
7130 0.003665 0.005872
7140 0.003681 0.005889
7150 0.003675 0.005908
7160 0.003682 0.005933
7170 0.003690 0.005941
7180 0.003689 0.005972
7190 0.003696 0.005977
7200 0.003702 0.006003
7210 0.003778 0.006308
7220 0.003738 0.006079
7230 0.003733 0.006061
7240 0.004960 0.006042
7250 0.003731 0.006070
7260 0.003742 0.006094
7270 0.003745 0.006097
7280 0.003745 0.006128
7290 0.003792 0.006148
7300 0.003778 0.006152
7310 0.003766 0.006169
7320 0.003755 0.006179
7330 0.003771 0.006203
7340 0.003783 0.006223
7350 0.003788 0.006243
7360 0.003788 0.006259
7370 0.003792 0.006315
7380 0.003799 0.006310
7390 0.003824 0.006331
7400 0.003814 0.006331
7410 0.003824 0.006347
7420 0.003819 0.006377
7430 0.003825 0.006379
7440 0.003835 0.006394
7450 0.003836 0.006416
7460 0.003841 0.006431
7470 0.003846 0.006447
7480 0.003854 0.006467
7490 0.003866 0.006490
7500 0.003868 0.006505
7510 0.003868 0.006531
7520 0.003882 0.006554
7530 0.003878 0.006552
7540 0.003888 0.006568
7550 0.003888 0.006595
7560 0.003897 0.006606
7570 0.003899 0.006633
7580 0.003905 0.006642
7590 0.003906 0.006664
7600 0.003912 0.006682
7610 0.003917 0.006700
7620 0.003926 0.006709
7630 0.003934 0.006731
7640 0.003937 0.006753
7650 0.003937 0.006764
7660 0.003945 0.006777
7670 0.003951 0.006806
7680 0.003952 0.006828
7690 0.003959 0.006840
7700 0.003966 0.006859
7710 0.003978 0.006885
7720 0.003973 0.006893
7730 0.003982 0.006909
7740 0.003989 0.006930
7750 0.003997 0.006947
7760 0.004003 0.006967
7770 0.004005 0.006998
7780 0.004067 0.007037
7790 0.004017 0.007026
7800 0.004028 0.007038
7810 0.004030 0.007057
7820 0.004028 0.007083
7830 0.004032 0.007095
7840 0.004049 0.007103
7850 0.004057 0.007126
7860 0.004053 0.007146
7870 0.004070 0.007177
7880 0.004070 0.007178
7890 0.004070 0.007207
7900 0.004071 0.007225
7910 0.004077 0.007236
7920 0.004083 0.007250
7930 0.004093 0.007271
7940 0.004097 0.007294
7950 0.004112 0.007392
7960 0.004115 0.007333
7970 0.004117 0.007356
7980 0.004125 0.007370
7990 0.004126 0.007390
8000 0.004126 0.007408
8010 0.004139 0.007419
8020 0.004138 0.007443
8030 0.004155 0.007465
8040 0.004151 0.007479
8050 0.004160 0.007500
8060 0.004163 0.007523
8070 0.004167 0.007536
8080 0.004176 0.007560
8090 0.004177 0.007578
8100 0.004184 0.007614
8110 0.004187 0.007619
8120 0.004195 0.007636
8130 0.004198 0.007660
8140 0.004204 0.007674
8150 0.004207 0.007691
8160 0.004217 0.007715
8170 0.004220 0.007731
8180 0.004235 0.007758
8190 0.004231 0.007767
8200 0.004249 0.007787
8210 0.004268 0.007815
8220 0.004283 0.007835
8230 0.004297 0.007852
8240 0.004308 0.007866
8250 0.004324 0.007896
8260 0.004340 0.007909
8270 0.004376 0.007930
8280 0.004373 0.007957
8290 0.004390 0.007958
8300 0.004406 0.007982
8310 0.004428 0.008011
8320 0.004433 0.008018
8330 0.004449 0.008034
8340 0.004471 0.008057
8350 0.004486 0.008073
8360 0.004499 0.008103
8370 0.004522 0.008114
8380 0.004533 0.008141
8390 0.004550 0.008176
8400 0.004564 0.008178
8410 0.004590 0.008195
8420 0.004599 0.008209
8430 0.004617 0.008230
8440 0.004631 0.008252
8450 0.004647 0.008286
8460 0.004662 0.008299
8470 0.004681 0.008309
8480 0.004702 0.008339
8490 0.004714 0.008348
8500 0.004726 0.008379
8510 0.004742 0.008388
8520 0.004765 0.008409
8530 0.004779 0.008439
8540 0.004797 0.008454
8550 0.004812 0.008477
8560 0.004827 0.008490
8570 0.004846 0.008514
8580 0.004858 0.008536
8590 0.004877 0.008650
8600 0.004895 0.008555
8610 0.004908 0.008639
8620 0.004929 0.008626
8630 0.004943 0.008648
8640 0.004959 0.008676
8650 0.004986 0.008692
8660 0.004995 0.008713
8670 0.005011 0.008722
8680 0.005024 0.008743
8690 0.005040 0.008758
8700 0.005055 0.008772
8710 0.005073 0.008811
8720 0.005086 0.008826
8730 0.005104 0.008918
8740 0.005253 0.008887
8750 0.005142 0.008899
8760 0.005161 0.008921
8770 0.005180 0.008942
8780 0.005190 0.008950
8790 0.005206 0.008967
8800 0.005225 0.008996
8810 0.005251 0.009014
8820 0.005261 0.009053
8830 0.005278 0.009064
8840 0.005300 0.009075
8850 0.005314 0.009088
8860 0.005334 0.009121
8870 0.005346 0.009137
8880 0.005364 0.009159
8890 0.005380 0.009172
8900 0.005397 0.009211
8910 0.005416 0.009227
8920 0.005431 0.009243
8930 0.005446 0.009269
8940 0.005468 0.009288
8950 0.005485 0.009313
8960 0.005512 0.009344
8970 0.005520 0.009357
8980 0.005542 0.009381
8990 0.005562 0.009407
9000 0.005574 0.009424
9010 0.005587 0.009459
9020 0.005609 0.009452
9030 0.005649 0.009541
9040 0.005657 0.009517
9050 0.005665 0.009476
9060 0.005668 0.009491
9070 0.005687 0.009540
9080 0.005708 0.009551
9090 0.005687 0.009590
9100 0.005750 0.009629
9110 0.005777 0.009638
9120 0.005784 0.009661
9130 0.005803 0.009686
9140 0.005817 0.009710
9150 0.005841 0.009739
9160 0.005856 0.009751
9170 0.005875 0.009763
9180 0.005888 0.009783
9190 0.005912 0.009809
9200 0.005924 0.009825
9210 0.005949 0.009852
9220 0.005962 0.009876
9230 0.005994 0.009908
9240 0.006003 0.009922
9250 0.006016 0.009936
9260 0.006040 0.009968
9270 0.006058 0.009980
9280 0.006070 0.010015
9290 0.006093 0.010018
9300 0.006104 0.010048
9310 0.006132 0.010076
9320 0.006154 0.010085
9330 0.006167 0.010115
9340 0.006184 0.010132
9350 0.006201 0.010177
9360 0.006217 0.010178
9370 0.006238 0.010215
9380 0.006257 0.010233
9390 0.006283 0.010263
9400 0.006300 0.010279
9410 0.006314 0.010301
9420 0.006340 0.010316
9430 0.006352 0.010336
9440 0.006369 0.010355
9450 0.006391 0.010394
9460 0.006410 0.010411
9470 0.006432 0.010425
9480 0.006443 0.010448
9490 0.006468 0.010462
9500 0.006484 0.010491
9510 0.006503 0.010506
9520 0.006524 0.010527
9530 0.006551 0.010573
9540 0.006562 0.010591
9550 0.006581 0.010603
9560 0.006595 0.010625
9570 0.006623 0.010650
9580 0.006641 0.010685
9590 0.006659 0.010690
9600 0.006679 0.010724
9610 0.006694 0.010749
9620 0.006714 0.010766
9630 0.006739 0.010788
9640 0.006750 0.010815
9650 0.006766 0.010830
9660 0.006792 0.010856
9670 0.006814 0.010883
9680 0.006828 0.010910
9690 0.006850 0.010927
9700 0.006868 0.010959
9710 0.006899 0.010974
9720 0.006906 0.010989
9730 0.006924 0.011020
9740 0.006950 0.011053
9750 0.006978 0.011074
9760 0.006986 0.011090
9770 0.007010 0.011110
9780 0.007022 0.011125
9790 0.007042 0.011155
9800 0.007065 0.011181
9810 0.007088 0.011202
9820 0.007109 0.011227
9830 0.007121 0.011249
9840 0.007137 0.011272
9850 0.007158 0.011302
9860 0.007181 0.011325
9870 0.007199 0.011354
9880 0.007222 0.011376
9890 0.007239 0.011400
9900 0.007263 0.011415
9910 0.007280 0.011447
9920 0.007306 0.011464
9930 0.007316 0.011493
9940 0.007347 0.011511
9950 0.007368 0.011537
9960 0.007382 0.011569
9970 0.007394 0.011579
9980 0.007423 0.011605
9990 0.007435 0.011618
10000 0.007455 0.011654
10010 0.007477 0.011657
10020 0.007477 0.011642
10030 0.007507 0.011673
10040 0.007523 0.011708
10050 0.007540 0.011719
10060 0.007565 0.011754
10070 0.007591 0.011784
10080 0.007617 0.011807
10090 0.007622 0.011857
10100 0.007644 0.011875
10110 0.007665 0.011878
10120 0.007686 0.011901
10130 0.007726 0.011932
10140 0.007728 0.011962
10150 0.007750 0.011990
10160 0.007771 0.012007
10170 0.007796 0.012033
10180 0.007811 0.012058
10190 0.007826 0.012080
10200 0.007852 0.012103
10210 0.007875 0.012122
10220 0.007900 0.012156
10230 0.007918 0.012412
10240 0.008510 0.012245
10250 0.007976 0.012307
10260 0.008023 0.012361
10270 0.008020 0.012368
10280 0.008058 0.012374
10290 0.008068 0.012401
10300 0.008078 0.012422
10310 0.008101 0.012455
10320 0.008124 0.012474
10330 0.008147 0.012507
10340 0.008164 0.012527
10350 0.008185 0.012548
10360 0.008200 0.012569
10370 0.008225 0.012603
10380 0.008248 0.012623
10390 0.008265 0.012653
10400 0.008285 0.012664
10410 0.008312 0.012689
10420 0.008327 0.012714
10430 0.008351 0.012744
10440 0.008373 0.012768
10450 0.008395 0.012784
10460 0.008418 0.012815
10470 0.008433 0.012854
10480 0.008455 0.012861
10490 0.008484 0.012893
10500 0.008501 0.012918
10510 0.008518 0.012951
10520 0.008538 0.012957
10530 0.008560 0.012990
10540 0.008575 0.013008
10550 0.008599 0.013033
10560 0.008622 0.013054
10570 0.008640 0.013077
10580 0.008664 0.013100
10590 0.008686 0.013131
10600 0.008715 0.013153
10610 0.008752 0.013187
10620 0.008755 0.013199
10630 0.008774 0.013232
10640 0.008798 0.013254
10650 0.008816 0.013289
10660 0.008842 0.013312
10670 0.008867 0.013341
10680 0.008880 0.013365
10690 0.008905 0.013377
10700 0.008928 0.013421
10710 0.008963 0.013440
10720 0.008986 0.013467
10730 0.008996 0.013489
10740 0.009027 0.013519
10750 0.009035 0.013582
10760 0.009082 0.013594
10770 0.009108 0.013619
10780 0.009114 0.013637
10790 0.009134 0.013647
10800 0.009155 0.013667
10810 0.009171 0.013689
10820 0.009202 0.013722
10830 0.009226 0.013763
10840 0.009237 0.013773
10850 0.009264 0.013790
10860 0.009295 0.013818
10870 0.009304 0.013853
10880 0.009336 0.013880
10890 0.009353 0.013905
10900 0.009375 0.013920
10910 0.009403 0.013948
10920 0.009421 0.013979
10930 0.009440 0.014016
10940 0.009459 0.014027
10950 0.009494 0.014057
10960 0.009512 0.014060
10970 0.009536 0.014089
10980 0.009562 0.014135
10990 0.009579 0.014154
11000 0.009605 0.014174
11010 0.009619 0.014193
11020 0.009648 0.014227
11030 0.009681 0.014248
11040 0.009699 0.014303
11050 0.009715 0.014296
11060 0.009735 0.014325
11070 0.009749 0.014370
11080 0.009795 0.014392
11090 0.009815 0.014423
11100 0.009825 0.014450
11110 0.009854 0.014479
11120 0.009874 0.014499
11130 0.009908 0.014538
11140 0.009930 0.014561
11150 0.009956 0.014584
11160 0.009973 0.014613
11170 0.009996 0.014634
11180 0.010021 0.014671
11190 0.010046 0.014700
11200 0.010056 0.014714
11210 0.010082 0.014750
11220 0.010108 0.014776
11230 0.010136 0.014802
11240 0.010156 0.014831
11250 0.010188 0.014857
11260 0.010193 0.014888
11270 0.010226 0.014910
11280 0.010256 0.014936
11290 0.010277 0.014962
11300 0.010290 0.014989
11310 0.010309 0.015013
11320 0.010332 0.015045
11330 0.010364 0.015086
11340 0.010380 0.015094
11350 0.010404 0.015116
11360 0.010433 0.015155
11370 0.010450 0.015167
11380 0.010471 0.015216
11390 0.010496 0.015230
11400 0.010515 0.015249
11410 0.010548 0.015280
11420 0.010571 0.015326
11430 0.010596 0.015343
11440 0.010612 0.015357
11450 0.010656 0.015372
11460 0.010679 0.015409
11470 0.010712 0.015452
11480 0.010716 0.015471
11490 0.010729 0.015501
11500 0.010759 0.015519
11510 0.010780 0.015554
11520 0.010804 0.015617
11530 0.010834 0.015614
11540 0.010848 0.015639
11550 0.010888 0.015680
11560 0.010901 0.015715
11570 0.010920 0.015737
11580 0.010944 0.015761
11590 0.010973 0.015774
11600 0.010995 0.015791
11610 0.011031 0.015839
11620 0.011043 0.015860
11630 0.011062 0.015894
11640 0.011090 0.015898
11650 0.011117 0.015954
11660 0.011138 0.015986
11670 0.012252 0.016266
11680 0.011283 0.016003
11690 0.011184 0.016147
11700 0.011212 0.015988
11710 0.011236 0.016002
11720 0.011241 0.016002
11730 0.011299 0.016046
11740 0.011287 0.019857
11750 0.011246 0.016494
11760 0.011389 0.016642
11770 0.014679 0.016433
11780 0.011396 0.016472
11790 0.011552 0.018556
11800 0.011836 0.016705
11810 0.011518 0.016581
11820 0.011530 0.016594
11830 0.011566 0.016606
11840 0.011584 0.016614
11850 0.011606 0.016623
11860 0.011631 0.016644
11870 0.011657 0.016693
11880 0.011683 0.016730
11890 0.011712 0.016736
11900 0.011724 0.016737
11910 0.011777 0.016778
11920 0.011786 0.016795
11930 0.011818 0.016824
11940 0.011828 0.016860
11950 0.011855 0.016888
11960 0.011884 0.016902
11970 0.011911 0.016929
11980 0.011927 0.017553
11990 0.011966 0.017340
12000 0.011994 0.017348
12010 0.012013 0.017356
12020 0.012043 0.017402
12030 0.012054 0.017392
12040 0.012090 0.017432
12050 0.012113 0.017444
12060 0.012493 0.017607
12070 0.012155 0.017586
12080 0.012191 0.017609
12090 0.012214 0.017595
12100 0.012236 0.017635
12110 0.012255 0.017646
12120 0.012287 0.017702
12130 0.012304 0.017726
12140 0.012337 0.017731
12150 0.012362 0.017754
12160 0.012391 0.017799
12170 0.012407 0.017808
12180 0.012435 0.017825
12190 0.012461 0.017874
12200 0.012492 0.017897
12210 0.012518 0.017930
12220 0.012529 0.017954
12230 0.012560 0.017976
12240 0.012592 0.018027
12250 0.012613 0.018055
12260 0.012640 0.018063
12270 0.012665 0.018101
12280 0.012876 0.018128
12290 0.012723 0.018157
12300 0.012711 0.018185
12310 0.012725 0.018223
12320 0.012733 0.018322
12330 0.012846 0.017967
12340 0.012759 0.017955
12350 0.013089 0.018404
12360 0.012776 0.018358
12370 0.012779 0.018367
12380 0.012795 0.018381
12390 0.012810 0.018424
12400 0.012815 0.018457
12410 0.012829 0.018468
12420 0.012849 0.018496
12430 0.012846 0.018535
12440 0.012862 0.018557
12450 0.012884 0.018643
12460 0.012883 0.018121
12470 0.012865 0.018306
12480 0.012894 0.018337
12490 0.012898 0.018374
12500 0.012908 0.018416
12510 0.012925 0.018460
12520 0.012945 0.018500
12530 0.012964 0.018514
12540 0.012964 0.018547
12550 0.012969 0.018578
12560 0.012983 0.018607
12570 0.012982 0.018643
12580 0.013005 0.018578
12590 0.013012 0.018635
12600 0.013028 0.018721
12610 0.013051 0.018771
12620 0.013038 0.018781
12630 0.013051 0.018830
12640 0.013058 0.018873
12650 0.013065 0.018904
12660 0.013088 0.019173
12670 0.013290 0.019336
12680 0.013108 0.019395
12690 0.013112 0.019418
12700 0.013123 0.019441
12710 0.013138 0.019475
12720 0.013151 0.019480
12730 0.013168 0.019526
12740 0.013166 0.019577
12750 0.013184 0.019567
12760 0.013183 0.019616
12770 0.013200 0.019626
12780 0.013219 0.019665
12790 0.013258 0.019721
12800 0.013238 0.019963
12810 0.013365 0.019418
12820 0.013251 0.019412
12830 0.013262 0.019398
12840 0.013273 0.019857
12850 0.013256 0.019495
12860 0.013295 0.019534
12870 0.013306 0.019558
12880 0.013310 0.019582
12890 0.013320 0.019614
12900 0.013334 0.019591
12910 0.013342 0.019986
12920 0.013367 0.020048
12930 0.013376 0.020130
12940 0.013375 0.020175
12950 0.013384 0.020188
12960 0.013395 0.020217
12970 0.013407 0.020231
12980 0.013419 0.020274
12990 0.013426 0.020291
13000 0.013455 0.020331
13010 0.013449 0.020367
13020 0.013456 0.020380
13030 0.013466 0.020415
13040 0.013516 0.020476
13050 0.013497 0.020477
13060 0.013504 0.020530
13070 0.013506 0.020554
13080 0.013530 0.020575
13090 0.013532 0.020605
13100 0.013542 0.020620
13110 0.013552 0.020679
13120 0.013560 0.020706
13130 0.013562 0.020717
13140 0.013575 0.020735
13150 0.013592 0.020817
13160 0.013600 0.020832
13170 0.013626 0.020864
13180 0.013638 0.020876
13190 0.013634 0.020905
13200 0.013638 0.020927
13210 0.013650 0.021017
13220 0.013660 0.020921
13230 0.013667 0.020595
13240 0.013676 0.020637
13250 0.013690 0.020685
13260 0.013703 0.020708
13270 0.013706 0.020759
13280 0.013716 0.020770
13290 0.013733 0.020830
13300 0.013746 0.020848
13310 0.013751 0.020871
13320 0.013756 0.020924
13330 0.013774 0.020953
13340 0.013781 0.020984
13350 0.013796 0.021032
13360 0.013807 0.021069
13370 0.013795 0.021101
13380 0.013805 0.021138
13390 0.013826 0.021173
13400 0.013852 0.021197
13410 0.013854 0.021233
13420 0.013849 0.021251
13430 0.013872 0.021298
13440 0.013895 0.021340
13450 0.013888 0.021465
13460 0.013913 0.021843
13470 0.013925 0.021924
13480 0.013926 0.021961
13490 0.013929 0.021972
13500 0.013957 0.022040
13510 0.013966 0.022068
13520 0.013969 0.022090
13530 0.013978 0.022125
13540 0.013990 0.022143
13550 0.013999 0.022159
13560 0.014017 0.022222
13570 0.014191 0.022256
13580 0.014044 0.022277
13590 0.014044 0.022291
13600 0.014066 0.022331
13610 0.014059 0.022361
13620 0.014073 0.022391
13630 0.014090 0.022444
13640 0.014108 0.022461
13650 0.014104 0.022473
13660 0.014121 0.022528
13670 0.014134 0.022551
13680 0.014149 0.022570
13690 0.014151 0.022615
13700 0.014158 0.022640
13710 0.014170 0.022656
13720 0.014181 0.022675
13730 0.014196 0.022466
13740 0.014190 0.022198
13750 0.014216 0.022264
13760 0.014223 0.022293
13770 0.014247 0.022369
13780 0.014232 0.022399
13790 0.014253 0.022824
13800 0.014312 0.022982
13810 0.014277 0.022978
13820 0.014290 0.023003
13830 0.014308 0.023048
13840 0.014312 0.023078
13850 0.014318 0.023278
13860 0.014373 0.022704
13870 0.014402 0.022891
13880 0.014430 0.022902
13890 0.014394 0.022923
13900 0.014384 0.022841
13910 0.014444 0.022995
13920 0.014402 0.023015
13930 0.014425 0.023067
13940 0.014352 0.023015
13950 0.014449 0.023328
13960 0.014465 0.023652
13970 0.014479 0.025702
13980 0.014827 0.023431
13990 0.014516 0.023308
14000 0.014631 0.023616
14010 0.014787 0.023860
14020 0.014599 0.025473
14030 0.014532 0.023698
14040 0.014694 0.024191
14050 0.014614 0.023828
14060 0.014596 0.023725
14070 0.014786 0.025139
14080 0.014653 0.024330
14090 0.014656 0.023813
14100 0.014719 0.023649
14110 0.014832 0.024115
14120 0.014968 0.024141
14130 0.014772 0.024054
14140 0.014817 0.025782
14150 0.014666 0.024445
14160 0.014656 0.024086
14170 0.014844 0.024358
14180 0.014705 0.024238
14190 0.014834 0.024459
14200 0.014662 0.024254
14210 0.014757 0.024672
14220 0.014729 0.025530
14230 0.014726 0.024469
14240 0.014776 0.024345
14250 0.014946 0.024852
14260 0.014772 0.024344
14270 0.014773 0.024391
14280 0.014810 0.024457
14290 0.014807 0.024569
14300 0.015039 0.024416
14310 0.014822 0.024493
14320 0.014861 0.024581
14330 0.014874 0.024601
14340 0.014879 0.024595
14350 0.014879 0.024621
14360 0.014878 0.024596
14370 0.014892 0.024699
14380 0.014884 0.024737
14390 0.014914 0.024788
14400 0.014926 0.024779
14410 0.014916 0.028404
14420 0.014974 0.024991
14430 0.014970 0.024969
14440 0.014970 0.024966
14450 0.014984 0.025001
14460 0.015049 0.025355
14470 0.014984 0.025080
14480 0.014978 0.025093
14490 0.014994 0.025115
14500 0.015000 0.025083
14510 0.015032 0.025124
14520 0.017919 0.025278
14530 0.015050 0.025255
14540 0.015081 0.025352
14550 0.015072 0.025335
14560 0.015089 0.025703
14570 0.015094 0.025398
14580 0.015113 0.025413
14590 0.015118 0.025435
14600 0.015115 0.025386
14610 0.015147 0.025601
14620 0.015479 0.025850
14630 0.015426 0.027433
14640 0.015299 0.025773
14650 0.015368 0.025883
14660 0.015298 0.026276
14670 0.015446 0.028077
14680 0.015309 0.026186
14690 0.015463 0.026189
14700 0.015316 0.026492
14710 0.015492 0.026512
14720 0.015232 0.027516
14730 0.015338 0.026098
14740 0.015311 0.026214
14750 0.015309 0.026169
14760 0.015856 0.027659
14770 0.015318 0.028528
14780 0.015379 0.026476
14790 0.015349 0.026273
14800 0.015438 0.026387
14810 0.015400 0.026382
14820 0.017527 0.026956
14830 0.015444 0.026687
14840 0.015402 0.026736
14850 0.018195 0.026934
14860 0.015413 0.026864
14870 0.015449 0.026896
14880 0.015471 0.026825
14890 0.015454 0.029045
14900 0.015909 0.027240
14910 0.015480 0.027022
14920 0.015496 0.026815
14930 0.015496 0.026862
14940 0.015470 0.027014
14950 0.015540 0.027192
14960 0.015555 0.027370
14970 0.015554 0.026969
14980 0.015615 0.026951
14990 0.015530 0.027423
15000 0.017454 0.027708
15010 0.015572 0.027513
15020 0.015720 0.027376
15030 0.015542 0.027477
15040 0.016482 0.027623
15050 0.015780 0.027356
15060 0.015783 0.027625
15070 0.015683 0.027505
15080 0.015632 0.027519
15090 0.015640 0.027377
15100 0.015739 0.027546
15110 0.015662 0.027372
15120 0.015661 0.029428
15130 0.015713 0.027554
15140 0.015797 0.027883
15150 0.015735 0.028426
15160 0.015733 0.027674
15170 0.015751 0.027756
15180 0.015743 0.027594
15190 0.015713 0.027732
15200 0.015726 0.027724
15210 0.015821 0.028142
15220 0.016048 0.029628
15230 0.015822 0.028331
15240 0.015770 0.028605
15250 0.015840 0.028728
15260 0.015849 0.028075
15270 0.015826 0.028066
15280 0.015836 0.028058
15290 0.015871 0.028050
15300 0.015835 0.028212
15310 0.015842 0.028171
15320 0.015850 0.028130
15330 0.015859 0.028152
15340 0.015864 0.028150
15350 0.015884 0.028184
15360 0.015898 0.028258
15370 0.015916 0.028239
15380 0.015915 0.028270
15390 0.015927 0.028327
15400 0.015932 0.028345
15410 0.015928 0.028352
15420 0.015955 0.028407
15430 0.015962 0.028428
15440 0.015967 0.028501
15450 0.015975 0.028502
15460 0.015984 0.028544
15470 0.016002 0.028588
15480 0.016207 0.029229
15490 0.016020 0.029294
15500 0.016032 0.029291
15510 0.016046 0.029348
15520 0.016061 0.029361
15530 0.016057 0.029426
15540 0.016077 0.029431
15550 0.016077 0.029474
15560 0.016096 0.029478
15570 0.016099 0.029503
15580 0.016113 0.029569
15590 0.016118 0.029576
15600 0.016142 0.029617
15610 0.016148 0.029629
15620 0.016162 0.029702
15630 0.016151 0.029720
15640 0.016185 0.029751
15650 0.016179 0.029800
15660 0.016192 0.029828
15670 0.016201 0.029858
15680 0.016225 0.029899
15690 0.016220 0.030020
15700 0.016228 0.030039
15710 0.016251 0.030117
15720 0.016239 0.030128
15730 0.016270 0.030162
15740 0.016296 0.030166
15750 0.016290 0.030212
15760 0.016307 0.030242
15770 0.016328 0.030283
15780 0.016314 0.030324
15790 0.016338 0.030347
15800 0.016337 0.030403
15810 0.016342 0.030454
15820 0.016365 0.030457
15830 0.016389 0.030523
15840 0.016392 0.030568
15850 0.016418 0.030639
15860 0.017637 0.029908
15870 0.016431 0.029962
15880 0.016428 0.030009
15890 0.016445 0.030061
15900 0.016444 0.030077
15910 0.016487 0.030232
15920 0.016779 0.030181
15930 0.016467 0.030240
15940 0.016498 0.030269
15950 0.016493 0.030320
15960 0.016504 0.030359
15970 0.016545 0.030415
15980 0.016517 0.030457
15990 0.016528 0.030485
16000 0.016546 0.030518
16010 0.016609 0.030542
16020 0.016544 0.030582
16030 0.016575 0.030625
16040 0.016570 0.030702
16050 0.016588 0.030702
16060 0.016609 0.030737
16070 0.016620 0.030847
16080 0.016641 0.030871
16090 0.016623 0.030918
16100 0.016636 0.030942
16110 0.016658 0.030965
16120 0.016689 0.030995
16130 0.016689 0.031014
16140 0.016681 0.031065
16150 0.016706 0.031125
16160 0.016730 0.031145
16170 0.016707 0.031179
16180 0.016724 0.031193
16190 0.016756 0.031250
16200 0.016766 0.031276
16210 0.016748 0.031317
16220 0.016754 0.031395
16230 0.016793 0.031446
16240 0.016799 0.031441
16250 0.016813 0.031492
16260 0.016815 0.031542
16270 0.016847 0.031591
16280 0.016860 0.031604
16290 0.016840 0.031620
16300 0.016857 0.031691
16310 0.016870 0.031693
16320 0.016879 0.031743
16330 0.016897 0.031809
16340 0.016900 0.031860
16350 0.016922 0.031894
16360 0.016920 0.031907
16370 0.016957 0.032848
16380 0.016958 0.032715
16390 0.016983 0.032710
16400 0.017022 0.032784
16410 0.017038 0.032754
16420 0.017069 0.032813
16430 0.017112 0.032852
16440 0.017136 0.032887
16450 0.017173 0.032900
16460 0.017204 0.032958
16470 0.017219 0.032972
16480 0.017270 0.032204
16490 0.017293 0.032250
16500 0.017332 0.032339
16510 0.017345 0.032357
16520 0.017383 0.032445
16530 0.017426 0.032468
16540 0.017472 0.032501
16550 0.017487 0.032575
16560 0.017522 0.032742
16570 0.017813 0.033438
16580 0.017586 0.033495
16590 0.017613 0.033488
16600 0.017652 0.033471
16610 0.017670 0.033504
16620 0.017719 0.033548
16630 0.017734 0.033572
16640 0.017763 0.033611
16650 0.017798 0.033658
16660 0.017824 0.032957
16670 0.017881 0.033083
16680 0.017899 0.033141
16690 0.017937 0.033175
16700 0.017962 0.033203
16710 0.018004 0.033254
16720 0.018027 0.033202
16730 0.018061 0.033305
16740 0.018095 0.033386
16750 0.018113 0.033410
16760 0.018150 0.033482
16770 0.018174 0.033460
16780 0.018225 0.033542
16790 0.018254 0.033586
16800 0.018276 0.033630
16810 0.018313 0.033640
16820 0.018326 0.033693
16830 0.018398 0.033754
16840 0.018389 0.033770
16850 0.018442 0.033832
16860 0.018475 0.033880
16870 0.018512 0.033931
16880 0.018511 0.033950
16890 0.018553 0.033986
16900 0.018603 0.034040
16910 0.018630 0.034068
16920 0.018647 0.034097
16930 0.018697 0.034137
16940 0.018727 0.034178
16950 0.018758 0.034261
16960 0.018791 0.034251
16970 0.018843 0.034294
16980 0.018853 0.034329
16990 0.018916 0.034354
17000 0.018930 0.034427
17010 0.018966 0.034419
17020 0.018983 0.034432
17030 0.019019 0.034471
17040 0.019072 0.035148
17050 0.019503 0.035355
17060 0.019110 0.035503
17070 0.019150 0.035515
17080 0.019180 0.035563
17090 0.019217 0.035580
17100 0.019234 0.035616
17110 0.019299 0.035654
17120 0.019291 0.035666
17130 0.019341 0.035691
17140 0.019408 0.035702
17150 0.019430 0.035820
17160 0.019422 0.035791
17170 0.019479 0.035849
17180 0.019496 0.035097
17190 0.019541 0.035180
17200 0.019578 0.035269
17210 0.019622 0.035295
17220 0.019673 0.035384
17230 0.020052 0.035427
17240 0.019731 0.035464
17250 0.019768 0.035452
17260 0.019790 0.035511
17270 0.019803 0.035558
17280 0.019845 0.035592
17290 0.019889 0.035603
17300 0.019915 0.035666
17310 0.019940 0.035729
17320 0.019950 0.035769
17330 0.020003 0.035818
17340 0.020065 0.035837
17350 0.020114 0.035884
17360 0.020088 0.035973
17370 0.020154 0.035947
17380 0.020160 0.036024
17390 0.020198 0.036055
17400 0.020235 0.036053
17410 0.020288 0.036096
17420 0.020314 0.036160
17430 0.020332 0.036185
17440 0.020361 0.036278
17450 0.020420 0.036307
17460 0.020450 0.036364
17470 0.020498 0.036376
17480 0.020800 0.036389
17490 0.020526 0.036393
17500 0.020605 0.036584
17510 0.020589 0.036496
17520 0.020646 0.036508
17530 0.020712 0.036841
17540 0.020734 0.036653
17550 0.020738 0.036777
17560 0.020788 0.037146
17570 0.020819 0.037561
17580 0.020846 0.037654
17590 0.020902 0.037709
17600 0.020888 0.036896
17610 0.020946 0.036959
17620 0.020991 0.036998
17630 0.021017 0.037079
17640 0.021045 0.037113
17650 0.021117 0.037163
17660 0.021122 0.037166
17670 0.021134 0.037228
17680 0.021187 0.037274
17690 0.021221 0.037321
17700 0.021251 0.037358
17710 0.021307 0.037403
17720 0.021339 0.037435
17730 0.021365 0.037523
17740 0.021396 0.037533
17750 0.021426 0.037613
17760 0.021458 0.037639
17770 0.021502 0.037669
17780 0.021533 0.037717
17790 0.021539 0.037743
17800 0.021581 0.038079
17810 0.021631 0.038443
17820 0.021702 0.037875
17830 0.022045 0.037892
17840 0.021728 0.037950
17850 0.021772 0.038026
17860 0.021811 0.038045
17870 0.021844 0.038074
17880 0.021889 0.038120
17890 0.021923 0.038185
17900 0.021950 0.038197
17910 0.021993 0.038266
17920 0.022030 0.038277
17930 0.022043 0.038359
17940 0.022090 0.038350
17950 0.022099 0.038409
17960 0.022158 0.038460
17970 0.022203 0.038528
17980 0.022227 0.038545
17990 0.022256 0.038584
18000 0.022286 0.038632
18010 0.022329 0.038704
18020 0.022381 0.038709
18030 0.022406 0.038772
18040 0.022435 0.038805
18050 0.022447 0.039764
18060 0.022503 0.038889
18070 0.022534 0.038921
18080 0.022575 0.038938
18090 0.022604 0.038984
18100 0.022658 0.039041
18110 0.022676 0.039068
18120 0.022705 0.039121
18130 0.022752 0.039138
18140 0.022783 0.039198
18150 0.022817 0.039243
18160 0.022838 0.039289
18170 0.022890 0.039318
18180 0.022946 0.039377
18190 0.022951 0.039428
18200 0.022989 0.039467
18210 0.023037 0.039523
18220 0.023112 0.039556
18230 0.023100 0.039602
18240 0.023089 0.039577
18250 0.023157 0.039681
18260 0.023191 0.039747
18270 0.023248 0.039764
18280 0.023268 0.039800
18290 0.023302 0.039894
18300 0.023328 0.039892
18310 0.023397 0.039955
18320 0.023405 0.039976
18330 0.023433 0.040023
18340 0.023501 0.040112
18350 0.023505 0.040168
18360 0.023533 0.040195
18370 0.023585 0.040661
18380 0.023638 0.041211
18390 0.023667 0.041216
18400 0.023690 0.041285
18410 0.023750 0.041313
18420 0.023792 0.041365
18430 0.023803 0.041408
18440 0.023859 0.041462
18450 0.023902 0.041476
18460 0.023938 0.041545
18470 0.023950 0.041576
18480 0.023981 0.041648
18490 0.024215 0.041661
18500 0.024068 0.041685
18510 0.024105 0.041715
18520 0.024156 0.041755
18530 0.024190 0.041796
18540 0.024212 0.042044
18550 0.024276 0.041896
18560 0.024271 0.041899
18570 0.024342 0.041949
18580 0.024363 0.041972
18590 0.024419 0.042047
18600 0.024412 0.042110
18610 0.024470 0.041925
18620 0.024484 0.041285
18630 0.024518 0.041330
18640 0.024561 0.041426
18650 0.024596 0.041424
18660 0.024626 0.041579
18670 0.024671 0.041516
18680 0.024710 0.041615
18690 0.024736 0.041608
18700 0.025193 0.042616
18710 0.024823 0.042657
18720 0.024887 0.042688
18730 0.024885 0.042764
18740 0.024957 0.042759
18750 0.024964 0.042821
18760 0.025003 0.042832
18770 0.025061 0.042859
18780 0.025106 0.042947
18790 0.025126 0.042984
18800 0.025169 0.043023
18810 0.025206 0.043052
18820 0.025264 0.042214
18830 0.025285 0.042341
18840 0.025296 0.042397
18850 0.025377 0.042442
18860 0.025382 0.042460
18870 0.025429 0.042451
18880 0.025477 0.042506
18890 0.025473 0.042553
18900 0.025541 0.042598
18910 0.025569 0.042739
18920 0.025593 0.042809
18930 0.025638 0.042800
18940 0.025688 0.042863
18950 0.025718 0.042831
18960 0.025748 0.042860
18970 0.025778 0.042920
18980 0.025821 0.042961
18990 0.025863 0.043026
19000 0.025907 0.043049
19010 0.025977 0.043088
19020 0.025971 0.043137
19030 0.026030 0.043179
19040 0.026066 0.043200
19050 0.026092 0.043262
19060 0.026145 0.043304
19070 0.026158 0.043386
19080 0.026189 0.043392
19090 0.026271 0.043463
19100 0.026268 0.043474
19110 0.026320 0.043552
19120 0.026365 0.043568
19130 0.026405 0.043608
19140 0.026411 0.043686
19150 0.026471 0.043748
19160 0.026527 0.043792
19170 0.026560 0.043830
19180 0.026591 0.043888
19190 0.026638 0.043916
19200 0.026652 0.044444
19210 0.026712 0.044029
19220 0.026744 0.044071
19230 0.026791 0.044110
19240 0.026810 0.044160
19250 0.026839 0.044330
19260 0.026880 0.044288
19270 0.026906 0.044353
19280 0.026947 0.044402
19290 0.026989 0.044420
19300 0.027051 0.044424
19310 0.027088 0.044495
19320 0.027118 0.044569
19330 0.027129 0.044577
19340 0.027178 0.044590
19350 0.027248 0.044724
19360 0.027247 0.044951
19370 0.027333 0.044767
19380 0.027350 0.044852
19390 0.027381 0.044815
19400 0.027382 0.045347
19410 0.027462 0.045153
19420 0.027495 0.045156
19430 0.027512 0.045217
19440 0.027571 0.045268
19450 0.027641 0.045282
19460 0.027623 0.045339
19470 0.027694 0.045351
19480 0.027691 0.045423
19490 0.027743 0.045662
19500 0.027828 0.046864
19510 0.027853 0.046511
19520 0.027865 0.046547
19530 0.027933 0.046523
19540 0.027999 0.046564
19550 0.027975 0.046607
19560 0.028020 0.046606
19570 0.028081 0.046656
19580 0.028083 0.046716
19590 0.028139 0.046731
19600 0.028180 0.046782
19610 0.028220 0.046996
19620 0.028248 0.046874
19630 0.028295 0.046912
19640 0.028331 0.046943
19650 0.028400 0.047027
19660 0.028415 0.047105
19670 0.028811 0.046597
19680 0.028734 0.046625
19690 0.028533 0.046286
19700 0.028567 0.046354
19710 0.028630 0.046409
19720 0.028672 0.046460
19730 0.028695 0.046524
19740 0.029865 0.047560
19750 0.028768 0.047589
19760 0.028794 0.047592
19770 0.028858 0.047666
19780 0.028874 0.047735
19790 0.028926 0.047781
19800 0.028943 0.047796
19810 0.029026 0.047807
19820 0.029060 0.047916
19830 0.029089 0.047945
19840 0.029135 0.047970
19850 0.029190 0.048048
19860 0.029225 0.048092
19870 0.029234 0.048145
19880 0.029289 0.048159
19890 0.029321 0.048163
19900 0.029355 0.048286
19910 0.029385 0.048305
19920 0.029448 0.048386
19930 0.029459 0.048421
19940 0.029507 0.048440
19950 0.029566 0.048519
19960 0.029599 0.048580
19970 0.029637 0.048589
19980 0.029686 0.048638
19990 0.029713 0.048703
20000 0.029760 0.048757
20010 0.029804 0.048802
20020 0.029837 0.048817
20030 0.029876 0.048886
20040 0.029932 0.048938
20050 0.029936 0.048953
20060 0.030030 0.049044
20070 0.030018 0.049076
20080 0.030077 0.049112
20090 0.030145 0.049181
20100 0.030191 0.049210
20110 0.030197 0.049287
20120 0.030227 0.049301
20130 0.030288 0.049446
20140 0.030332 0.048401
20150 0.030497 0.048469
20160 0.030396 0.048415
20170 0.030435 0.048498
20180 0.030480 0.048588
20190 0.030517 0.048609
20200 0.030554 0.048654
20210 0.030595 0.048704
20220 0.030631 0.048757
20230 0.030706 0.048763
20240 0.030685 0.048855
20250 0.030766 0.048747
20260 0.030782 0.048990
20270 0.030863 0.049076
20280 0.030885 0.049098
20290 0.030933 0.049178
20300 0.030949 0.049186
20310 0.031017 0.049286
20320 0.031045 0.049285
20330 0.031090 0.049316
20340 0.031128 0.049402
20350 0.031170 0.049432
20360 0.031190 0.049451
20370 0.031267 0.050018
20380 0.031311 0.049770
20390 0.031296 0.049862
20400 0.031356 0.049924
20410 0.031370 0.049915
20420 0.031449 0.049948
20430 0.031895 0.050074
20440 0.031527 0.050025
20450 0.031582 0.050036
20460 0.031598 0.050116
20470 0.031630 0.050101
20480 0.031671 0.050136
20490 0.031754 0.050214
20500 0.031763 0.050264
20510 0.031821 0.050255
20520 0.031841 0.050247
20530 0.031910 0.050290
20540 0.031948 0.050360
20550 0.031942 0.050390
20560 0.032017 0.051463
20570 0.032042 0.051687
20580 0.032085 0.051684
20590 0.032155 0.051743
20600 0.032192 0.051790
20610 0.032240 0.051854
20620 0.032281 0.051877
20630 0.032341 0.051941
20640 0.032366 0.051912
20650 0.032418 0.052032
20660 0.032467 0.052080
20670 0.032490 0.052092
20680 0.032514 0.052121
20690 0.032545 0.052200
20700 0.032599 0.052212
20710 0.032673 0.052277
20720 0.032684 0.052310
20730 0.032730 0.052375
20740 0.032774 0.052403
20750 0.032820 0.052449
20760 0.032834 0.052529
20770 0.032868 0.052513
20780 0.032928 0.052579
20790 0.032973 0.052658
20800 0.033013 0.052661
20810 0.033294 0.052133
20820 0.033109 0.051703
20830 0.033126 0.051770
20840 0.033174 0.051814
20850 0.033537 0.051942
20860 0.033265 0.052543
20870 0.033284 0.052004
20880 0.033541 0.052041
20890 0.033402 0.052133
20900 0.033413 0.052099
20910 0.033489 0.052169
20920 0.033494 0.052242
20930 0.034108 0.053367
20940 0.033623 0.052648
20950 0.033682 0.052735
20960 0.033741 0.052530
20970 0.033757 0.052477
20980 0.033763 0.052515
20990 0.033849 0.052584
21000 0.033860 0.052602
21010 0.033926 0.052716
21020 0.033917 0.052721
21030 0.033995 0.052782
21040 0.034004 0.052793
21050 0.034076 0.052922
21060 0.034103 0.053373
21070 0.034159 0.053011
21080 0.034186 0.053058
21090 0.034238 0.053088
21100 0.034266 0.053136
21110 0.034329 0.053194
21120 0.034355 0.053237
21130 0.034405 0.053263
21140 0.034459 0.053338
21150 0.034514 0.053407
21160 0.034528 0.053462
21170 0.034559 0.053514
21180 0.034615 0.053563
21190 0.034684 0.053652
21200 0.034734 0.053674
21210 0.034761 0.053699
21220 0.034802 0.053775
21230 0.034870 0.053792
21240 0.034893 0.053865
21250 0.035030 0.053941
21260 0.034963 0.053964
21270 0.035091 0.054105
21280 0.035054 0.054170
21290 0.035091 0.054213
21300 0.035460 0.055424
21310 0.035175 0.055473
21320 0.035229 0.055481
21330 0.035240 0.055524
21340 0.035340 0.055615
21350 0.035337 0.055624
21360 0.035407 0.055766
21370 0.035435 0.055734
21380 0.035501 0.055773
21390 0.035506 0.055864
21400 0.035584 0.055904
21410 0.035592 0.055868
21420 0.035684 0.055964
21430 0.035667 0.056012
21440 0.035742 0.056039
21450 0.035768 0.056081
21460 0.035841 0.056152
21470 0.035841 0.056273
21480 0.035922 0.056289
21490 0.036027 0.056343
21500 0.036000 0.056442
21510 0.036023 0.056493
21520 0.036087 0.056459
21530 0.036475 0.056669
21540 0.036194 0.056662
21550 0.036209 0.056881
21560 0.036261 0.056728
21570 0.036304 0.056779
21580 0.036340 0.056840
21590 0.036410 0.056863
21600 0.036449 0.056947
21610 0.036490 0.056972
21620 0.036524 0.057023
21630 0.036566 0.057136
21640 0.036601 0.057139
21650 0.036653 0.057163
21660 0.036693 0.057285
21670 0.036746 0.057315
21680 0.036821 0.057397
21690 0.036867 0.056605
21700 0.036850 0.056104
21710 0.036940 0.056174
21720 0.036980 0.056244
21730 0.037025 0.056301
21740 0.037047 0.056938
21750 0.037131 0.057772
21760 0.037156 0.057802
21770 0.037237 0.057917
21780 0.037557 0.058446
21790 0.038000 0.058367
21800 0.037359 0.058115
21810 0.037382 0.058112
21820 0.037463 0.058174
21830 0.037450 0.058235
21840 0.037534 0.058280
21850 0.037537 0.058281
21860 0.037606 0.058311
21870 0.037637 0.058416
21880 0.037703 0.058435
21890 0.037719 0.058456
21900 0.037814 0.058531
21910 0.037818 0.058598
21920 0.037872 0.058617
21930 0.037894 0.058678
21940 0.037962 0.057567
21950 0.037993 0.058130
21960 0.038066 0.058479
21970 0.038067 0.057751
21980 0.038155 0.057801
21990 0.038186 0.057813
22000 0.038247 0.057976
22010 0.038266 0.058015
22020 0.038313 0.058064
22030 0.038361 0.058110
22040 0.038391 0.058168
22050 0.038460 0.058250
22060 0.038473 0.058289
22070 0.038546 0.058287
22080 0.038561 0.058324
22090 0.038650 0.058360
22100 0.038670 0.058454
22110 0.038776 0.058525
22120 0.038764 0.058564
22130 0.038829 0.058686
22140 0.038872 0.058705
22150 0.038940 0.058746
22160 0.038964 0.058803
22170 0.038984 0.059782
22180 0.039196 0.060244
22190 0.039096 0.060194
22200 0.039110 0.060271
22210 0.039196 0.059646
22220 0.039202 0.058927
22230 0.039255 0.059404
22240 0.039330 0.060499
22250 0.039353 0.060553
22260 0.039408 0.060574
22270 0.039423 0.060582
22280 0.039489 0.060670
22290 0.039541 0.060722
22300 0.039591 0.060743
22310 0.039628 0.060813
22320 0.039639 0.060881
22330 0.039698 0.060918
22340 0.039722 0.060963
22350 0.039789 0.060984
22360 0.039850 0.061052
22370 0.039901 0.061128
22380 0.039925 0.061180
22390 0.040001 0.061234
22400 0.040028 0.061251
22410 0.040104 0.061340
22420 0.040142 0.061402
22430 0.040188 0.061446
22440 0.040313 0.060168
22450 0.040223 0.061508
22460 0.040303 0.061670
22470 0.040331 0.061723
22480 0.040401 0.061744
22490 0.040459 0.061769
22500 0.040489 0.061842
22510 0.040557 0.061863
22520 0.040582 0.061944
22530 0.040623 0.061998
22540 0.040679 0.062062
22550 0.040708 0.062101
22560 0.040770 0.062178
22570 0.040808 0.062209
22580 0.040856 0.062260
22590 0.040933 0.062275
22600 0.040964 0.061003
22610 0.041036 0.061056
22620 0.041031 0.061204
22630 0.041093 0.061684
22640 0.041125 0.061283
22650 0.041160 0.061419
22660 0.041259 0.061416
22670 0.041384 0.061586
22680 0.041335 0.061586
22690 0.041366 0.061619
22700 0.041428 0.061660
22710 0.041459 0.061726
22720 0.041505 0.061807
22730 0.041524 0.061625
22740 0.041580 0.061831
22750 0.041631 0.061957
22760 0.041678 0.062041
22770 0.041935 0.062107
22780 0.041792 0.062053
22790 0.041844 0.062260
22800 0.041893 0.062374
22810 0.041929 0.062390
22820 0.041981 0.062461
22830 0.042020 0.062468
22840 0.042054 0.062334
22850 0.042139 0.062452
22860 0.042140 0.062543
22870 0.042236 0.062600
22880 0.042253 0.062692
22890 0.042290 0.063113
22900 0.042363 0.062952
22910 0.042404 0.063035
22920 0.042461 0.063114
22930 0.042504 0.063154
22940 0.042548 0.063208
22950 0.042579 0.063239
22960 0.042639 0.063165
22970 0.042681 0.063285
22980 0.042741 0.063336
22990 0.042804 0.063441
23000 0.042822 0.063540
23010 0.043242 0.063620
23020 0.042912 0.063483
23030 0.042976 0.063547
23040 0.043018 0.063566
23050 0.043082 0.063566
23060 0.043109 0.063705
23070 0.043178 0.063794
23080 0.043171 0.064134
23090 0.043242 0.064021
23100 0.043684 0.064353
23110 0.043353 0.064234
23120 0.043465 0.064129
23130 0.043471 0.064299
23140 0.043486 0.064353
23150 0.043525 0.064376
23160 0.043566 0.064654
23170 0.043603 0.064497
23180 0.043670 0.064555
23190 0.043743 0.064585
23200 0.043829 0.065665
23210 0.043869 0.064777
23220 0.043898 0.064776
23230 0.043909 0.064872
23240 0.043969 0.064791
23250 0.044078 0.065127
23260 0.044066 0.065096
23270 0.044116 0.065149
23280 0.044140 0.065205
23290 0.044251 0.065435
23300 0.044284 0.065299
23310 0.044293 0.065307
23320 0.044377 0.065342
23330 0.044469 0.065755
23340 0.044474 0.065451
23350 0.044499 0.065461
23360 0.044661 0.066033
23370 0.044612 0.065606
23380 0.045240 0.065614
23390 0.044725 0.065650
23400 0.044773 0.065755
23410 0.044781 0.065777
23420 0.044975 0.066061
23430 0.044996 0.066096
23440 0.045058 0.066149
23450 0.045087 0.066174
23460 0.045144 0.066201
23470 0.045061 0.066092
23480 0.045143 0.066145
23490 0.045184 0.066241
23500 0.045672 0.066499
23510 0.045244 0.069380
23520 0.045471 0.067029
23530 0.045360 0.066848
23540 0.045419 0.067052
23550 0.045444 0.066871
23560 0.045510 0.066837
23570 0.045561 0.066839
23580 0.045630 0.066903
23590 0.045683 0.066874
23600 0.045741 0.066948
23610 0.045768 0.066974
23620 0.045831 0.067042
23630 0.045893 0.067803
23640 0.045955 0.067233
23650 0.045964 0.067145
23660 0.045983 0.067102
23670 0.046046 0.067127
23680 0.046090 0.067204
23690 0.046135 0.067251
23700 0.046173 0.067641
23710 0.046259 0.067546
23720 0.046291 0.067574
23730 0.046341 0.067623
23740 0.046425 0.067689
23750 0.046473 0.067667
23760 0.046508 0.067741
23770 0.046595 0.067817
23780 0.046674 0.067974
23790 0.046628 0.067923
23800 0.046687 0.067989
23810 0.046722 0.067990
23820 0.046798 0.068093
23830 0.046828 0.068145
23840 0.046885 0.068237
23850 0.046918 0.068563
23860 0.046990 0.068605
23870 0.047014 0.068372
23880 0.047084 0.068390
23890 0.047136 0.068412
23900 0.047205 0.068426
23910 0.047266 0.068617
23920 0.047309 0.068444
23930 0.047335 0.068531
23940 0.047360 0.068608
23950 0.047421 0.068585
23960 0.047465 0.068688
23970 0.047559 0.068682
23980 0.047578 0.068737
23990 0.047682 0.068902
24000 0.047661 0.069034
24010 0.047794 0.069169
24020 0.047792 0.069134
24030 0.047817 0.069229
24040 0.047865 0.069231
24050 0.047903 0.069329
24060 0.047967 0.069455
24070 0.048036 0.069422
24080 0.048076 0.069248
24090 0.048127 0.069422
24100 0.048142 0.069433
24110 0.048238 0.069489
24120 0.048595 0.069664
24130 0.048322 0.069709
24140 0.048411 0.069701
24150 0.048459 0.069747
24160 0.048482 0.069831
24170 0.048539 0.069898
24180 0.048597 0.069927
24190 0.048605 0.069989
24200 0.048668 0.070088
24210 0.048719 0.070098
24220 0.048828 0.070160
24230 0.048838 0.070565
24240 0.048877 0.070506
24250 0.048933 0.070534
24260 0.049004 0.070604
24270 0.049028 0.070619
24280 0.049086 0.070719
24290 0.049114 0.070757
24300 0.049230 0.070789
24310 0.049206 0.070801
24320 0.049301 0.071030
24330 0.049388 0.071002
24340 0.049454 0.072388
24350 0.049457 0.072433
24360 0.049513 0.072467
24370 0.049535 0.072731
24380 0.049606 0.072566
24390 0.049665 0.072627
24400 0.049692 0.072659
24410 0.049721 0.072703
24420 0.049779 0.072774
24430 0.049844 0.072823
24440 0.049874 0.072867
24450 0.049930 0.072923
24460 0.050340 0.073069
24470 0.050054 0.073058
24480 0.050110 0.073083
24490 0.050117 0.073133
24500 0.050201 0.073176
24510 0.050235 0.073248
24520 0.050293 0.073249
24530 0.050347 0.073309
24540 0.050358 0.073370
24550 0.050493 0.073467
24560 0.050503 0.073429
24570 0.050561 0.073457
24580 0.050579 0.073531
24590 0.050629 0.073636
24600 0.050598 0.073660
24610 0.050669 0.073724
24620 0.050655 0.073819
24630 0.050731 0.074032
24640 0.050667 0.072395
24650 0.050747 0.072480
24660 0.050732 0.072545
24670 0.050763 0.072989
24680 0.050745 0.072754
24690 0.050794 0.072811
24700 0.050808 0.072842
24710 0.050844 0.072928
24720 0.050842 0.072973
24730 0.050868 0.073027
24740 0.050900 0.073125
24750 0.050933 0.073177
24760 0.050946 0.073367
24770 0.050927 0.073283
24780 0.050958 0.073301
24790 0.050987 0.073462
24800 0.051052 0.073481
24810 0.051023 0.073521
24820 0.051045 0.073570
24830 0.051075 0.073637
24840 0.051075 0.074626
24850 0.051117 0.074016
24860 0.051133 0.074161
24870 0.051140 0.074291
24880 0.051195 0.074233
24890 0.051195 0.074351
24900 0.051184 0.074309
24910 0.051256 0.074336
24920 0.051273 0.074355
24930 0.051268 0.074466
24940 0.051303 0.074450
24950 0.051337 0.074509
24960 0.051357 0.074564
24970 0.051347 0.074605
24980 0.051391 0.074631
24990 0.051398 0.074739
25000 0.051443 0.074760
25010 0.051450 0.074607
25020 0.051491 0.074909
25030 0.051455 0.075318
25040 0.051550 0.075014
25050 0.051568 0.075957
25060 0.051587 0.076699
25070 0.051584 0.076790
25080 0.051593 0.076800
25090 0.051622 0.076795
25100 0.051645 0.076805
25110 0.051666 0.076903
25120 0.051702 0.076994
25130 0.051669 0.077025
25140 0.052031 0.075527
25150 0.051727 0.075616
25160 0.051845 0.075801
25170 0.051790 0.075828
25180 0.051785 0.075896
25190 0.051802 0.075882
25200 0.051834 0.075924
25210 0.051833 0.076013
25220 0.051876 0.076066
25230 0.051902 0.076056
25240 0.051917 0.076038
25250 0.051929 0.076068
25260 0.051952 0.076177
25270 0.051969 0.076265
25280 0.052014 0.076264
25290 0.052046 0.076576
25300 0.052041 0.076442
25310 0.052076 0.076463
25320 0.052070 0.076574
25330 0.052315 0.076685
25340 0.052131 0.077240
25350 0.052362 0.078386
25360 0.052185 0.078452
25370 0.052211 0.079372
25380 0.052204 0.078630
25390 0.052266 0.078612
25400 0.052231 0.078636
25410 0.052244 0.078630
25420 0.052372 0.078831
25430 0.052307 0.078810
25440 0.052336 0.077839
25450 0.052377 0.077390
25460 0.052375 0.077438
25470 0.052419 0.077473
25480 0.052441 0.077558
25490 0.052404 0.077977
25500 0.052456 0.077588
25510 0.052525 0.077856
25520 0.052480 0.077733
25530 0.052499 0.077794
25540 0.052520 0.078047
25550 0.052553 0.077986
25560 0.052556 0.077998
25570 0.052578 0.078065
25580 0.052608 0.078151
25590 0.052626 0.078208
25600 0.052662 0.078250
25610 0.052692 0.078322
25620 0.052797 0.079385
25630 0.053344 0.078914
25640 0.052743 0.078730
25650 0.052755 0.078758
25660 0.052778 0.078725
25670 0.052783 0.078895
25680 0.052826 0.078979
25690 0.052835 0.079044
25700 0.052855 0.079064
25710 0.052880 0.079103
25720 0.052869 0.079147
25730 0.052914 0.079251
25740 0.052944 0.080613
25750 0.052989 0.080958
25760 0.052995 0.080960
25770 0.053016 0.080959
25780 0.053061 0.081218
25790 0.053039 0.081819
25800 0.053613 0.081804
25810 0.053237 0.081880
25820 0.053280 0.081464
25830 0.053657 0.081430
25840 0.053335 0.081120
25850 0.053267 0.081194
25860 0.053431 0.081132
25870 0.053336 0.081217
25880 0.053392 0.081286
25890 0.053311 0.081375
25900 0.053444 0.081491
25910 0.053378 0.081600
25920 0.053503 0.081652
25930 0.053460 0.081749
25940 0.053993 0.083240
25950 0.053551 0.082247
25960 0.053486 0.082136
25970 0.053637 0.082183
25980 0.053565 0.082250
25990 0.053651 0.082343
26000 0.053600 0.082445
26010 0.053661 0.084896
26020 0.053677 0.083881
26030 0.053673 0.083783
26040 0.053748 0.083860
26050 0.053712 0.083838
26060 0.053813 0.083820
26070 0.054093 0.082937
26080 0.053833 0.082850
26090 0.053778 0.083035
26100 0.053902 0.083166
26110 0.053814 0.083284
26120 0.053927 0.083287
26130 0.053863 0.083373
26140 0.053962 0.083439
26150 0.053920 0.083563
26160 0.053954 0.083563
26170 0.054014 0.083653
26180 0.053964 0.083719
26190 0.054074 0.083801
26200 0.054002 0.083901
26210 0.054062 0.083906
26220 0.054076 0.083988
26230 0.054110 0.084072
26240 0.054153 0.084167
26250 0.054101 0.084187
26260 0.054215 0.084292
26270 0.054139 0.084437
26280 0.054250 0.084409
26290 0.054233 0.084981
26300 0.054244 0.085624
26310 0.054330 0.085699
26320 0.054225 0.085469
26330 0.054283 0.084606
26340 0.054324 0.084733
26350 0.054310 0.084740
26360 0.054399 0.084876
26370 0.054348 0.084946
26380 0.054463 0.085003
26390 0.054385 0.085503
26400 0.054471 0.085345
26410 0.054426 0.085423
26420 0.054478 0.085458
26430 0.054549 0.085808
26440 0.054521 0.086505
26450 0.054564 0.086610
26460 0.054545 0.086675
26470 0.054630 0.086634
26480 0.054627 0.086768
26490 0.054599 0.086740
26500 0.055136 0.085770
26510 0.054701 0.085963
26520 0.054655 0.086040
26530 0.054710 0.086113
26540 0.054614 0.085899
26550 0.054802 0.086202
26560 0.054735 0.086324
26570 0.054837 0.086347
26580 0.054811 0.086601
26590 0.054771 0.086509
26600 0.054877 0.086560
26610 0.054875 0.086694
26620 0.054853 0.086664
26630 0.054961 0.086762
26640 0.054922 0.086744
26650 0.055035 0.087311
26660 0.054982 0.087142
26670 0.054971 0.087131
26680 0.055081 0.087213
26690 0.054983 0.087056
26700 0.055101 0.087121
26710 0.055159 0.087381
26720 0.055052 0.087489
26730 0.055143 0.087474
26740 0.055133 0.087598
26750 0.055157 0.087652
26760 0.055201 0.087683
26770 0.055182 0.087702
26780 0.055289 0.087703
26790 0.055221 0.087927
26800 0.055257 0.087906
26810 0.055338 0.088066
26820 0.055264 0.089664
26830 0.055382 0.089198
26840 0.055327 0.089349
26850 0.055367 0.089293
26860 0.055330 0.088097
26870 0.055365 0.088327
26880 0.055464 0.088407
26890 0.055485 0.088483
26900 0.055404 0.088558
26910 0.055517 0.088607
26920 0.055497 0.089181
26930 0.055488 0.088748
26940 0.055639 0.088794
26950 0.055538 0.088892
26960 0.055625 0.090043
26970 0.055629 0.090158
26980 0.055595 0.090207
26990 0.055700 0.090220
27000 0.055682 0.090284
27010 0.055659 0.091268
27020 0.055719 0.090568
27030 0.055785 0.090598
27040 0.055714 0.090652
27050 0.055734 0.090622
27060 0.055850 0.090144
27070 0.055834 0.089801
27080 0.055810 0.090665
27090 0.055887 0.090970
27100 0.056666 0.090156
27110 0.055977 0.090197
27120 0.055937 0.090349
27130 0.055876 0.090163
27140 0.055960 0.090024
27150 0.056048 0.090342
27160 0.055973 0.090348
27170 0.056016 0.090481
27180 0.056064 0.090619
27190 0.057677 0.092024
27200 0.056103 0.090870
27210 0.056183 0.090824
27220 0.056121 0.091003
27230 0.056101 0.090950
27240 0.056207 0.091047
27250 0.056221 0.091137
27260 0.056189 0.091228
27270 0.056245 0.091216
27280 0.056271 0.091325
27290 0.056246 0.091509
27300 0.056273 0.091430
27310 0.056383 0.091450
27320 0.056740 0.092726
27330 0.056331 0.092714
27340 0.056387 0.092643
27350 0.056447 0.092687
27360 0.056402 0.092789
27370 0.056395 0.092933
27380 0.056442 0.092915
27390 0.056578 0.093519
27400 0.056616 0.093106
27410 0.056499 0.093187
27420 0.056476 0.093272
27430 0.056537 0.093342
27440 0.056613 0.093331
27450 0.056689 0.093373
27460 0.056601 0.093538
27470 0.056602 0.093628
27480 0.056633 0.093640
27490 0.056744 0.093653
27500 0.056746 0.093675
27510 0.056665 0.093848
27520 0.056707 0.093982
27530 0.056723 0.093986
27540 0.056818 0.094042
27550 0.056829 0.094069
27560 0.056892 0.094115
27570 0.056850 0.094216
27580 0.057288 0.094461
27590 0.056866 0.094383
27600 0.056852 0.094472
27610 0.056916 0.094469
27620 0.056985 0.094615
27630 0.057024 0.094607
27640 0.056983 0.094734
27650 0.056943 0.094843
27660 0.057011 0.095299
27670 0.057007 0.094926
27680 0.057111 0.094939
27690 0.057142 0.095016
27700 0.057143 0.095115
27710 0.057185 0.095162
27720 0.057109 0.095317
27730 0.057134 0.095347
27740 0.057161 0.095418
27750 0.057237 0.095389
27760 0.057273 0.095465
27770 0.057298 0.095594
27780 0.057291 0.095766
27790 0.057259 0.096082
27800 0.057794 0.095947
27810 0.057297 0.096102
27820 0.057319 0.096120
27830 0.057339 0.096095
27840 0.057426 0.096060
27850 0.057471 0.096165
27860 0.057471 0.096211
27870 0.057510 0.096366
27880 0.057421 0.096456
27890 0.057448 0.096499
27900 0.057493 0.096629
27910 0.057534 0.096610
27920 0.057580 0.096623
27930 0.057634 0.096709
27940 0.057677 0.096818
27950 0.057693 0.097165
27960 0.057732 0.095905
27970 0.057691 0.095990
27980 0.057676 0.096174
27990 0.057660 0.096203
28000 0.057694 0.097188
28010 0.057696 0.097354
28020 0.057745 0.097356
28030 0.057823 0.097442
28040 0.057887 0.097444
28050 0.057883 0.097530
28060 0.057929 0.097623
28070 0.057935 0.097660
28080 0.057977 0.097753
28090 0.057890 0.097843
28100 0.058008 0.097931
28110 0.057936 0.098835
28120 0.057930 0.098232
28130 0.057968 0.098254
28140 0.057999 0.098271
28150 0.057993 0.098276
28160 0.058045 0.098401
28170 0.058046 0.098486
28180 0.058079 0.098009
28190 0.058129 0.097319
28200 0.058155 0.097514
28210 0.058230 0.097570
28220 0.058260 0.097721
28230 0.058296 0.097916
28240 0.058297 0.098332
28250 0.058306 0.099120
28260 0.058280 0.099113
28270 0.058292 0.099174
28280 0.058322 0.099241
28290 0.058291 0.099334
28300 0.058305 0.098278
28310 0.058330 0.098430
28320 0.058371 0.098495
28330 0.058350 0.098519
28340 0.058355 0.098624
28350 0.058443 0.098769
28360 0.058457 0.098793
28370 0.058462 0.100118
28380 0.058494 0.100055
28390 0.058528 0.100062
28400 0.058534 0.100088
28410 0.058582 0.100199
28420 0.058565 0.100227
28430 0.058630 0.100310
28440 0.058952 0.099370
28450 0.058668 0.099493
28460 0.058697 0.099526
28470 0.058688 0.099581
28480 0.058725 0.099704
28490 0.058752 0.100097
28500 0.058785 0.100736
28510 0.058810 0.100902
28520 0.058789 0.100996
28530 0.058801 0.101013
28540 0.058851 0.101102
28550 0.058865 0.101221
28560 0.058877 0.101298
28570 0.058848 0.101343
28580 0.058901 0.101443
28590 0.058899 0.101494
28600 0.058933 0.101819
28610 0.058939 0.101700
28620 0.058992 0.101672
28630 0.058997 0.101731
28640 0.059031 0.101820
28650 0.059082 0.101895
28660 0.059104 0.101915
28670 0.059093 0.101996
28680 0.059158 0.102079
28690 0.059185 0.102094
28700 0.059210 0.102175
28710 0.059281 0.102706
28720 0.059235 0.102255
28730 0.059306 0.102328
28740 0.059342 0.102413
28750 0.059334 0.102769
28760 0.059295 0.102641
28770 0.059309 0.102750
28780 0.059321 0.102756
28790 0.059319 0.102835
28800 0.059330 0.102969
28810 0.059376 0.102985
28820 0.059379 0.103061
28830 0.059430 0.103109
28840 0.059502 0.101757
28850 0.059491 0.102035
28860 0.059489 0.102093
28870 0.059494 0.102225
28880 0.059493 0.102303
28890 0.059525 0.102385
28900 0.059558 0.102364
28910 0.059578 0.102488
28920 0.059623 0.103743
28930 0.059608 0.103976
28940 0.059614 0.104007
28950 0.059659 0.104089
28960 0.059753 0.104100
28970 0.059703 0.104230
28980 0.059747 0.104288
28990 0.059845 0.104324
29000 0.059812 0.104330
29010 0.059867 0.104457
29020 0.059835 0.104593
29030 0.059821 0.104837
29040 0.059809 0.104760
29050 0.059865 0.104822
29060 0.059991 0.104831
29070 0.059905 0.104924
29080 0.060024 0.104963
29090 0.059931 0.105028
29100 0.060035 0.105063
29110 0.060012 0.105257
29120 0.059999 0.105342
29130 0.060008 0.105344
29140 0.060114 0.105413
29150 0.060108 0.105532
29160 0.060086 0.105610
29170 0.060092 0.105995
29180 0.060202 0.105758
29190 0.060219 0.105798
29200 0.060224 0.105844
29210 0.060216 0.105956
29220 0.060173 0.106048
29230 0.060379 0.105459
29240 0.060321 0.104843
29250 0.060325 0.104970
29260 0.060330 0.105051
29270 0.060273 0.105149
29280 0.060332 0.105244
29290 0.060323 0.105491
29300 0.060398 0.106650
29310 0.060488 0.106722
29320 0.060446 0.106824
29330 0.060414 0.106856
29340 0.060415 0.105958
29350 0.060550 0.105995
29360 0.060529 0.106064
29370 0.060487 0.106177
29380 0.060881 0.106299
29390 0.060628 0.106674
29400 0.060650 0.106564
29410 0.060623 0.106675
29420 0.060701 0.106713
29430 0.060760 0.106800
29440 0.060714 0.106889
29450 0.060596 0.107114
29460 0.060843 0.106937
29470 0.060834 0.107101
29480 0.060812 0.108370
29490 0.060811 0.107223
29500 0.064394 0.115220
29510 0.060956 0.107503
29520 0.064755 0.107889
29530 0.061110 0.107635
29540 0.060828 0.109907
29550 0.060825 0.108194
29560 0.062059 0.107425
29570 0.061069 0.107325
29580 0.063538 0.107955
29590 0.061062 0.107037
29600 0.060912 0.106783
29610 0.060905 0.106754
29620 0.060927 0.106600
29630 0.060952 0.106583
29640 0.060948 0.106617
29650 0.060999 0.107081
29660 0.061054 0.107085
29670 0.061068 0.106751
29680 0.061040 0.106613
29690 0.061070 0.106979
29700 0.061052 0.106954
29710 0.061134 0.107389
29720 0.061092 0.107465
29730 0.061135 0.107373
29740 0.061164 0.107408
29750 0.061181 0.107049
29760 0.061172 0.107039
29770 0.061240 0.107109
29780 0.061214 0.107159
29790 0.061261 0.107267
29800 0.061301 0.107305
29810 0.061305 0.107317
29820 0.061317 0.107428
29830 0.061316 0.107453
29840 0.061371 0.107514
29850 0.061369 0.107564
29860 0.061384 0.107644
29870 0.061443 0.107646
29880 0.061463 0.107716
29890 0.061483 0.107952
29900 0.061493 0.107853
29910 0.061499 0.107937
29920 0.061948 0.108344
29930 0.061561 0.108452
29940 0.061539 0.108468
29950 0.061579 0.108458
29960 0.061919 0.110932
29970 0.061704 0.108834
29980 0.061645 0.108856
29990 0.061730 0.109061
30000 0.061686 0.109026
30010 0.061750 0.108971
30020 0.061727 0.108906
30030 0.061722 0.108958
30040 0.061775 0.109027
30050 0.061778 0.109084
30060 0.061789 0.109419
30070 0.061859 0.109567
30080 0.061831 0.109394
30090 0.061856 0.109464
30100 0.061879 0.109489
30110 0.061896 0.109724
30120 0.061923 0.109757
30130 0.061941 0.109804
30140 0.061959 0.109894
30150 0.063160 0.109980
30160 0.061989 0.109973
30170 0.062022 0.110009
30180 0.062083 0.110109
30190 0.062124 0.110702
30200 0.062267 0.110548
30210 0.062690 0.110632
30220 0.062427 0.111142
30230 0.065627 0.111215
30240 0.062396 0.113681
30250 0.062928 0.115242
30260 0.062526 0.114073
30270 0.063605 0.113710
30280 0.063393 0.111794
30290 0.062410 0.114987
30300 0.062510 0.111980
30310 0.062520 0.112076
30320 0.062573 0.113474
30330 0.062782 0.112325
30340 0.062891 0.115223
30350 0.062860 0.113159
30360 0.063467 0.115632
30370 0.063690 0.113290
30380 0.062759 0.112955
30390 0.062666 0.115360
30400 0.062875 0.114599
30410 0.062552 0.114284
30420 0.062758 0.114260
30430 0.062585 0.114397
30440 0.062611 0.114251
30450 0.062641 0.114423
30460 0.062640 0.114294
30470 0.062624 0.114301
30480 0.062681 0.114347
30490 0.062687 0.114451
30500 0.062703 0.114551
30510 0.062727 0.114578
30520 0.062747 0.114569
30530 0.063177 0.112714
30540 0.062819 0.112648
30550 0.062850 0.112741
30560 0.062833 0.112799
30570 0.062856 0.112933
30580 0.062910 0.112972
30590 0.062927 0.112999
30600 0.062921 0.113074
30610 0.062913 0.113130
30620 0.063013 0.113179
30630 0.062985 0.113310
30640 0.063038 0.113322
30650 0.063018 0.113346
30660 0.063043 0.113438
30670 0.063074 0.113521
30680 0.063091 0.113563
30690 0.063175 0.114017
30700 0.063112 0.113756
30710 0.063178 0.113797
30720 0.063467 0.114217
30730 0.063192 0.114022
30740 0.063214 0.114119
30750 0.063257 0.114788
30760 0.063448 0.114547
30770 0.063254 0.114599
30780 0.063290 0.114668
30790 0.063322 0.114771
30800 0.063347 0.115257
30810 0.063336 0.114882
30820 0.063370 0.114949
30830 0.063405 0.114985
30840 0.063404 0.115006
30850 0.063440 0.115093
30860 0.063471 0.115158
30870 0.063464 0.115253
30880 0.063486 0.115309
30890 0.063572 0.115397
30900 0.063536 0.115445
30910 0.063540 0.115558
30920 0.063575 0.115571
30930 0.063622 0.115614
30940 0.063624 0.115730
30950 0.063661 0.115838
30960 0.063648 0.115915
30970 0.063679 0.116974
30980 0.063731 0.118041
30990 0.063770 0.118070
31000 0.063776 0.118169
31010 0.063808 0.118293
31020 0.063767 0.118321
31030 0.063831 0.118407
31040 0.063869 0.118476
31050 0.063850 0.118495
31060 0.063878 0.118581
31070 0.063891 0.118619
31080 0.063998 0.116845
31090 0.063923 0.117130
31100 0.063974 0.117028
31110 0.063978 0.117499
31120 0.063997 0.117333
31130 0.063995 0.117367
31140 0.064065 0.117456
31150 0.064052 0.117594
31160 0.064295 0.120160
31170 0.064616 0.118887
31180 0.064235 0.118546
31190 0.064426 0.121510
31200 0.064457 0.120562
31210 0.064362 0.122211
31220 0.064448 0.119327
31230 0.064308 0.118477
31240 0.064241 0.118221
31250 0.064268 0.118212
31260 0.064284 0.118211
31270 0.064300 0.118540
31280 0.064309 0.118808
31290 0.064351 0.118480
31300 0.064377 0.118537
31310 0.064420 0.118559
31320 0.064396 0.118587
31330 0.064419 0.118573
31340 0.064450 0.118689
31350 0.064472 0.118779
31360 0.064468 0.118832
31370 0.064512 0.118843
31380 0.064542 0.119244
31390 0.064573 0.119410
31400 0.064587 0.119031
31410 0.064603 0.119266
31420 0.064940 0.119302
31430 0.064829 0.120016
31440 0.065210 0.119563
31450 0.064710 0.119440
31460 0.064654 0.119561
31470 0.064709 0.119663
31480 0.064729 0.119666
31490 0.064782 0.119868
31500 0.064774 0.120092
31510 0.064809 0.120144
31520 0.064842 0.120178
31530 0.064839 0.120352
31540 0.064891 0.120412
31550 0.064894 0.120089
31560 0.066449 0.120556
31570 0.064958 0.120706
31580 0.064948 0.120837
31590 0.064933 0.120800
31600 0.065011 0.120949
31610 0.064969 0.120991
31620 0.065026 0.121041
31630 0.065004 0.121158
31640 0.065052 0.121225
31650 0.070737 0.121946
31660 0.066619 0.127296
31670 0.065253 0.123973
31680 0.065178 0.123698
31690 0.065220 0.123637
31700 0.065182 0.123728
31710 0.065581 0.122045
31720 0.065236 0.121785
31730 0.065294 0.122300
31740 0.065283 0.122769
31750 0.065355 0.122267
31760 0.065344 0.122354
31770 0.065524 0.122616
31780 0.065374 0.122834
31790 0.065387 0.122862
31800 0.065412 0.123131
31810 0.065485 0.123393
31820 0.065474 0.122961
31830 0.065463 0.122924
31840 0.065548 0.123169
31850 0.065562 0.123470
31860 0.065565 0.123588
31870 0.065587 0.123641
31880 0.065624 0.123679
31890 0.065611 0.123868
31900 0.065653 0.124422
31910 0.065664 0.124054
31920 0.065636 0.124009
31930 0.065704 0.124038
31940 0.065703 0.124131
31950 0.065699 0.124747
31960 0.065737 0.124168
31970 0.065760 0.124099
31980 0.065823 0.124237
31990 0.065854 0.124242
32000 0.065828 0.124267
32010 0.065829 0.124403
32020 0.065975 0.128550
32030 0.066054 0.128565
32040 0.066063 0.127016
32050 0.065994 0.127075
32060 0.066201 0.127197
32070 0.066003 0.127056
32080 0.066014 0.127078
32090 0.065990 0.126847
32100 0.066049 0.125222
32110 0.066109 0.127319
32120 0.066078 0.127593
32130 0.066058 0.125498
32140 0.066124 0.125524
32150 0.066144 0.125600
32160 0.066143 0.125639
32170 0.066159 0.125737
32180 0.066165 0.125915
32190 0.066234 0.126141
32200 0.066209 0.125954
32210 0.066249 0.125973
32220 0.066282 0.126143
32230 0.066354 0.126525
32240 0.066327 0.126251
32250 0.066348 0.126343
32260 0.066371 0.126421
32270 0.066439 0.128206
32280 0.066412 0.127091
32290 0.066404 0.127086
32300 0.066436 0.126900
32310 0.066457 0.127281
32320 0.066524 0.127649
32330 0.067128 0.127850
32340 0.066521 0.127534
32350 0.066558 0.127677
32360 0.066582 0.127777
32370 0.066777 0.128660
32380 0.066561 0.127168
32390 0.066640 0.127659
32400 0.066645 0.127416
32410 0.066670 0.127434
32420 0.066682 0.127573
32430 0.066707 0.127648
32440 0.067202 0.127726
32450 0.066762 0.127667
32460 0.066783 0.127696
32470 0.066789 0.127818
32480 0.067664 0.128283
32490 0.066841 0.128342
32500 0.066859 0.128342
32510 0.066880 0.128406
32520 0.066901 0.128573
32530 0.066907 0.128498
32540 0.066987 0.128646
32550 0.066960 0.128750
32560 0.066988 0.128505
32570 0.066999 0.129216
32580 0.067008 0.128641
32590 0.067037 0.128635
32600 0.067058 0.128832
32610 0.067082 0.128848
32620 0.067091 0.128974
32630 0.068283 0.131176
32640 0.067183 0.131223
32650 0.067158 0.131340
32660 0.067159 0.131320
32670 0.067199 0.131611
32680 0.068503 0.129771
32690 0.067475 0.129850
32700 0.067327 0.130109
32710 0.067288 0.130145
32720 0.067298 0.130158
32730 0.067337 0.132000
32740 0.067332 0.132322
32750 0.067338 0.132195
32760 0.067374 0.131177
32770 0.067402 0.130317
32780 0.067492 0.130615
32790 0.067563 0.131153
32800 0.067589 0.130848
32810 0.067687 0.130900
32820 0.067738 0.131159
32830 0.067830 0.130805
32840 0.067875 0.130954
32850 0.067936 0.133531
32860 0.067989 0.133394
32870 0.068077 0.133310
32880 0.068132 0.133111
32890 0.068192 0.131635
32900 0.068267 0.132668
32910 0.068276 0.133709
32920 0.068344 0.133689
32930 0.069505 0.131949
32940 0.068482 0.131968
32950 0.068525 0.131975
32960 0.068616 0.132113
32970 0.068656 0.132384
32980 0.068746 0.132805
32990 0.068838 0.132353
33000 0.068842 0.132479
33010 0.068920 0.133350
33020 0.068956 0.132589
33030 0.069014 0.132660
33040 0.069070 0.132640
33050 0.069140 0.133890
33060 0.069208 0.133172
33070 0.069254 0.133128
33080 0.069350 0.133239
33090 0.069396 0.133261
33100 0.069446 0.133195
33110 0.069573 0.133355
33120 0.069538 0.133657
33130 0.070197 0.134063
33140 0.069750 0.133843
33150 0.069802 0.133885
33160 0.069852 0.133967
33170 0.069936 0.134064
33180 0.071124 0.134280
33190 0.070076 0.134192
33200 0.070151 0.134915
33210 0.070196 0.136201
33220 0.070249 0.136180
33230 0.070341 0.136244
33240 0.070376 0.136369
33250 0.070848 0.136342
33260 0.070488 0.136326
33270 0.070794 0.137730
33280 0.070652 0.136847
33290 0.070658 0.136804
33300 0.070731 0.138016
33310 0.070810 0.135313
33320 0.070852 0.135267
33330 0.070932 0.135351
33340 0.070987 0.135526
33350 0.071063 0.135756
33360 0.071144 0.135127
33370 0.071190 0.135153
33380 0.071257 0.137484
33390 0.071285 0.136537
33400 0.071369 0.135390
33410 0.071419 0.135689
33420 0.071491 0.135526
33430 0.071593 0.136679
33440 0.071619 0.138107
33450 0.071671 0.138135
33460 0.071752 0.138219
33470 0.072161 0.136031
33480 0.071871 0.136142
33490 0.071954 0.136278
33500 0.071992 0.136360
33510 0.072095 0.136404
33520 0.072124 0.136576
33530 0.072163 0.136963
33540 0.072344 0.137950
33550 0.072330 0.137362
33560 0.072547 0.137713
33570 0.072438 0.137350
33580 0.073679 0.137592
33590 0.072610 0.137517
33600 0.072625 0.137688
33610 0.072694 0.137724
33620 0.072762 0.137848
33630 0.073085 0.138041
33640 0.072875 0.137374
33650 0.072930 0.137522
33660 0.072996 0.137643
33670 0.073469 0.140165
33680 0.073120 0.140180
33690 0.073243 0.137857
33700 0.073330 0.137825
33710 0.073345 0.137948
33720 0.073679 0.140630
33730 0.073463 0.140570
33740 0.073529 0.140600
33750 0.073585 0.140681
33760 0.073632 0.141142
33770 0.073733 0.140798
33780 0.073755 0.140842
33790 0.075099 0.140787
33800 0.073887 0.140934
33810 0.074008 0.140982
33820 0.074043 0.141068
33830 0.074105 0.141140
33840 0.075243 0.139879
33850 0.074222 0.141759
33860 0.074296 0.141152
33870 0.074360 0.139977
33880 0.074433 0.139810
33890 0.074512 0.140255
33900 0.074577 0.140235
33910 0.074582 0.140208
33920 0.074636 0.140346
33930 0.074722 0.140590
33940 0.074822 0.140411
33950 0.074857 0.140415
33960 0.074913 0.140526
33970 0.075008 0.140566
33980 0.075082 0.141139
33990 0.075129 0.141025
34000 0.075231 0.140385
34010 0.075239 0.140501
34020 0.075336 0.140850
34030 0.075417 0.141415
34040 0.075457 0.141502
34050 0.075494 0.141562
34060 0.075599 0.141657
34070 0.075620 0.141555
34080 0.076157 0.141821
34090 0.075755 0.141684
34100 0.075942 0.141850
34110 0.075928 0.141879
34120 0.076540 0.143342
34130 0.076085 0.142099
34140 0.076066 0.142048
34150 0.076155 0.141938
34160 0.076206 0.141980
34170 0.076254 0.144165
34180 0.076337 0.144351
34190 0.076459 0.144345
34200 0.076476 0.144390
34210 0.076572 0.144515
34220 0.076912 0.142847
34230 0.076654 0.142891
34240 0.076751 0.143138
34250 0.076949 0.143187
34260 0.076912 0.143632
34270 0.077074 0.143481
34280 0.077006 0.143656
34290 0.077153 0.143595
34300 0.077123 0.143920
34310 0.077285 0.143511
34320 0.077229 0.143997
34330 0.077368 0.143611
34340 0.077403 0.143665
34350 0.077476 0.145064
34360 0.077551 0.145986
34370 0.077602 0.146022
34380 0.077648 0.144500
34390 0.077904 0.143809
34400 0.077782 0.144754
34410 0.077840 0.144021
34420 0.077912 0.143979
34430 0.077978 0.144126
34440 0.078018 0.144277
34450 0.078114 0.146882
34460 0.078200 0.146815
34470 0.078269 0.147094
34480 0.078320 0.146895
34490 0.078375 0.145268
34500 0.078411 0.144926
34510 0.078499 0.144985
34520 0.078575 0.145082
34530 0.078660 0.145195
34540 0.078707 0.145325
34550 0.078937 0.145518
34560 0.078790 0.146059
34570 0.078865 0.146639
34580 0.079382 0.146409
34590 0.078996 0.146181
34600 0.079129 0.146110
34610 0.079544 0.146270
34620 0.079215 0.146488
34630 0.079267 0.146678
34640 0.079338 0.146339
34650 0.079421 0.146382
34660 0.079619 0.146524
34670 0.079532 0.146577
34680 0.079566 0.146753
34690 0.079679 0.146711
34700 0.080949 0.146460
34710 0.079845 0.147467
34720 0.079879 0.146968
34730 0.079949 0.147129
34740 0.080012 0.147276
34750 0.080093 0.147323
34760 0.080178 0.147656
34770 0.080231 0.148000
34780 0.080278 0.147670
34790 0.080365 0.147773
34800 0.080759 0.148437
34810 0.080486 0.147904
34820 0.080572 0.147720
34830 0.080633 0.148512
34840 0.080653 0.148115
34850 0.080797 0.147656
34860 0.080878 0.147769
34870 0.080935 0.147794
34880 0.081013 0.148020
34890 0.081003 0.147936
34900 0.081078 0.148829
34910 0.081359 0.149355
34920 0.081431 0.149557
34930 0.081280 0.149024
34940 0.081351 0.149123
34950 0.081847 0.153414
34960 0.081514 0.151535
34970 0.082579 0.151376
34980 0.081633 0.151315
34990 0.081741 0.148587
35000 0.081736 0.148796
35010 0.081827 0.151249
35020 0.081895 0.151552
35030 0.081959 0.151499
35040 0.082013 0.151716
35050 0.082111 0.151549
35060 0.082141 0.151791
35070 0.082218 0.151668
35080 0.082293 0.151697
35090 0.082368 0.151745
35100 0.082424 0.151353
35110 0.082508 0.150937
35120 0.082596 0.152006
35130 0.083181 0.151110
35140 0.082672 0.152337
35150 0.082778 0.152296
35160 0.082831 0.152481
35170 0.082887 0.152380
35180 0.083538 0.150833
35190 0.083298 0.152018
35200 0.083250 0.153252
35210 0.083364 0.152769
35220 0.083454 0.152941
35230 0.083536 0.152967
35240 0.083779 0.155404
35250 0.083661 0.154987
35260 0.083785 0.155540
35270 0.083841 0.155155
35280 0.084017 0.155188
35290 0.083872 0.155266
35300 0.083984 0.155625
35310 0.083974 0.155511
35320 0.084089 0.155643
35330 0.084384 0.155696
35340 0.084264 0.155850
35350 0.084310 0.156894
35360 0.084369 0.156120
35370 0.084437 0.159092
35380 0.087469 0.158587
35390 0.085632 0.157329
35400 0.085160 0.154682
35410 0.088795 0.157926
35420 0.084778 0.154193
35430 0.085903 0.154764
35440 0.084906 0.153747
35450 0.084800 0.153742
35460 0.084864 0.153722
35470 0.084997 0.153656
35480 0.085017 0.153869
35490 0.085121 0.153778
35500 0.085139 0.154055
35510 0.085249 0.153814
35520 0.085262 0.154547
35530 0.085579 0.154272
35540 0.085404 0.154307
35550 0.085482 0.154404
35560 0.085565 0.154310
35570 0.085617 0.154533
35580 0.085735 0.155065
35590 0.085746 0.154583
35600 0.085794 0.154591
35610 0.085930 0.154664
35620 0.086005 0.154831
35630 0.086046 0.154947
35640 0.086473 0.157183
35650 0.086179 0.157063
35660 0.086264 0.156533
35670 0.086418 0.157323
35680 0.086566 0.157590
35690 0.086443 0.157379
35700 0.086514 0.157352
35710 0.086577 0.157443
35720 0.086644 0.157773
35730 0.086696 0.155452
35740 0.086740 0.155195
35750 0.086841 0.155346
35760 0.086926 0.155355
35770 0.088082 0.156031
35780 0.087040 0.156145
35790 0.087144 0.156268
35800 0.087194 0.156335
35810 0.088459 0.156696
35820 0.087343 0.156803
35830 0.087402 0.156831
35840 0.087516 0.156653
35850 0.087522 0.156664
35860 0.087591 0.157026
35870 0.087748 0.157045
35880 0.087777 0.157191
35890 0.087820 0.157203
35900 0.087893 0.157749
35910 0.087939 0.157461
35920 0.088016 0.157624
35930 0.089421 0.157000
35940 0.088134 0.156981
35950 0.088212 0.157128
35960 0.088304 0.157172
35970 0.089483 0.160074
35980 0.088428 0.159984
35990 0.088526 0.160000
36000 0.089774 0.157995
36010 0.088663 0.158215
36020 0.088752 0.158240
36030 0.088797 0.158301
36040 0.088886 0.158451
36050 0.089279 0.158750
36060 0.089015 0.158681
36070 0.089114 0.158479
36080 0.089168 0.158289
36090 0.089619 0.159032
36100 0.089310 0.159057
36110 0.089371 0.159193
36120 0.089471 0.159271
36130 0.089534 0.160170
36140 0.089642 0.159460
36150 0.089721 0.159312
36160 0.089706 0.159611
36170 0.089797 0.159460
36180 0.089854 0.159501
36190 0.090040 0.159945
36200 0.089991 0.160084
36210 0.090054 0.160055
36220 0.091560 0.160298
36230 0.090236 0.160159
36240 0.090305 0.160459
36250 0.090356 0.161109
36260 0.090405 0.160661
36270 0.090470 0.159943
36280 0.090565 0.159989
36290 0.090671 0.162429
36300 0.0