N  Time  average_ob  max_ob  min_ob 
10 0.000000 9.000000 15 5 
20 0.000001 27.000000 41 18 
30 0.000001 52.000000 72 41 
40 0.000001 82.000000 96 69 
50 0.000002 110.000000 139 93 
60 0.000002 131.000000 160 100 
70 0.000002 182.000000 270 133 
80 0.000003 213.000000 288 170 
90 0.000003 235.000000 267 195 
100 0.000007 275.000000 381 232 
110 0.000004 292.000000 357 244 
120 0.000005 350.000000 400 316 
130 0.000005 398.000000 484 322 
140 0.000005 406.000000 475 354 
150 0.000006 473.000000 581 417 
160 0.000006 478.000000 553 396 
170 0.000006 517.000000 618 443 
180 0.000007 586.000000 715 472 
190 0.000007 616.000000 664 550 
200 0.000008 657.000000 780 513 
210 0.000008 706.000000 889 560 
220 0.000011 766.000000 911 687 
230 0.000009 768.000000 886 684 
240 0.000010 836.000000 1097 668 
250 0.000010 855.000000 996 685 
260 0.000010 886.000000 969 798 
270 0.000011 978.000000 1114 821 
280 0.000011 1017.000000 1119 928 
290 0.000015 1053.000000 1305 898 
300 0.000013 1092.000000 1254 924 
310 0.000013 1185.000000 1401 1018 
320 0.000014 1185.000000 1284 1052 
330 0.000014 1222.000000 1707 1046 
340 0.000014 1256.000000 1527 1097 
350 0.000017 1352.000000 1557 1138 
360 0.000015 1339.000000 1561 1176 
370 0.000016 1422.000000 1692 1229 
380 0.000016 1481.000000 1719 1307 
390 0.000017 1495.000000 1820 1244 
400 0.000017 1521.000000 1710 1374 
410 0.000017 1583.000000 1785 1433 
420 0.000018 1606.000000 1927 1472 
430 0.000018 1706.000000 2057 1417 
440 0.000021 1808.000000 2195 1536 
450 0.000017 1876.000000 2297 1584 
460 0.000018 1855.000000 2082 1591 
470 0.000018 1887.000000 2075 1620 
480 0.000022 1933.000000 2146 1650 
490 0.000019 2046.000000 2420 1673 
500 0.000020 2080.000000 2502 1744 
510 0.000020 2066.000000 2360 1766 
520 0.000022 2135.000000 2417 1862 
530 0.000021 2240.000000 2709 1909 
540 0.000021 2222.000000 2333 1998 
550 0.000022 2170.000000 2480 1873 
560 0.000030 2280.000000 3130 2068 
570 0.000034 2256.000000 2491 1982 
580 0.000028 2592.000000 3083 2109 
590 0.000024 2454.000000 2769 2124 
600 0.000024 2611.000000 3164 2417 
610 0.000031 2673.000000 3202 2204 
620 0.000029 2842.000000 3352 2522 
630 0.000029 2643.000000 2814 2347 
640 0.000030 2866.000000 3190 2501 
650 0.000027 2796.000000 3114 2514 
660 0.000028 2857.000000 3851 2480 
670 0.000030 2889.000000 3500 2477 
680 0.000027 2869.000000 3268 2473 
690 0.000043 2975.000000 3780 2585 
700 0.000033 2951.000000 3294 2592 
710 0.000033 3113.000000 3855 2711 
720 0.000035 3228.000000 3513 2909 
730 0.000034 3228.000000 3848 2806 
740 0.000036 3252.000000 3969 2788 
750 0.000034 3237.000000 4038 2825 
760 0.000036 3241.000000 3662 2839 
770 0.000036 3573.000000 4062 3332 
780 0.000036 3541.000000 3899 3056 
790 0.000032 3479.000000 4295 3065 
800 0.000033 3592.000000 4795 3227 
810 0.000034 3620.000000 4057 3302 
820 0.000034 3725.000000 4606 3220 
830 0.000035 3791.000000 4328 3406 
840 0.000034 3805.000000 4401 3531 
850 0.000039 3811.000000 4550 3292 
860 0.000040 3989.000000 4312 3604 
870 0.000044 3900.000000 4346 3632 
880 0.000052 3871.000000 4305 3552 
890 0.000053 4085.000000 4514 3494 
900 0.000060 4029.000000 4720 3689 
910 0.000076 4215.000000 5042 3613 
920 0.000075 4165.000000 4550 3702 
930 0.000068 4369.000000 5140 3954 
940 0.000065 4214.000000 4741 3616 
950 0.000064 4361.000000 4978 3987 
960 0.000068 4434.000000 5414 3939 
970 0.000070 4367.000000 5150 3702 
980 0.000069 4438.000000 4951 4157 
990 0.000068 4615.000000 4974 4180 
1000 0.000068 4553.000000 5262 4396 
1010 0.000070 4794.000000 5351 4087 
1020 0.000073 4816.000000 5768 4291 
1030 0.000071 4874.000000 5432 4605 
1040 0.000061 4881.000000 5398 4174 
1050 0.000064 5110.000000 5724 4672 
1060 0.000062 5214.000000 5958 4246 
1070 0.000061 4824.000000 5459 4452 
1080 0.000064 5056.000000 5764 4377 
1090 0.000052 5085.000000 5834 4466 
1100 0.000051 5048.000000 5639 4605 
1110 0.000052 5341.000000 6096 4333 
1120 0.000063 5196.000000 5810 4716 
1130 0.000067 5322.000000 6522 4804 
1140 0.000067 5373.000000 5740 5018 
1150 0.000061 5555.000000 6318 5028 
1160 0.000061 6265.000000 7449 5740 
1170 0.000061 5578.000000 5921 5101 
1180 0.000065 5701.000000 6417 5071 
1190 0.000064 5672.000000 6379 5013 
1200 0.000064 5808.000000 6197 5247 
1210 0.000064 5783.000000 6606 5439 
1220 0.000064 5837.000000 6726 5342 
1230 0.000065 5920.000000 6462 5514 
1240 0.000065 6295.000000 7053 5613 
1250 0.000066 5909.000000 6624 5409 
1260 0.000064 6239.000000 6794 5691 
1270 0.000061 5919.000000 7287 5202 
1280 0.000061 6258.000000 7342 5526 
1290 0.000062 6579.000000 8089 5900 
1300 0.000064 6340.000000 7164 5746 
1310 0.000061 6158.000000 6978 5384 
1320 0.000059 6274.000000 7105 5657 
1330 0.000064 6795.000000 8213 5702 
1340 0.000059 6836.000000 8306 6008 
1350 0.000059 6481.000000 7559 5868 
1360 0.000060 6498.000000 7659 5688 
1370 0.000061 6526.000000 7149 6178 
1380 0.000061 6867.000000 7999 6211 
1390 0.000062 6800.000000 7443 6037 
1400 0.000062 7019.000000 7767 6453 
1410 0.000062 6987.000000 7495 6423 
1420 0.000062 7123.000000 7814 5971 
1430 0.000058 7233.000000 7929 6398 
1440 0.000058 7027.000000 7593 6233 
1450 0.000060 7157.000000 8044 6439 
1460 0.000061 7564.000000 9027 6995 
1470 0.000060 7408.000000 7876 6979 
1480 0.000060 7499.000000 9658 6222 
1490 0.000057 7697.000000 8532 6953 
1500 0.000057 7744.000000 8489 6263 
1510 0.000059 7702.000000 8705 6861 
1520 0.000058 7775.000000 8795 7011 
1530 0.000059 7659.000000 8867 6640 
1540 0.000060 7584.000000 8152 6748 
1550 0.000058 7874.000000 9224 7156 
1560 0.000057 7918.000000 8455 6943 
1570 0.000058 8045.000000 8489 7382 
1580 0.000058 7705.000000 8716 7181 
1590 0.000059 8055.000000 9254 6930 
1600 0.000060 8107.000000 9919 7194 
1610 0.000056 8145.000000 8955 7334 
1620 0.000057 8389.000000 9693 7517 
1630 0.000058 7947.000000 9198 6877 
1640 0.000058 8789.000000 10763 7941 
1650 0.000059 8590.000000 9939 7575 
1660 0.000059 8404.000000 9379 7605 
1670 0.000058 8495.000000 9259 7719 
1680 0.000057 8280.000000 9392 7333 
1690 0.000058 8709.000000 9459 8001 
1700 0.000058 8616.000000 9961 7928 
1710 0.000061 8573.000000 9096 7914 
1720 0.000059 8770.000000 9494 8334 
1730 0.000056 8821.000000 10194 8117 
1740 0.000058 8848.000000 9891 7886 
1750 0.000058 8702.000000 9354 8252 
1760 0.000057 9130.000000 10812 8415 
1770 0.000058 9351.000000 11148 8007 
1780 0.000058 9210.000000 11309 8470 
1790 0.000058 9063.000000 12163 8190 
1800 0.000058 9087.000000 10046 8116 
1810 0.000057 9350.000000 10169 8407 
1820 0.000059 9328.000000 11663 8148 
1830 0.000059 9730.000000 11664 8485 
1840 0.000059 9662.000000 10616 8924 
1850 0.000059 9492.000000 10829 8547 
1860 0.000059 9353.000000 10636 8358 
1870 0.000059 9181.000000 10611 8386 
1880 0.000060 9625.000000 10235 8948 
1890 0.000061 9701.000000 10838 8877 
1900 0.000060 10022.000000 11435 8917 
1910 0.000056 10149.000000 11631 8756 
1920 0.000057 10447.000000 11731 9708 
1930 0.000057 9960.000000 11607 9025 
1940 0.000058 10208.000000 12562 9310 
1950 0.000058 9954.000000 11097 9152 
1960 0.000059 10329.000000 11577 9258 
1970 0.000058 10583.000000 12125 9830 
1980 0.000059 11213.000000 13998 9775 
1990 0.000060 10026.000000 11104 9271 
2000 0.000059 10370.000000 11438 9212 
2010 0.000060 10267.000000 12104 8737 
2020 0.000060 10353.000000 11910 9593 
2030 0.000061 10936.000000 11848 10052 
2040 0.000062 10648.000000 11286 10229 
2050 0.000061 10963.000000 12148 9801 
2060 0.000061 10937.000000 12118 9596 
2070 0.000062 10879.000000 12364 9928 
2080 0.000062 11083.000000 13243 10087 
2090 0.000062 10744.000000 12763 9407 
2100 0.000063 10958.000000 12755 9915 
2110 0.000065 11260.000000 11916 10480 
2120 0.000064 11270.000000 13028 9526 
2130 0.000069 11327.000000 12271 9403 
2140 0.000065 11001.000000 12140 10074 
2150 0.000065 11151.000000 12281 10099 
2160 0.000066 11651.000000 13032 10080 
2170 0.000064 12111.000000 13849 10551 
2180 0.000065 11536.000000 12458 10598 
2190 0.000065 11332.000000 14050 9933 
2200 0.000066 11538.000000 13667 10677 
2210 0.000067 11575.000000 13365 9831 
2220 0.000067 11433.000000 13192 10636 
2230 0.000067 11938.000000 13496 10850 
2240 0.000067 11918.000000 12705 10850 
2250 0.000068 11866.000000 12953 11230 
2260 0.000069 11877.000000 13062 10575 
2270 0.000068 12875.000000 14851 11861 
2280 0.000071 12137.000000 13708 11132 
2290 0.000069 12049.000000 14473 11055 
2300 0.000070 12518.000000 14524 11197 
2310 0.000069 12875.000000 14842 11738 
2320 0.000071 12713.000000 13966 11768 
2330 0.000070 12323.000000 13154 10900 
2340 0.000071 12559.000000 14227 11741 
2350 0.000071 12414.000000 14475 10952 
2360 0.000072 12495.000000 13587 11311 
2370 0.000071 12866.000000 14082 10533 
2380 0.000072 12516.000000 13930 11381 
2390 0.000076 12867.000000 14837 11366 
2400 0.000073 12771.000000 13952 11433 
2410 0.000074 12779.000000 14273 11521 
2420 0.000072 12722.000000 13890 11080 
2430 0.000075 13130.000000 15426 11960 
2440 0.000074 12798.000000 14259 11643 
2450 0.000075 12826.000000 13829 11937 
2460 0.000077 13029.000000 14040 11681 
2470 0.000077 13071.000000 15419 11831 
2480 0.000075 13790.000000 15028 13024 
2490 0.000078 13873.000000 14793 12558 
2500 0.000075 14181.000000 15230 12347 
2510 0.000076 14271.000000 15646 12664 
2520 0.000078 13708.000000 14855 12685 
2530 0.000077 13624.000000 15439 12542 
2540 0.000077 14277.000000 16174 12837 
2550 0.000077 14102.000000 15818 12379 
2560 0.000078 13635.000000 15278 12206 
2570 0.000079 13826.000000 14807 12506 
2580 0.000082 14274.000000 15055 13110 
2590 0.000079 14110.000000 17038 12756 
2600 0.000081 14743.000000 16438 13024 
2610 0.000080 14063.000000 15988 12502 
2620 0.000079 14293.000000 16122 13298 
2630 0.000080 13877.000000 15301 12364 
2640 0.000082 14598.000000 16249 13332 
2650 0.000081 14115.000000 16048 12694 
2660 0.000081 14366.000000 15414 12766 
2670 0.000082 14452.000000 15455 12939 
2680 0.000082 14722.000000 15999 13764 
2690 0.000083 14446.000000 16289 13604 
2700 0.000084 14876.000000 16315 13297 
2710 0.000082 14967.000000 15865 13454 
2720 0.000085 15356.000000 17019 12405 
2730 0.000085 14782.000000 17111 13425 
2740 0.000084 14868.000000 15977 13534 
2750 0.000086 15222.000000 16259 14112 
2760 0.000085 15078.000000 17145 13304 
2770 0.000085 15950.000000 21030 14061 
2780 0.000085 15148.000000 17808 13976 
2790 0.000086 16130.000000 17710 14811 
2800 0.000086 15909.000000 18181 14310 
2810 0.000089 15527.000000 16653 13771 
2820 0.000087 15926.000000 18093 14683 
2830 0.000087 15238.000000 17297 13732 
2840 0.000088 16615.000000 20095 14978 
2850 0.000089 15712.000000 16865 14573 
2860 0.000090 15787.000000 17243 14403 
2870 0.000089 15884.000000 17936 14487 
2880 0.000088 16999.000000 19580 15763 
2890 0.000090 15875.000000 17753 14298 
2900 0.000089 16215.000000 18280 14427 
2910 0.000089 15626.000000 17903 14689 
2920 0.000092 16252.000000 19253 15212 
2930 0.000091 16002.000000 17962 14926 
2940 0.000091 16883.000000 18553 15407 
2950 0.000091 16735.000000 18388 15095 
2960 0.000091 16462.000000 18594 15112 
2970 0.000094 16246.000000 17155 15042 
2980 0.000093 16573.000000 17965 15663 
2990 0.000094 16291.000000 17516 14897 
3000 0.000093 16920.000000 19158 15084 
3010 0.000093 17404.000000 19063 15319 
3020 0.000095 16617.000000 18093 15725 
3030 0.000094 16878.000000 18739 15049 
3040 0.000095 17219.000000 18281 15747 
3050 0.000095 16786.000000 19098 14983 
3060 0.000096 17299.000000 19770 14769 
3070 0.000098 17098.000000 19955 15003 
3080 0.000097 17178.000000 18448 15798 
3090 0.000096 17277.000000 20256 15570 
3100 0.000099 17217.000000 19316 15813 
3110 0.000096 17712.000000 19389 16193 
3120 0.000098 17123.000000 18836 15063 
3130 0.000097 17537.000000 19356 16133 
3140 0.000098 17669.000000 19114 16202 
3150 0.000098 17988.000000 19406 16642 
3160 0.000099 17937.000000 21287 16392 
3170 0.000101 18315.000000 20638 15870 
3180 0.000100 18455.000000 21272 16907 
3190 0.000100 18023.000000 21083 15548 
3200 0.000100 18086.000000 20098 16523 
3210 0.000102 18777.000000 21463 16869 
3220 0.000102 19099.000000 22233 17099 
3230 0.000102 18289.000000 19240 17218 
3240 0.000102 17997.000000 19686 16034 
3250 0.000102 18515.000000 20588 16427 
3260 0.000103 18313.000000 20225 16768 
3270 0.000102 18264.000000 22178 14972 
3280 0.000102 17763.000000 18973 16798 
3290 0.000103 18881.000000 21937 17376 
3300 0.000103 18534.000000 20205 15724 
3310 0.000107 18664.000000 20735 17393 
3320 0.000105 19253.000000 20966 17864 
3330 0.000105 18799.000000 20812 17158 
3340 0.000105 18563.000000 19626 17246 
3350 0.000105 19006.000000 20416 16890 
3360 0.000106 19143.000000 20605 17835 
3370 0.000106 19270.000000 23871 17689 
3380 0.000107 19625.000000 22183 17491 
3390 0.000107 18917.000000 21302 17357 
3400 0.000111 19232.000000 20990 17796 
3410 0.000109 20049.000000 21901 17399 
3420 0.000108 20328.000000 24231 17835 
3430 0.000109 19614.000000 20969 18271 
3440 0.000110 18703.000000 20334 17574 
3450 0.000108 19142.000000 21168 17543 
3460 0.000109 19343.000000 21968 17888 
3470 0.000109 19837.000000 21780 18097 
3480 0.000112 20594.000000 22836 18578 
3490 0.000112 20508.000000 24567 17169 
3500 0.000111 20949.000000 22665 18567 
3510 0.000111 20893.000000 23480 18883 
3520 0.000113 19498.000000 21035 18181 
3530 0.000114 20487.000000 24923 18534 
3540 0.000112 20415.000000 21823 18789 
3550 0.000112 19958.000000 22502 18576 
3560 0.000114 21103.000000 24367 18658 
3570 0.000117 21156.000000 24276 19714 
3580 0.000113 19867.000000 23057 18344 
3590 0.000112 21128.000000 22599 19423 
3600 0.000114 21508.000000 23846 19306 
3610 0.000117 20187.000000 21610 18390 
3620 0.000114 21011.000000 22533 19709 
3630 0.000116 20559.000000 24452 18199 
3640 0.000117 20897.000000 22136 19880 
3650 0.000117 20254.000000 22381 18908 
3660 0.000116 20545.000000 22051 17936 
3670 0.000116 21322.000000 24986 19541 
3680 0.000117 21323.000000 23224 19212 
3690 0.000116 21472.000000 23597 19378 
3700 0.000120 21332.000000 22447 19780 
3710 0.000118 21320.000000 23519 19207 
3720 0.000118 21302.000000 22866 19677 
3730 0.000119 21575.000000 23817 19867 
3740 0.000119 21664.000000 24562 19837 
3750 0.000118 21243.000000 23910 19710 
3760 0.000120 22668.000000 26730 20326 
3770 0.000120 22463.000000 24394 20041 
3780 0.000122 22421.000000 25759 20064 
3790 0.000123 22117.000000 24472 20441 
3800 0.000120 22189.000000 23706 19894 
3810 0.000121 22000.000000 24038 20546 
3820 0.000121 21955.000000 24617 19896 
3830 0.000121 22279.000000 24409 21212 
3840 0.000122 22339.000000 24296 19901 
3850 0.000125 22443.000000 23966 20477 
3860 0.000124 22197.000000 25130 19598 
3870 0.000124 22890.000000 24041 21528 
3880 0.000124 22641.000000 24705 20281 
3890 0.000127 23265.000000 25336 21865 
3900 0.000124 22619.000000 25361 20188 
3910 0.000124 23108.000000 24113 21356 
3920 0.000126 23165.000000 23953 21688 
3930 0.000127 22455.000000 25460 20646 
3940 0.000126 22934.000000 27948 20777 
3950 0.000125 23542.000000 27282 20525 
3960 0.000129 22917.000000 26612 20477 
3970 0.000128 22740.000000 24401 21394 
3980 0.000126 23550.000000 28033 21394 
3990 0.000127 23534.000000 26430 19825 
4000 0.000127 23196.000000 25128 21263 
4010 0.000129 23180.000000 25205 19795 
4020 0.000128 24138.000000 26230 21148 
4030 0.000129 23057.000000 25871 21401 
4040 0.000131 24011.000000 25938 22552 
4050 0.000130 23942.000000 27056 22071 
4060 0.000132 23745.000000 27246 22330 
4070 0.000130 24198.000000 26265 22192 
4080 0.000132 23091.000000 25201 21761 
4090 0.000130 23113.000000 24997 21783 
4100 0.000131 23905.000000 26490 20707 
4110 0.000132 24218.000000 27830 22665 
4120 0.000132 23756.000000 26200 21796 
4130 0.000133 23390.000000 25028 21453 
4140 0.000135 23670.000000 28134 21610 
4150 0.000135 23852.000000 25311 22347 
4160 0.000133 24325.000000 27219 22399 
4170 0.000133 23843.000000 26370 21044 
4180 0.000134 24855.000000 27242 23040 
4190 0.000137 24349.000000 26735 21571 
4200 0.000134 25127.000000 28362 22448 
4210 0.000135 25223.000000 30200 21739 
4220 0.000138 24329.000000 27434 22390 
4230 0.000135 24948.000000 27780 21779 
4240 0.000137 25211.000000 28131 23565 
4250 0.000136 25684.000000 27961 23713 
4260 0.000138 25334.000000 27722 23415 
4270 0.000137 24941.000000 27595 22827 
4280 0.000137 25565.000000 30054 22938 
4290 0.000138 25560.000000 30375 21654 
4300 0.000141 24298.000000 25532 22290 
4310 0.000139 25293.000000 27205 23538 
4320 0.000141 25480.000000 28134 23141 
4330 0.000143 25165.000000 27992 22607 
4340 0.000139 24788.000000 26207 22964 
4350 0.000140 24908.000000 29534 22755 
4360 0.000142 26314.000000 28261 24619 
4370 0.000142 25345.000000 27481 23812 
4380 0.000140 26502.000000 29820 24345 
4390 0.000144 26432.000000 29464 22761 
4400 0.000142 25526.000000 28355 23054 
4410 0.000142 26100.000000 28053 23931 
4420 0.000143 26138.000000 32756 24337 
4430 0.000146 26533.000000 28888 24749 
4440 0.000143 27289.000000 31774 25450 
4450 0.000145 27531.000000 30255 25406 
4460 0.000145 27146.000000 30322 23042 
4470 0.000145 26391.000000 28234 23738 
4480 0.000145 26423.000000 29718 24156 
4490 0.000147 26252.000000 28644 25105 
4500 0.000146 27033.000000 30884 24743 
4510 0.000146 26794.000000 30384 24532 
4520 0.000147 26587.000000 28280 25285 
4530 0.000150 27043.000000 30673 24489 
4540 0.000148 26681.000000 28586 25270 
4550 0.000148 26267.000000 29386 23102 
4560 0.000149 27117.000000 29958 25628 
4570 0.000149 26614.000000 30618 25014 
4580 0.000149 26596.000000 28838 24991 
4590 0.000153 27188.000000 30304 24979 
4600 0.000152 26903.000000 29708 25744 
4610 0.000149 27994.000000 32425 25223 
4620 0.000152 27755.000000 30077 24324 
4630 0.000150 27440.000000 30472 25837 
4640 0.000151 26432.000000 29028 24270 
4650 0.000153 28255.000000 32727 25938 
4660 0.000152 27898.000000 30756 24665 
4670 0.000153 27631.000000 29411 25644 
4680 0.000150 27562.000000 31283 24654 
4690 0.000151 28919.000000 30772 27769 
4700 0.000152 27851.000000 31258 24840 
4710 0.000152 27082.000000 32878 24612 
4720 0.000156 28123.000000 29963 26561 
4730 0.000152 28763.000000 31798 25273 
4740 0.000157 27706.000000 31560 25669 
4750 0.000157 28344.000000 30317 26598 
4760 0.000155 28596.000000 30350 26366 
4770 0.000157 28150.000000 30859 26264 
4780 0.000158 28453.000000 30558 26224 
4790 0.000155 28143.000000 30586 25814 
4800 0.000155 28394.000000 30862 27068 
4810 0.000160 28842.000000 31124 27491 
4820 0.000157 28248.000000 31924 25882 
4830 0.000158 29024.000000 31748 26268 
4840 0.000158 29543.000000 32541 26960 
4850 0.000158 29580.000000 35130 27281 
4860 0.000158 28807.000000 30863 26221 
4870 0.000162 29402.000000 34344 26217 
4880 0.000160 30044.000000 33448 27680 
4890 0.000159 29255.000000 32111 27447 
4900 0.000161 29659.000000 32003 27256 
4910 0.000160 29256.000000 31869 25780 
4920 0.000162 30825.000000 37253 28191 
4930 0.000163 29825.000000 35650 26702 
4940 0.000161 29908.000000 33538 27818 
4950 0.000163 29760.000000 32189 27733 
4960 0.000163 31409.000000 36264 28433 
4970 0.000163 30004.000000 33708 27627 
4980 0.000162 30991.000000 35422 28368 
4990 0.000164 29385.000000 32447 27250 
5000 0.000163 29389.000000 31265 27373 
5010 0.000163 30434.000000 34477 27647 
5020 0.000167 30467.000000 32208 28326 
5030 0.000165 30969.000000 34954 27404 
5040 0.000166 30043.000000 33573 27676 
5050 0.000165 31019.000000 35007 27711 
5060 0.000165 30467.000000 33773 28480 
5070 0.000169 30822.000000 35019 27806 
5080 0.000168 29833.000000 32186 26624 
5090 0.000168 29611.000000 34121 27038 
5100 0.000169 31144.000000 35454 28689 
5110 0.000169 32062.000000 35538 28777 
5120 0.000168 30504.000000 32207 27556 
5130 0.000170 31046.000000 34304 28158 
5140 0.000169 30889.000000 33110 29056 
5150 0.000169 30473.000000 34816 27701 
5160 0.000172 30364.000000 32238 28426 
5170 0.000173 30252.000000 31857 28052 
5180 0.000170 31503.000000 34375 29392 
5190 0.000173 32081.000000 34522 29770 
5200 0.000171 30996.000000 32777 28738 
5210 0.000174 31373.000000 34021 29221 
5220 0.000171 33190.000000 37232 28385 
5230 0.000172 32923.000000 37514 28137 
5240 0.000173 30918.000000 32929 29137 
5250 0.000172 32919.000000 38131 29924 
5260 0.000173 31781.000000 39434 28307 
5270 0.000176 32061.000000 34299 28800 
5280 0.000173 32014.000000 34725 29921 
5290 0.000173 33357.000000 38524 30340 
5300 0.000176 32355.000000 36934 29676 
5310 0.000175 33252.000000 38739 30252 
5320 0.000178 31719.000000 35332 29204 
5330 0.000178 32349.000000 34149 31008 
5340 0.000174 32865.000000 35736 31224 
5350 0.000178 32250.000000 35833 29054 
5360 0.000176 32107.000000 34940 29449 
5370 0.000178 32665.000000 37466 29480 
5380 0.000179 33337.000000 39250 30150 
5390 0.000177 33090.000000 36044 30775 
5400 0.000180 32497.000000 33474 31611 
5410 0.000179 33982.000000 36983 31367 
5420 0.000178 32483.000000 36402 28597 
5430 0.000179 33675.000000 36679 30687 
5440 0.000179 33727.000000 38676 29706 
5450 0.000179 33786.000000 38046 31608 
5460 0.000185 33200.000000 35538 31044 
5470 0.000180 32567.000000 36867 29676 
5480 0.000181 33088.000000 36313 30617 
5490 0.000181 33775.000000 36179 30635 
5500 0.000181 32913.000000 36865 29489 
5510 0.000184 34251.000000 37145 32188 
5520 0.000184 34381.000000 37127 31956 
5530 0.000183 34569.000000 37961 30528 
5540 0.000183 34071.000000 36125 30790 
5550 0.000184 34048.000000 37815 31410 
5560 0.000185 32780.000000 37693 29987 
5570 0.000185 35098.000000 40074 31931 
5580 0.000184 32459.000000 36705 30965 
5590 0.000187 33977.000000 39200 30243 
5600 0.000186 33901.000000 36409 31171 
5610 0.000186 33508.000000 35765 31344 
5620 0.000187 35745.000000 40996 32085 
5630 0.000187 35886.000000 40366 32098 
5640 0.000188 34859.000000 39117 32025 
5650 0.000186 35067.000000 39632 31280 
5660 0.000189 34357.000000 42123 31329 
5670 0.000187 36239.000000 39997 33613 
5680 0.000188 34504.000000 40297 31996 
5690 0.000190 35157.000000 38405 32248 
5700 0.000192 36162.000000 38999 34262 
5710 0.000188 34387.000000 37993 31709 
5720 0.000192 36782.000000 41473 33535 
5730 0.000192 33888.000000 37112 31436 
5740 0.000193 35458.000000 39605 32874 
5750 0.000193 36262.000000 42809 32620 
5760 0.000191 36556.000000 39159 34556 
5770 0.000192 35154.000000 41069 31998 
5780 0.000193 35224.000000 36771 32747 
5790 0.000195 36103.000000 39992 32463 
5800 0.000195 35266.000000 41289 32435 
5810 0.000199 35049.000000 38985 32470 
5820 0.000196 35698.000000 39471 31950 
5830 0.000195 35821.000000 43996 32956 
5840 0.000197 36864.000000 39849 34048 
5850 0.000196 35678.000000 41382 32236 
5860 0.000197 37477.000000 41739 34371 
5870 0.000195 36425.000000 41129 32274 
5880 0.000197 36414.000000 40110 33930 
5890 0.000197 35709.000000 39752 32240 
5900 0.000196 35421.000000 38340 32891 
5910 0.000199 36244.000000 38930 32064 
5920 0.000200 35667.000000 37478 33762 
5930 0.000198 36399.000000 40570 32328 
5940 0.000199 36276.000000 42700 30751 
5950 0.000198 36758.000000 40258 32854 
5960 0.000201 35712.000000 37522 34239 
5970 0.000201 36136.000000 41139 32985 
5980 0.000199 36517.000000 39731 32569 
5990 0.000201 37412.000000 40132 33532 
6000 0.000198 37309.000000 41987 33193 
6010 0.000204 37671.000000 39486 34232 
6020 0.000204 36934.000000 38951 34832 
6030 0.000203 37516.000000 40382 35121 
6040 0.000200 37480.000000 42003 34260 
6050 0.000200 37213.000000 41835 33760 
6060 0.000203 36618.000000 41408 34044 
6070 0.000202 37292.000000 41258 33829 
6080 0.000206 37380.000000 43319 34217 
6090 0.000202 38391.000000 46093 35691 
6100 0.000204 38003.000000 44899 33383 
6110 0.000204 37830.000000 41896 34861 
6120 0.000204 38558.000000 42680 33476 
6130 0.000206 37610.000000 39833 34826 
6140 0.000208 38440.000000 40930 35226 
6150 0.000208 39272.000000 42887 35380 
6160 0.000205 37174.000000 42106 34398 
6170 0.000207 38227.000000 41366 34970 
6180 0.000206 39732.000000 45981 33445 
6190 0.000207 38922.000000 42240 33969 
6200 0.000209 39251.000000 43547 35898 
6210 0.000208 38457.000000 41919 34988 
6220 0.000209 37611.000000 40554 35056 
6230 0.000208 38430.000000 42982 34367 
6240 0.000213 38608.000000 44441 34879 
6250 0.000208 39107.000000 46093 34159 
6260 0.000209 38249.000000 40071 36287 
6270 0.000211 38235.000000 41292 33471 
6280 0.000212 39518.000000 41914 35955 
6290 0.000217 38463.000000 45678 34367 
6300 0.000211 38545.000000 40316 36569 
6310 0.000214 38875.000000 43568 36056 
6320 0.000213 38551.000000 40780 35700 
6330 0.000213 39941.000000 44047 36694 
6340 0.000215 39237.000000 48417 35263 
6350 0.000213 39294.000000 43905 35789 
6360 0.000213 41658.000000 47748 36720 
6370 0.000213 39811.000000 42601 36247 
6380 0.000216 39608.000000 42217 37383 
6390 0.000217 39427.000000 42575 36822 
6400 0.000217 40905.000000 47316 37420 
6410 0.000216 40158.000000 46278 35833 
6420 0.000217 40924.000000 44666 37084 
6430 0.000216 39806.000000 44178 34839 
6440 0.000220 38383.000000 42116 35335 
6450 0.000216 40343.000000 43271 36117 
6460 0.000215 41788.000000 49200 34814 
6470 0.000220 38935.000000 43567 35414 
6480 0.000217 40785.000000 44169 37045 
6490 0.000220 40576.000000 41597 36572 
6500 0.000217 41008.000000 43949 37610 
6510 0.000220 40521.000000 44025 38033 
6520 0.000219 40712.000000 46220 38308 
6530 0.000219 42728.000000 47567 38463 
6540 0.000220 41295.000000 45113 36156 
6550 0.000225 40523.000000 43230 37067 
6560 0.000219 42430.000000 45429 36547 
6570 0.000221 41013.000000 43310 38012 
6580 0.000222 40953.000000 43570 37501 
6590 0.000222 42378.000000 46245 36792 
6600 0.000225 41008.000000 44398 36638 
6610 0.000223 42041.000000 47614 38738 
6620 0.000224 40838.000000 45051 36714 
6630 0.000223 40754.000000 44039 37786 
6640 0.000225 43176.000000 46821 38265 
6650 0.000225 41534.000000 48037 38853 
6660 0.000227 41735.000000 47166 37001 
6670 0.000225 42422.000000 45363 39437 
6680 0.000228 42476.000000 45466 39780 
6690 0.000228 41785.000000 43397 38857 
6700 0.000228 42325.000000 48504 39586 
6710 0.000227 41331.000000 45526 38702 
6720 0.000228 42765.000000 56521 38066 
6730 0.000229 41902.000000 45728 38659 
6740 0.000228 41830.000000 45665 38356 
6750 0.000227 41192.000000 46577 37828 
6760 0.000229 42505.000000 46413 36885 
6770 0.000230 41675.000000 45961 39096 
6780 0.000230 42294.000000 46513 37339 
6790 0.000232 42892.000000 47375 39097 
6800 0.000230 42356.000000 47330 39796 
6810 0.000234 43043.000000 48839 37103 
6820 0.000232 42986.000000 47385 38876 
6830 0.000234 43756.000000 50210 40165 
6840 0.000234 43298.000000 45403 40270 
6850 0.000235 42523.000000 44006 40101 
6860 0.000234 42080.000000 45684 39231 
6870 0.000234 42773.000000 48009 39551 
6880 0.000235 43175.000000 47051 39060 
6890 0.000235 41033.000000 42467 38875 
6900 0.000235 44470.000000 47797 42980 
6910 0.000235 44785.000000 49608 40383 
6920 0.000236 42892.000000 46048 39983 
6930 0.000236 43964.000000 48232 41416 
6940 0.000236 43534.000000 53426 38046 
6950 0.000236 43762.000000 48092 41250 
6960 0.000236 43152.000000 52394 39539 
6970 0.000239 43703.000000 47677 39574 
6980 0.000237 43643.000000 47588 40213 
6990 0.000239 44484.000000 49706 39551 
7000 0.000237 45023.000000 49773 41802 
7010 0.000245 44538.000000 49347 41429 
7020 0.000238 43717.000000 47228 39941 
7030 0.000241 45129.000000 49470 39638 
7040 0.000237 44248.000000 48653 39804 
7050 0.000242 46026.000000 54405 41091 
7060 0.000241 44153.000000 49925 41393 
7070 0.000241 44088.000000 47249 41788 
7080 0.000242 44155.000000 45845 42347 
7090 0.000241 44749.000000 48034 41410 
7100 0.000241 44680.000000 48213 40995 
7110 0.000244 43494.000000 45687 40546 
7120 0.000241 43234.000000 47000 40419 
7130 0.000242 45312.000000 48771 42352 
7140 0.000241 45018.000000 48749 41144 
7150 0.000247 46360.000000 51410 43120 
7160 0.000243 44857.000000 48259 42594 
7170 0.000246 46905.000000 49990 43409 
7180 0.000246 45776.000000 50924 42621 
7190 0.000247 46320.000000 50427 42693 
7200 0.000245 46342.000000 49541 41645 
7210 0.000248 45781.000000 49302 41765 
7220 0.000246 45258.000000 48869 40543 
7230 0.000248 45578.000000 52324 42586 
7240 0.000246 46391.000000 52519 42479 
7250 0.000247 45626.000000 49082 41971 
7260 0.000247 47657.000000 52059 44471 
7270 0.000249 47132.000000 51835 44443 
7280 0.000250 46333.000000 48054 43760 
7290 0.000252 46251.000000 51420 43237 
7300 0.000249 46598.000000 50112 42182 
7310 0.000254 48135.000000 51757 45881 
7320 0.000250 47189.000000 51405 41526 
7330 0.000251 46812.000000 49962 44299 
7340 0.000252 46878.000000 51443 42740 
7350 0.000250 47568.000000 50319 43555 
7360 0.000255 46631.000000 51429 42971 
7370 0.000254 47497.000000 49710 44549 
7380 0.000252 46841.000000 53061 43300 
7390 0.000252 47747.000000 51850 42872 
7400 0.000255 46927.000000 58177 41092 
7410 0.000254 47160.000000 54524 44172 
7420 0.000257 48373.000000 52663 44976 
7430 0.000253 48126.000000 55709 44184 
7440 0.000255 48600.000000 50394 45729 
7450 0.000253 48239.000000 56259 43054 
7460 0.000257 45991.000000 49340 43011 
7470 0.000254 48634.000000 54953 43274 
7480 0.000257 47415.000000 51481 43346 
7490 0.000258 46830.000000 49959 43985 
7500 0.000258 47606.000000 52396 43021 
7510 0.000261 49145.000000 54398 45311 
7520 0.000259 47793.000000 53052 45810 
7530 0.000259 47989.000000 51065 45023 
7540 0.000260 48238.000000 50637 43868 
7550 0.000260 49279.000000 54620 44955 
7560 0.000260 48580.000000 53233 45808 
7570 0.000261 48801.000000 53393 45752 
7580 0.000264 50241.000000 61693 45587 
7590 0.000261 48386.000000 53974 45050 
7600 0.000260 49226.000000 54684 44746 
7610 0.000263 48872.000000 52891 44628 
7620 0.000265 48619.000000 56486 45665 
7630 0.000261 48496.000000 52804 45338 
7640 0.000263 50618.000000 53204 47345 
7650 0.000260 48076.000000 53434 43295 
7660 0.000268 47667.000000 50578 44833 
7670 0.000263 47799.000000 52378 44123 
7680 0.000264 47648.000000 51366 43360 
7690 0.000264 47697.000000 54573 43647 
7700 0.000264 48896.000000 52224 46702 
7710 0.000266 49289.000000 53147 45055 
7720 0.000264 51017.000000 54079 47217 
7730 0.000268 49267.000000 52988 47163 
7740 0.000264 48790.000000 51778 43973 
7750 0.000269 50855.000000 58519 46281 
7760 0.000265 50559.000000 56233 47114 
7770 0.000267 50061.000000 53946 47228 
7780 0.000265 50650.000000 54686 46806 
7790 0.000269 49961.000000 53681 47439 
7800 0.000271 50691.000000 57935 45573 
7810 0.000270 52257.000000 56861 46776 
7820 0.000276 49652.000000 53313 46360 
7830 0.000271 51921.000000 63808 45297 
7840 0.000271 51759.000000 54119 49682 
7850 0.000270 51320.000000 56647 48144 
7860 0.000272 50960.000000 58040 44485 
7870 0.000271 51400.000000 58740 46158 
7880 0.000276 51161.000000 59061 47305 
7890 0.000274 50290.000000 54573 46333 
7900 0.000274 49943.000000 53413 46761 
7910 0.000275 50333.000000 52751 47078 
7920 0.000272 52038.000000 56863 49180 
7930 0.000275 51813.000000 56646 49206 
7940 0.000274 49547.000000 52016 46643 
7950 0.000281 53082.000000 61824 48731 
7960 0.000276 52041.000000 57957 46935 
7970 0.000273 50879.000000 56174 46572 
7980 0.000278 50575.000000 54410 47407 
7990 0.000276 52101.000000 58446 47289 
8000 0.000276 52681.000000 59364 47870 
8010 0.000276 51629.000000 57164 47709 
8020 0.000275 52367.000000 60231 45607 
8030 0.000279 50379.000000 54337 46593 
8040 0.000280 51284.000000 55619 47423 
8050 0.000280 51730.000000 56639 46857 
8060 0.000278 52399.000000 56275 48624 
8070 0.000283 52253.000000 55788 45037 
8080 0.000281 51819.000000 58822 48060 
8090 0.000278 52005.000000 55415 46269 
8100 0.000281 54503.000000 63844 47653 
8110 0.000284 52089.000000 55768 49233 
8120 0.000284 52105.000000 55181 46932 
8130 0.000278 54235.000000 60606 50672 
8140 0.000283 50973.000000 54807 46878 
8150 0.000286 50544.000000 54850 45920 
8160 0.000281 52773.000000 56264 48967 
8170 0.000287 52442.000000 59928 48212 
8180 0.000284 50501.000000 55962 46975 
8190 0.000284 52727.000000 59047 47614 
8200 0.000283 51045.000000 57515 46790 
8210 0.000281 54036.000000 64388 47037 
8220 0.000290 53854.000000 61365 49293 
8230 0.000284 52043.000000 56004 48651 
8240 0.000286 54672.000000 64362 48451 
8250 0.000286 53296.000000 57905 46638 
8260 0.000286 52849.000000 56570 48709 
8270 0.000290 53357.000000 59082 49092 
8280 0.000285 52977.000000 57329 49336 
8290 0.000290 53857.000000 59099 48292 
8300 0.000291 53191.000000 58135 49062 
8310 0.000285 53281.000000 56653 48426 
8320 0.000288 54614.000000 59892 48282 
8330 0.000289 53362.000000 60370 48995 
8340 0.000291 53890.000000 58716 50633 
8350 0.000291 54880.000000 65575 48803 
8360 0.000293 55639.000000 62677 52173 
8370 0.000293 52883.000000 59247 49774 
8380 0.000291 52959.000000 54882 49372 
8390 0.000291 54376.000000 59756 48357 
8400 0.000292 54455.000000 65676 50214 
8410 0.000293 55964.000000 58439 52292 
8420 0.000295 55471.000000 59059 52176 
8430 0.000293 56116.000000 68697 50547 
8440 0.000295 53744.000000 58767 49475 
8450 0.000297 55296.000000 65283 49401 
8460 0.000291 56307.000000 61328 51726 
8470 0.000295 55868.000000 62717 48838 
8480 0.000297 55736.000000 60820 52299 
8490 0.000293 55124.000000 60833 50313 
8500 0.000297 53737.000000 57153 50756 
8510 0.000294 56579.000000 62346 52607 
8520 0.000300 55552.000000 62724 51911 
8530 0.000297 56725.000000 59880 52687 
8540 0.000296 54519.000000 60710 51001 
8550 0.000298 58222.000000 64281 54021 
8560 0.000298 56841.000000 62934 52811 
8570 0.000297 54577.000000 60389 51284 
8580 0.000300 54256.000000 57455 50291 
8590 0.000295 57538.000000 63608 51381 
8600 0.000305 54907.000000 58728 50163 
8610 0.000300 57020.000000 58757 54066 
8620 0.000297 55897.000000 62067 50675 
8630 0.000304 58769.000000 64617 54138 
8640 0.000301 56904.000000 63572 53166 
8650 0.000302 57208.000000 63833 49485 
8660 0.000302 56473.000000 64240 49393 
8670 0.000302 55628.000000 59794 50351 
8680 0.000301 56118.000000 60677 49066 
8690 0.000303 55878.000000 60425 52486 
8700 0.000306 55463.000000 58058 52688 
8710 0.000305 58351.000000 67762 53379 
8720 0.000303 58463.000000 62889 52167 
8730 0.000303 56839.000000 64825 51459 
8740 0.000309 56235.000000 68179 50011 
8750 0.000305 56788.000000 64327 52270 
8760 0.000306 55844.000000 62344 50908 
8770 0.000307 57844.000000 67085 51656 
8780 0.000305 56233.000000 61250 53271 
8790 0.000308 57475.000000 62235 54199 
8800 0.000308 56728.000000 64974 51568 
8810 0.000304 58242.000000 67966 51634 
8820 0.000309 58181.000000 63005 52994 
8830 0.000309 57801.000000 67613 51743 
8840 0.000305 56170.000000 63243 51327 
8850 0.000311 60440.000000 69089 53448 
8860 0.000309 58271.000000 67868 53079 
8870 0.000313 58217.000000 66985 52653 
8880 0.000313 57486.000000 64927 52391 
8890 0.000309 57562.000000 70177 54083 
8900 0.000311 58086.000000 63959 53757 
8910 0.000310 57033.000000 61483 51829 
8920 0.000313 59709.000000 70995 55665 
8930 0.000315 59344.000000 65178 55479 
8940 0.000313 56915.000000 62623 52827 
8950 0.000313 57896.000000 69228 52254 
8960 0.000314 59035.000000 66626 53947 
8970 0.000313 59012.000000 64275 55599 
8980 0.000317 59105.000000 71340 53385 
8990 0.000319 60079.000000 64452 54944 
9000 0.000316 58674.000000 69480 53930 
9010 0.000314 58572.000000 69252 53410 
9020 0.000317 58823.000000 67059 52140 
9030 0.000319 59390.000000 67383 54482 
9040 0.000316 57514.000000 62005 54222 
9050 0.000316 60087.000000 66653 55062 
9060 0.000321 60289.000000 67951 56112 
9070 0.000320 61078.000000 73750 56164 
9080 0.000318 59696.000000 63592 55917 
9090 0.000320 63927.000000 70180 59365 
9100 0.000319 58057.000000 62042 52439 
9110 0.000321 61030.000000 66309 55666 
9120 0.000318 59744.000000 64318 55291 
9130 0.000322 58743.000000 62989 54453 
9140 0.000320 58790.000000 64441 52289 
9150 0.000319 58619.000000 63435 54228 
9160 0.000320 57970.000000 61827 54243 
9170 0.000321 56822.000000 61661 53814 
9180 0.000322 60113.000000 68437 55307 
9190 0.000322 60975.000000 72479 56811 
9200 0.000321 60064.000000 71434 53822 
9210 0.000324 60558.000000 67677 55551 
9220 0.000325 60524.000000 66584 56417 
9230 0.000324 60982.000000 70583 56334 
9240 0.000323 63441.000000 68354 54100 
9250 0.000324 61461.000000 72590 56090 
9260 0.000331 59742.000000 62376 55868 
9270 0.000327 60746.000000 66569 55257 
9280 0.000325 62829.000000 70526 59257 
9290 0.000328 62116.000000 66543 57817 
9300 0.000326 62020.000000 69759 56597 
9310 0.000326 61497.000000 68021 57454 
9320 0.000328 60841.000000 65559 55400 
9330 0.000329 62227.000000 66821 58065 
9340 0.000327 61641.000000 66436 57612 
9350 0.000329 62045.000000 72240 55258 
9360 0.000328 59780.000000 63512 53743 
9370 0.000326 61782.000000 69297 53922 
9380 0.000331 62674.000000 69991 57184 
9390 0.000332 61809.000000 66833 56984 
9400 0.000327 62544.000000 70255 56143 
9410 0.000328 61903.000000 66872 57931 
9420 0.000329 64147.000000 74687 56506 
9430 0.000330 63019.000000 67379 56778 
9440 0.000329 63621.000000 71428 54274 
9450 0.000333 62747.000000 68622 58666 
9460 0.000334 60048.000000 65449 56930 
9470 0.000327 62424.000000 67608 55082 
9480 0.000331 60466.000000 64116 55689 
9490 0.000333 61794.000000 68021 56032 
9500 0.000333 59900.000000 64993 55186 
9510 0.000335 61929.000000 66589 58180 
9520 0.000336 61117.000000 75071 55276 
9530 0.000333 61618.000000 68544 57444 
9540 0.000334 64140.000000 68766 59177 
9550 0.000335 64924.000000 74113 55201 
9560 0.000336 63788.000000 70721 57194 
9570 0.000336 62937.000000 71614 58762 
9580 0.000336 64795.000000 74277 58951 
9590 0.000338 63407.000000 72976 54054 
9600 0.000337 61582.000000 66220 56888 
9610 0.000338 62971.000000 70353 59427 
9620 0.000340 63334.000000 72738 59034 
9630 0.000336 64453.000000 71248 56256 
9640 0.000339 62837.000000 73858 58900 
9650 0.000342 62760.000000 64697 57735 
9660 0.000341 62947.000000 71487 57851 
9670 0.000340 62935.000000 67529 56585 
9680 0.000341 63026.000000 66344 59192 
9690 0.000344 63555.000000 69597 59498 
9700 0.000342 63556.000000 67566 56472 
9710 0.000340 63749.000000 70279 59314 
9720 0.000342 63383.000000 70794 58148 
9730 0.000342 64174.000000 69921 60604 
9740 0.000342 63699.000000 67203 59515 
9750 0.000345 64197.000000 68674 56976 
9760 0.000344 65423.000000 71105 59976 
9770 0.000343 64345.000000 68639 58595 
9780 0.000343 67602.000000 73986 62757 
9790 0.000345 65973.000000 77394 61958 
9800 0.000345 65489.000000 70202 60696 
9810 0.000344 64739.000000 72387 59972 
9820 0.000347 63006.000000 67662 57209 
9830 0.000348 65597.000000 70509 59437 
9840 0.000347 62385.000000 70045 59601 
9850 0.000347 64130.000000 67940 59907 
9860 0.000348 64446.000000 69350 59384 
9870 0.000349 64782.000000 69607 58601 
9880 0.000348 67550.000000 70358 63874 
9890 0.000348 67138.000000 75690 59080 
9900 0.000351 66336.000000 74868 61130 
9910 0.000352 65979.000000 76831 59430 
9920 0.000350 66120.000000 69780 61456 
9930 0.000351 64961.000000 70387 61319 
9940 0.000351 65256.000000 68890 62396 
9950 0.000351 63791.000000 71830 57836 
9960 0.000356 64615.000000 71312 58662 
9970 0.000354 67764.000000 83775 62218 
9980 0.000352 67142.000000 75553 60390 
9990 0.000352 65351.000000 74422 61844 
10000 0.000356 65480.000000 74723 58484 
