N  Time  average_ob  max_ob  min_ob 
10 0.000000 22.000000 24 20 
20 0.000001 63.000000 67 58 
30 0.000002 111.000000 114 106 
40 0.000002 165.000000 171 159 
50 0.000002 220.000000 228 209 
60 0.000003 283.000000 287 281 
70 0.000003 345.000000 351 339 
80 0.000004 407.000000 417 403 
90 0.000004 477.000000 489 466 
100 0.000005 541.000000 553 527 
110 0.000006 609.000000 620 602 
120 0.000006 682.000000 693 670 
130 0.000007 750.000000 756 740 
140 0.000008 827.000000 838 816 
150 0.000008 902.000000 908 896 
160 0.000008 974.000000 980 966 
170 0.000009 1048.000000 1059 1034 
180 0.000010 1133.000000 1145 1124 
190 0.000010 1203.000000 1212 1187 
200 0.000010 1284.000000 1294 1278 
210 0.000011 1360.000000 1374 1340 
220 0.000012 1441.000000 1457 1431 
230 0.000013 1522.000000 1539 1511 
240 0.000013 1601.000000 1611 1590 
250 0.000014 1679.000000 1685 1671 
260 0.000014 1760.000000 1778 1739 
270 0.000015 1844.000000 1871 1828 
280 0.000016 1925.000000 1940 1905 
290 0.000017 2017.000000 2039 2006 
300 0.000017 2095.000000 2107 2082 
310 0.000018 2180.000000 2196 2162 
320 0.000018 2272.000000 2288 2248 
330 0.000023 2355.000000 2371 2348 
340 0.000022 2436.000000 2460 2414 
350 0.000023 2522.000000 2551 2502 
360 0.000024 2608.000000 2633 2591 
370 0.000025 2696.000000 2710 2680 
380 0.000019 2781.000000 2798 2768 
390 0.000020 2869.000000 2888 2852 
400 0.000021 2957.000000 2982 2943 
410 0.000022 3055.000000 3077 3020 
420 0.000022 3137.000000 3151 3125 
430 0.000022 3225.000000 3246 3195 
440 0.000022 3319.000000 3339 3300 
450 0.000023 3411.000000 3428 3393 
460 0.000023 3502.000000 3526 3483 
470 0.000026 3586.000000 3603 3570 
480 0.000026 3668.000000 3680 3648 
490 0.000027 3762.000000 3783 3740 
500 0.000027 3854.000000 3870 3842 
510 0.000031 3946.000000 3952 3938 
520 0.000032 4040.000000 4058 4025 
530 0.000032 4130.000000 4151 4108 
540 0.000034 4223.000000 4231 4211 
550 0.000035 4317.000000 4337 4295 
560 0.000035 4416.000000 4436 4403 
570 0.000037 4503.000000 4528 4488 
580 0.000036 4604.000000 4629 4577 
590 0.000033 4700.000000 4721 4674 
600 0.000029 4799.000000 4820 4781 
610 0.000028 4888.000000 4908 4865 
620 0.000029 4981.000000 5004 4941 
630 0.000029 5072.000000 5092 5054 
640 0.000028 5166.000000 5192 5147 
650 0.000028 5264.000000 5306 5218 
660 0.000029 5351.000000 5375 5329 
670 0.000029 5457.000000 5474 5439 
680 0.000028 5563.000000 5585 5541 
690 0.000032 5651.000000 5668 5637 
700 0.000030 5757.000000 5772 5726 
710 0.000208 5841.000000 5866 5825 
720 0.000040 5936.000000 5953 5914 
730 0.000041 6041.000000 6089 6008 
740 0.000041 6123.000000 6147 6106 
750 0.000041 6230.000000 6255 6205 
760 0.000042 6326.000000 6343 6292 
770 0.000042 6427.000000 6445 6413 
780 0.000048 6522.000000 6546 6483 
790 0.000049 6626.000000 6648 6592 
800 0.000053 6718.000000 6745 6698 
810 0.000053 6819.000000 6855 6798 
820 0.000053 6913.000000 6931 6892 
830 0.000054 7014.000000 7025 6982 
840 0.000053 7116.000000 7140 7097 
850 0.000053 7210.000000 7262 7178 
860 0.000041 7318.000000 7348 7297 
870 0.000046 7422.000000 7445 7390 
880 0.000053 7507.000000 7531 7482 
890 0.000055 7606.000000 7625 7585 
900 0.000056 7712.000000 7733 7687 
910 0.000045 7810.000000 7825 7790 
920 0.000043 7913.000000 7936 7878 
930 0.000043 8017.000000 8045 8003 
940 0.000044 8115.000000 8129 8092 
950 0.000042 8200.000000 8236 8172 
960 0.000047 8312.000000 8325 8293 
970 0.000047 8411.000000 8439 8377 
980 0.000057 8505.000000 8534 8482 
990 0.000058 8604.000000 8656 8571 
1000 0.000057 8698.000000 8720 8679 
1010 0.000059 8814.000000 8841 8790 
1020 0.000058 8904.000000 8939 8881 
1030 0.000062 9015.000000 9047 8983 
1040 0.000065 9108.000000 9129 9078 
1050 0.000068 9219.000000 9241 9198 
1060 0.000071 9321.000000 9348 9290 
1070 0.000067 9427.000000 9452 9406 
1080 0.000056 9535.000000 9580 9505 
1090 0.000055 9633.000000 9663 9613 
1100 0.000052 9737.000000 9769 9704 
1110 0.000053 9849.000000 9872 9821 
1120 0.000050 9947.000000 9987 9911 
1130 0.000051 10059.000000 10073 10040 
1140 0.000050 10153.000000 10203 10108 
1150 0.000050 10253.000000 10285 10211 
1160 0.000051 10362.000000 10410 10341 
1170 0.000051 10475.000000 10506 10453 
1180 0.000053 10567.000000 10607 10545 
1190 0.000053 10678.000000 10713 10652 
1200 0.000053 10784.000000 10819 10753 
1210 0.000055 10889.000000 10925 10875 
1220 0.000055 11011.000000 11051 10983 
1230 0.000055 11102.000000 11133 11060 
1240 0.000055 11199.000000 11232 11166 
1250 0.000055 11322.000000 11345 11285 
1260 0.000056 11419.000000 11449 11399 
1270 0.000055 11511.000000 11537 11498 
1280 0.000056 11617.000000 11649 11583 
1290 0.000057 11727.000000 11765 11694 
1300 0.000057 11830.000000 11855 11812 
1310 0.000058 11939.000000 11959 11920 
1320 0.000059 12043.000000 12063 12018 
1330 0.000059 12157.000000 12201 12127 
1340 0.000060 12262.000000 12278 12240 
1350 0.000060 12367.000000 12392 12341 
1360 0.000061 12476.000000 12503 12412 
1370 0.000061 12570.000000 12619 12525 
1380 0.000062 12674.000000 12703 12648 
1390 0.000062 12801.000000 12828 12774 
1400 0.000063 12892.000000 12921 12853 
1410 0.000063 13008.000000 13047 12977 
1420 0.000064 13123.000000 13140 13098 
1430 0.000064 13208.000000 13240 13177 
1440 0.000065 13314.000000 13342 13292 
1450 0.000065 13425.000000 13452 13397 
1460 0.000065 13545.000000 13590 13511 
1470 0.000066 13633.000000 13691 13597 
1480 0.000067 13761.000000 13792 13739 
1490 0.000067 13864.000000 13899 13839 
1500 0.000067 13973.000000 14011 13948 
1510 0.000067 14060.000000 14080 14012 
1520 0.000068 14188.000000 14235 14150 
1530 0.000069 14276.000000 14314 14245 
1540 0.000068 14377.000000 14404 14346 
1550 0.000070 14495.000000 14520 14449 
1560 0.000071 14608.000000 14638 14574 
1570 0.000071 14712.000000 14750 14674 
1580 0.000071 14821.000000 14867 14781 
1590 0.000071 14931.000000 14978 14907 
1600 0.000072 15027.000000 15066 14994 
1610 0.000073 15151.000000 15183 15101 
1620 0.000073 15264.000000 15318 15227 
1630 0.000074 15356.000000 15399 15324 
1640 0.000073 15484.000000 15507 15449 
1650 0.000074 15593.000000 15623 15566 
1660 0.000075 15689.000000 15732 15645 
1670 0.000075 15801.000000 15842 15766 
1680 0.000076 15910.000000 15954 15862 
1690 0.000077 16013.000000 16042 15960 
1700 0.000077 16117.000000 16152 16063 
1710 0.000077 16246.000000 16257 16232 
1720 0.000078 16350.000000 16396 16323 
1730 0.000166 16452.000000 16514 16409 
1740 0.000081 16566.000000 16593 16534 
1750 0.000080 16678.000000 16726 16633 
1760 0.000080 16786.000000 16841 16755 
1770 0.000081 16886.000000 16935 16834 
1780 0.000080 17007.000000 17047 16974 
1790 0.000081 17100.000000 17146 17037 
1800 0.000081 17208.000000 17224 17181 
1810 0.000081 17323.000000 17348 17292 
1820 0.000085 17438.000000 17496 17381 
1830 0.000084 17543.000000 17577 17522 
1840 0.000084 17649.000000 17679 17618 
1850 0.000085 17761.000000 17802 17727 
1860 0.000085 17879.000000 17907 17811 
1870 0.000086 17972.000000 18015 17949 
1880 0.000086 18093.000000 18175 18058 
1890 0.000087 18207.000000 18238 18189 
1900 0.000087 18316.000000 18338 18289 
1910 0.000087 18431.000000 18458 18398 
1920 0.000087 18536.000000 18557 18515 
1930 0.000088 18641.000000 18696 18575 
1940 0.000090 18752.000000 18802 18725 
1950 0.000090 18883.000000 18933 18857 
1960 0.000091 18955.000000 18984 18908 
1970 0.000091 19090.000000 19126 19043 
1980 0.000091 19199.000000 19242 19159 
1990 0.000091 19301.000000 19326 19278 
2000 0.000091 19407.000000 19462 19375 
2010 0.000093 19521.000000 19572 19495 
2020 0.000091 19618.000000 19643 19589 
2030 0.000092 19739.000000 19773 19699 
2040 0.000092 19846.000000 19879 19803 
2050 0.000092 19965.000000 19996 19943 
2060 0.000093 20069.000000 20083 20059 
2070 0.000094 20199.000000 20233 20159 
2080 0.000095 20306.000000 20344 20271 
2090 0.000096 20421.000000 20458 20383 
2100 0.000099 20532.000000 20578 20508 
2110 0.000096 20645.000000 20657 20624 
2120 0.000097 20757.000000 20801 20709 
2130 0.000097 20879.000000 20905 20848 
2140 0.000098 20993.000000 21036 20944 
2150 0.000099 21098.000000 21144 21047 
2160 0.000099 21194.000000 21219 21164 
2170 0.000099 21334.000000 21356 21297 
2180 0.000099 21438.000000 21498 21380 
2190 0.000099 21548.000000 21580 21517 
2200 0.000100 21684.000000 21715 21661 
2210 0.000102 21795.000000 21864 21690 
2220 0.000107 21895.000000 21916 21863 
2230 0.000102 22021.000000 22053 21986 
2240 0.000104 22118.000000 22178 22097 
2250 0.000104 22243.000000 22263 22212 
2260 0.000104 22364.000000 22402 22331 
2270 0.000104 22480.000000 22517 22442 
2280 0.000105 22589.000000 22644 22519 
2290 0.000106 22700.000000 22731 22659 
2300 0.000105 22830.000000 22861 22813 
2310 0.000106 22929.000000 22962 22901 
2320 0.000107 23037.000000 23073 22994 
2330 0.000107 23159.000000 23198 23096 
2340 0.000108 23273.000000 23304 23229 
2350 0.000108 23406.000000 23448 23316 
2360 0.000108 23504.000000 23545 23471 
2370 0.000109 23621.000000 23663 23574 
2380 0.000109 23754.000000 23797 23724 
2390 0.000110 23851.000000 23911 23813 
2400 0.000113 23977.000000 24014 23922 
2410 0.000112 24077.000000 24109 24050 
2420 0.000137 24208.000000 24245 24180 
2430 0.000111 24323.000000 24370 24271 
2440 0.000113 24412.000000 24465 24344 
2450 0.000113 24535.000000 24570 24490 
2460 0.000113 24655.000000 24676 24615 
2470 0.000113 24775.000000 24808 24748 
2480 0.000113 24865.000000 24896 24820 
2490 0.000114 24991.000000 25032 24945 
2500 0.000116 25119.000000 25198 25071 
2510 0.000115 25223.000000 25269 25177 
2520 0.000116 25346.000000 25429 25309 
2530 0.000116 25442.000000 25486 25388 
2540 0.000117 25581.000000 25618 25557 
2550 0.000116 25694.000000 25738 25645 
2560 0.000117 25795.000000 25844 25739 
2570 0.000117 25917.000000 25985 25855 
2580 0.000118 26022.000000 26067 25989 
2590 0.000119 26155.000000 26198 26086 
2600 0.000119 26276.000000 26329 26218 
2610 0.000119 26394.000000 26425 26367 
2620 0.000118 26493.000000 26531 26438 
2630 0.000118 26609.000000 26651 26528 
2640 0.000119 26742.000000 26772 26711 
2650 0.000119 26848.000000 26883 26803 
2660 0.000120 26968.000000 27003 26941 
2670 0.000121 27085.000000 27128 27053 
2680 0.000122 27174.000000 27213 27129 
2690 0.000122 27318.000000 27355 27292 
2700 0.000123 27415.000000 27483 27353 
2710 0.000127 27545.000000 27571 27462 
2720 0.000149 27658.000000 27692 27628 
2730 0.000133 27784.000000 27843 27724 
2740 0.000135 27878.000000 27916 27851 
2750 0.000139 28010.000000 28038 27965 
2760 0.000134 28126.000000 28176 28062 
2770 0.000135 28253.000000 28305 28209 
2780 0.000134 28375.000000 28414 28323 
2790 0.000134 28452.000000 28504 28393 
2800 0.000140 28599.000000 28646 28563 
2810 0.000134 28685.000000 28732 28648 
2820 0.000136 28832.000000 28865 28796 
2830 0.000137 28935.000000 29020 28896 
2840 0.000139 29054.000000 29093 29000 
2850 0.000136 29157.000000 29200 29105 
2860 0.000137 29268.000000 29323 29210 
2870 0.000138 29415.000000 29451 29374 
2880 0.000138 29517.000000 29586 29484 
2890 0.000140 29631.000000 29683 29604 
2900 0.000139 29763.000000 29809 29725 
2910 0.000139 29870.000000 29915 29802 
2920 0.000139 29983.000000 30046 29901 
2930 0.000142 30099.000000 30147 30050 
2940 0.000140 30234.000000 30287 30186 
2950 0.000141 30342.000000 30416 30284 
2960 0.000143 30468.000000 30490 30418 
2970 0.000143 30570.000000 30621 30535 
2980 0.000144 30681.000000 30736 30618 
2990 0.000143 30800.000000 30820 30743 
3000 0.000142 30934.000000 31000 30880 
3010 0.000142 31048.000000 31090 30984 
3020 0.000146 31151.000000 31205 31106 
3030 0.000146 31268.000000 31316 31191 
3040 0.000144 31386.000000 31447 31340 
3050 0.000145 31484.000000 31534 31426 
3060 0.000166 31624.000000 31677 31572 
3070 0.000147 31756.000000 31807 31699 
3080 0.000147 31871.000000 31939 31830 
3090 0.000147 31961.000000 32031 31864 
3100 0.000147 32092.000000 32120 32054 
3110 0.000168 32221.000000 32260 32173 
3120 0.000149 32326.000000 32364 32265 
3130 0.000149 32448.000000 32495 32365 
3140 0.000150 32569.000000 32623 32496 
3150 0.000152 32694.000000 32733 32661 
3160 0.000151 32806.000000 32873 32742 
3170 0.000152 32917.000000 32985 32869 
3180 0.000153 33022.000000 33065 32925 
3190 0.000154 33152.000000 33201 33094 
3200 0.000153 33276.000000 33344 33224 
3210 0.000154 33396.000000 33456 33354 
3220 0.000154 33513.000000 33545 33444 
3230 0.000156 33640.000000 33684 33612 
3240 0.000155 33742.000000 33785 33633 
3250 0.000157 33875.000000 33906 33845 
3260 0.000157 33987.000000 34027 33949 
3270 0.000174 34113.000000 34183 34035 
3280 0.000157 34242.000000 34283 34173 
3290 0.000157 34341.000000 34375 34299 
3300 0.000158 34465.000000 34539 34375 
3310 0.000159 34594.000000 34658 34547 
3320 0.000160 34695.000000 34733 34669 
3330 0.000161 34823.000000 34862 34772 
3340 0.000159 34941.000000 34999 34873 
3350 0.000163 35049.000000 35103 34985 
3360 0.000160 35173.000000 35209 35129 
3370 0.000160 35276.000000 35351 35231 
3380 0.000163 35415.000000 35477 35343 
3390 0.000162 35560.000000 35612 35508 
3400 0.000160 35648.000000 35691 35604 
3410 0.000161 35756.000000 35785 35710 
3420 0.000161 35879.000000 35954 35853 
3430 0.000161 36002.000000 36034 35942 
3440 0.000165 36124.000000 36165 36104 
3450 0.000163 36252.000000 36287 36223 
3460 0.000161 36394.000000 36434 36366 
3470 0.000164 36499.000000 36566 36446 
3480 0.000165 36624.000000 36665 36552 
3490 0.000166 36706.000000 36787 36637 
3500 0.000167 36836.000000 36898 36774 
3510 0.000165 36969.000000 37003 36932 
3520 0.000165 37092.000000 37164 37044 
3530 0.000166 37187.000000 37248 37145 
3540 0.000167 37321.000000 37380 37260 
3550 0.000169 37427.000000 37473 37385 
3560 0.000169 37558.000000 37598 37497 
3570 0.000169 37662.000000 37732 37595 
3580 0.000168 37799.000000 37874 37772 
3590 0.000169 37923.000000 38017 37854 
3600 0.000170 38038.000000 38072 37990 
3610 0.000169 38153.000000 38225 38090 
3620 0.000170 38264.000000 38341 38222 
3630 0.000172 38398.000000 38455 38355 
3640 0.000172 38496.000000 38557 38345 
3650 0.000173 38625.000000 38672 38566 
3660 0.000174 38753.000000 38803 38689 
3670 0.000174 38851.000000 38908 38782 
3680 0.000175 38975.000000 39013 38932 
3690 0.000176 39095.000000 39130 39067 
3700 0.000176 39220.000000 39307 39161 
3710 0.000177 39337.000000 39372 39292 
3720 0.000178 39445.000000 39505 39413 
3730 0.000178 39592.000000 39641 39539 
3740 0.000178 39717.000000 39785 39679 
3750 0.000179 39830.000000 39892 39773 
3760 0.000179 39933.000000 39975 39888 
3770 0.000180 40048.000000 40118 39966 
3780 0.000182 40178.000000 40235 40119 
3790 0.000182 40305.000000 40389 40255 
3800 0.000181 40420.000000 40452 40380 
3810 0.000182 40556.000000 40613 40510 
3820 0.000183 40659.000000 40727 40625 
3830 0.000182 40787.000000 40823 40752 
3840 0.000185 40911.000000 40956 40858 
3850 0.000184 41010.000000 41064 40963 
3860 0.000184 41141.000000 41188 41101 
3870 0.000185 41261.000000 41321 41210 
3880 0.000186 41386.000000 41421 41345 
3890 0.000185 41509.000000 41592 41467 
3900 0.000186 41627.000000 41700 41576 
3910 0.000188 41739.000000 41782 41714 
3920 0.000188 41859.000000 41903 41818 
3930 0.000188 41976.000000 42027 41932 
3940 0.000189 42079.000000 42146 42019 
3950 0.000189 42213.000000 42253 42193 
3960 0.000189 42344.000000 42386 42296 
3970 0.000191 42477.000000 42509 42457 
3980 0.000191 42599.000000 42648 42539 
3990 0.000192 42698.000000 42782 42582 
4000 0.000193 42830.000000 42879 42793 
4010 0.000192 42933.000000 42985 42894 
4020 0.000191 43074.000000 43121 42992 
4030 0.000191 43213.000000 43278 43166 
4040 0.000192 43302.000000 43326 43260 
4050 0.000192 43423.000000 43462 43393 
4060 0.000193 43553.000000 43597 43492 
4070 0.000195 43655.000000 43720 43607 
4080 0.000195 43776.000000 43816 43735 
4090 0.000196 43880.000000 43916 43831 
4100 0.000194 44029.000000 44076 43979 
4110 0.000197 44133.000000 44186 44084 
4120 0.000195 44263.000000 44318 44177 
4130 0.000196 44399.000000 44440 44348 
4140 0.000198 44507.000000 44565 44466 
4150 0.000197 44646.000000 44731 44599 
4160 0.000197 44788.000000 44826 44737 
4170 0.000197 44896.000000 44945 44836 
4180 0.000199 45013.000000 45038 44964 
4190 0.000198 45124.000000 45194 45050 
4200 0.000201 45274.000000 45338 45201 
4210 0.000201 45384.000000 45463 45320 
4220 0.000199 45507.000000 45590 45468 
4230 0.000209 45616.000000 45670 45559 
4240 0.000201 45770.000000 45844 45707 
4250 0.000203 45887.000000 45940 45828 
4260 0.000204 46015.000000 46068 45970 
4270 0.000203 46129.000000 46177 46052 
4280 0.000204 46253.000000 46346 46163 
4290 0.000204 46394.000000 46442 46345 
4300 0.000205 46492.000000 46535 46466 
4310 0.000208 46623.000000 46662 46565 
4320 0.000206 46752.000000 46788 46704 
4330 0.000206 46880.000000 46916 46834 
4340 0.000205 46974.000000 47020 46933 
4350 0.000207 47136.000000 47170 47100 
4360 0.000207 47272.000000 47330 47189 
4370 0.000210 47359.000000 47425 47312 
4380 0.000211 47491.000000 47571 47430 
4390 0.000211 47616.000000 47663 47546 
4400 0.000211 47757.000000 47826 47668 
4410 0.000211 47873.000000 47955 47827 
4420 0.000212 47996.000000 48021 47955 
4430 0.000213 48154.000000 48230 48101 
4440 0.000217 48246.000000 48293 48163 
4450 0.000213 48358.000000 48407 48306 
4460 0.000214 48506.000000 48580 48443 
4470 0.000215 48610.000000 48649 48541 
4480 0.000215 48755.000000 48821 48705 
4490 0.000214 48874.000000 48914 48825 
4500 0.000221 49005.000000 49065 48934 
4510 0.000217 49115.000000 49174 49082 
4520 0.000216 49265.000000 49295 49223 
4530 0.000218 49363.000000 49463 49298 
4540 0.000218 49493.000000 49570 49452 
4550 0.000218 49615.000000 49691 49559 
4560 0.000218 49741.000000 49765 49706 
4570 0.000217 49837.000000 49874 49787 
4580 0.000217 50013.000000 50070 49944 
4590 0.000217 50117.000000 50166 50065 
4600 0.000220 50227.000000 50264 50192 
4610 0.000220 50368.000000 50421 50314 
4620 0.000221 50489.000000 50578 50396 
4630 0.000220 50577.000000 50613 50524 
4640 0.000221 50740.000000 50800 50685 
4650 0.000222 50834.000000 50958 50731 
4660 0.000222 50988.000000 51040 50903 
4670 0.000222 51094.000000 51139 51028 
4680 0.000222 51220.000000 51267 51155 
4690 0.000224 51364.000000 51438 51318 
4700 0.000225 51480.000000 51540 51431 
4710 0.000226 51616.000000 51673 51573 
4720 0.000226 51717.000000 51827 51635 
4730 0.000225 51829.000000 51856 51774 
4740 0.000226 51981.000000 52051 51906 
4750 0.000228 52101.000000 52203 52039 
4760 0.000228 52219.000000 52284 52140 
4770 0.000230 52351.000000 52392 52277 
4780 0.000228 52483.000000 52546 52441 
4790 0.000230 52611.000000 52650 52550 
4800 0.000230 52722.000000 52794 52653 
4810 0.000234 52834.000000 52908 52758 
4820 0.000231 52994.000000 53069 52908 
4830 0.000232 53091.000000 53131 53046 
4840 0.000235 53232.000000 53274 53175 
4850 0.000235 53348.000000 53426 53310 
4860 0.000235 53496.000000 53613 53441 
4870 0.000236 53614.000000 53696 53536 
4880 0.000236 53733.000000 53803 53636 
4890 0.000235 53876.000000 53921 53817 
4900 0.000236 53963.000000 54042 53921 
4910 0.000238 54119.000000 54189 54076 
4920 0.000238 54227.000000 54302 54126 
4930 0.000240 54338.000000 54400 54266 
4940 0.000239 54477.000000 54524 54395 
4950 0.000239 54619.000000 54666 54572 
4960 0.000240 54719.000000 54831 54633 
4970 0.000240 54848.000000 54917 54779 
4980 0.000241 54977.000000 55090 54881 
4990 0.000241 55120.000000 55197 55071 
5000 0.000243 55223.000000 55298 55165 
5010 0.000241 55355.000000 55442 55287 
5020 0.000244 55477.000000 55529 55435 
5030 0.000242 55617.000000 55664 55581 
5040 0.000243 55730.000000 55829 55668 
5050 0.000243 55846.000000 55920 55765 
5060 0.000244 55977.000000 56076 55912 
5070 0.000244 56105.000000 56146 56057 
5080 0.000243 56222.000000 56267 56175 
5090 0.000245 56368.000000 56440 56267 
5100 0.000247 56455.000000 56500 56373 
5110 0.000245 56596.000000 56680 56482 
5120 0.000244 56722.000000 56785 56651 
5130 0.000247 56858.000000 56948 56814 
5140 0.000250 56957.000000 57030 56879 
5150 0.000245 57102.000000 57163 57054 
5160 0.000248 57225.000000 57299 57115 
5170 0.000249 57384.000000 57439 57340 
5180 0.000250 57493.000000 57596 57390 
5190 0.000254 57592.000000 57670 57540 
5200 0.000254 57738.000000 57793 57642 
5210 0.000249 57883.000000 57949 57833 
5220 0.000252 57979.000000 58100 57906 
5230 0.000252 58107.000000 58202 58012 
5240 0.000255 58237.000000 58289 58180 
5250 0.000256 58364.000000 58438 58286 
5260 0.000254 58496.000000 58518 58439 
5270 0.000255 58606.000000 58645 58530 
5280 0.000255 58730.000000 58805 58675 
5290 0.000258 58874.000000 58924 58801 
5300 0.000256 59008.000000 59094 58959 
5310 0.000257 59137.000000 59209 59066 
5320 0.000259 59265.000000 59402 59175 
5330 0.000267 59363.000000 59402 59301 
5340 0.000258 59494.000000 59553 59435 
5350 0.000260 59601.000000 59670 59512 
5360 0.000261 59758.000000 59844 59682 
5370 0.000262 59869.000000 59924 59828 
5380 0.000262 59997.000000 60031 59956 
5390 0.000262 60131.000000 60208 60003 
5400 0.000262 60282.000000 60344 60204 
5410 0.000264 60384.000000 60476 60302 
5420 0.000262 60483.000000 60532 60434 
5430 0.000263 60607.000000 60645 60552 
5440 0.000267 60757.000000 60820 60717 
5450 0.000267 60864.000000 60931 60816 
5460 0.000265 60987.000000 61045 60922 
5470 0.000266 61106.000000 61165 61031 
5480 0.000266 61216.000000 61262 61164 
5490 0.000268 61403.000000 61507 61346 
5500 0.000269 61503.000000 61524 61457 
5510 0.000270 61648.000000 61712 61566 
5520 0.000269 61792.000000 61847 61748 
5530 0.000270 61892.000000 61970 61803 
5540 0.000270 62022.000000 62065 61987 
5550 0.000271 62132.000000 62173 62117 
5560 0.000272 62283.000000 62352 62201 
5570 0.000271 62402.000000 62444 62366 
5580 0.000272 62512.000000 62592 62486 
5590 0.000272 62646.000000 62703 62608 
5600 0.000271 62762.000000 62809 62685 
5610 0.000273 62890.000000 62940 62815 
5620 0.000271 63018.000000 63076 62938 
5630 0.000273 63113.000000 63210 63066 
5640 0.000274 63281.000000 63354 63193 
5650 0.000273 63412.000000 63489 63345 
5660 0.000275 63546.000000 63601 63489 
5670 0.000276 63677.000000 63728 63647 
5680 0.000276 63806.000000 63857 63726 
5690 0.000278 63918.000000 63973 63829 
5700 0.000278 64026.000000 64097 63985 
5710 0.000278 64176.000000 64231 64122 
5720 0.000278 64285.000000 64327 64247 
5730 0.000279 64418.000000 64478 64337 
5740 0.000282 64534.000000 64612 64468 
5750 0.000281 64657.000000 64726 64605 
5760 0.000283 64815.000000 64879 64721 
5770 0.000281 64925.000000 64998 64873 
5780 0.000282 65047.000000 65126 64985 
5790 0.000281 65189.000000 65269 65134 
5800 0.000284 65289.000000 65356 65229 
5810 0.000283 65452.000000 65545 65322 
5820 0.000284 65556.000000 65623 65469 
5830 0.000284 65670.000000 65723 65596 
5840 0.000286 65847.000000 65906 65803 
5850 0.000286 65945.000000 66004 65846 
5860 0.000285 66043.000000 66074 65977 
5870 0.000289 66202.000000 66266 66115 
5880 0.000287 66308.000000 66354 66269 
5890 0.000286 66462.000000 66508 66381 
5900 0.000289 66568.000000 66628 66518 
5910 0.000289 66701.000000 66773 66661 
5920 0.000288 66815.000000 66894 66774 
5930 0.000288 66965.000000 67018 66912 
5940 0.000289 67064.000000 67115 67016 
5950 0.000289 67174.000000 67256 67106 
5960 0.000291 67365.000000 67460 67297 
5970 0.000291 67475.000000 67543 67397 
5980 0.000291 67587.000000 67630 67531 
5990 0.000292 67719.000000 67795 67637 
6000 0.000291 67814.000000 67864 67740 
6010 0.000291 67949.000000 68044 67845 
6020 0.000296 68080.000000 68131 68023 
6030 0.000291 68218.000000 68304 68146 
6040 0.000295 68320.000000 68386 68219 
6050 0.000293 68447.000000 68523 68359 
6060 0.000293 68607.000000 68683 68550 
6070 0.000295 68722.000000 68799 68669 
6080 0.000295 68868.000000 68962 68826 
6090 0.000300 68995.000000 69087 68925 
6100 0.000299 69103.000000 69188 69068 
6110 0.000298 69224.000000 69305 69140 
6120 0.000295 69366.000000 69481 69273 
6130 0.000296 69475.000000 69535 69385 
6140 0.000298 69600.000000 69643 69520 
6150 0.000302 69717.000000 69780 69642 
6160 0.000302 69866.000000 69923 69774 
6170 0.000301 69984.000000 70039 69946 
6180 0.000300 70138.000000 70177 70065 
6190 0.000304 70225.000000 70309 70148 
6200 0.000302 70386.000000 70466 70339 
6210 0.000303 70514.000000 70592 70453 
6220 0.000303 70656.000000 70771 70537 
6230 0.000303 70792.000000 70874 70704 
6240 0.000307 70916.000000 70987 70863 
6250 0.000307 71002.000000 71080 70919 
6260 0.000305 71166.000000 71236 71091 
6270 0.000305 71306.000000 71367 71231 
6280 0.000309 71424.000000 71540 71348 
6290 0.000308 71538.000000 71583 71482 
6300 0.000307 71660.000000 71778 71551 
6310 0.000309 71773.000000 71856 71697 
6320 0.000310 71925.000000 72015 71864 
6330 0.000308 72038.000000 72146 71969 
6340 0.000311 72161.000000 72199 72093 
6350 0.000315 72317.000000 72395 72264 
6360 0.000312 72414.000000 72494 72348 
6370 0.000319 72561.000000 72649 72458 
6380 0.000316 72702.000000 72748 72656 
6390 0.000317 72827.000000 72874 72782 
6400 0.000315 72953.000000 73070 72891 
6410 0.000322 73081.000000 73151 73020 
6420 0.000319 73209.000000 73272 73104 
6430 0.000320 73338.000000 73392 73253 
6440 0.000316 73472.000000 73547 73376 
6450 0.000319 73586.000000 73686 73483 
6460 0.000320 73730.000000 73815 73629 
6470 0.000319 73850.000000 73906 73780 
6480 0.000323 73995.000000 74055 73922 
6490 0.000319 74103.000000 74145 74054 
6500 0.000322 74264.000000 74317 74160 
6510 0.000322 74385.000000 74441 74314 
6520 0.000323 74476.000000 74539 74415 
6530 0.000323 74646.000000 74702 74582 
6540 0.000322 74755.000000 74801 74718 
6550 0.000325 74877.000000 74975 74770 
6560 0.000325 75019.000000 75096 74971 
6570 0.000326 75135.000000 75277 75077 
6580 0.000327 75250.000000 75381 75116 
6590 0.000324 75402.000000 75504 75270 
6600 0.000325 75518.000000 75575 75471 
6610 0.000331 75668.000000 75784 75573 
6620 0.000327 75811.000000 75887 75765 
6630 0.000328 75926.000000 75994 75850 
6640 0.000327 76051.000000 76135 75978 
6650 0.000330 76155.000000 76253 76048 
6660 0.000330 76281.000000 76378 76223 
6670 0.000328 76461.000000 76529 76387 
6680 0.000330 76553.000000 76658 76477 
6690 0.000333 76696.000000 76785 76615 
6700 0.000332 76816.000000 76877 76732 
6710 0.000330 76934.000000 77013 76872 
6720 0.000332 77071.000000 77139 76964 
6730 0.000333 77181.000000 77282 77116 
6740 0.000332 77326.000000 77376 77284 
6750 0.000333 77455.000000 77511 77382 
6760 0.000333 77597.000000 77684 77526 
6770 0.000337 77746.000000 77820 77643 
6780 0.000337 77845.000000 77935 77780 
6790 0.000338 77973.000000 78030 77852 
6800 0.000336 78096.000000 78138 78048 
6810 0.000338 78212.000000 78290 78143 
6820 0.000338 78386.000000 78450 78338 
6830 0.000338 78461.000000 78542 78392 
6840 0.000336 78612.000000 78681 78544 
6850 0.000341 78739.000000 78803 78685 
6860 0.000340 78830.000000 78887 78782 
6870 0.000338 79006.000000 79073 78909 
6880 0.000341 79119.000000 79204 79034 
6890 0.000342 79243.000000 79349 79152 
6900 0.000342 79372.000000 79456 79268 
6910 0.000342 79502.000000 79564 79427 
6920 0.000344 79637.000000 79709 79560 
6930 0.000343 79777.000000 79864 79728 
6940 0.000344 79922.000000 79963 79886 
6950 0.000345 80024.000000 80084 79980 
6960 0.000344 80160.000000 80227 80112 
6970 0.000345 80308.000000 80369 80212 
6980 0.000346 80447.000000 80522 80359 
6990 0.000345 80557.000000 80622 80516 
7000 0.000345 80678.000000 80789 80606 
7010 0.000346 80781.000000 80857 80719 
7020 0.000346 80941.000000 80992 80880 
7030 0.000347 81072.000000 81120 81020 
7040 0.000345 81190.000000 81255 81137 
7050 0.000346 81328.000000 81395 81278 
7060 0.000350 81471.000000 81547 81368 
7070 0.000349 81587.000000 81658 81517 
7080 0.000351 81738.000000 81790 81631 
7090 0.000349 81818.000000 81900 81755 
7100 0.000351 81970.000000 82056 81876 
7110 0.000349 82087.000000 82160 82021 
7120 0.000353 82220.000000 82302 82143 
7130 0.000353 82378.000000 82484 82323 
7140 0.000352 82476.000000 82506 82436 
7150 0.000353 82621.000000 82675 82577 
7160 0.000356 82740.000000 82801 82678 
7170 0.000353 82858.000000 82938 82769 
7180 0.000356 82989.000000 83075 82916 
7190 0.000355 83136.000000 83236 83003 
7200 0.000356 83251.000000 83363 83145 
7210 0.000359 83399.000000 83460 83340 
7220 0.000360 83583.000000 83675 83515 
7230 0.000358 83680.000000 83736 83633 
7240 0.000360 83775.000000 83905 83658 
7250 0.000361 83924.000000 84015 83840 
7260 0.000362 84027.000000 84067 83997 
7270 0.000362 84154.000000 84217 84107 
7280 0.000361 84296.000000 84378 84221 
7290 0.000364 84421.000000 84465 84356 
7300 0.000364 84586.000000 84670 84530 
7310 0.000366 84682.000000 84763 84618 
7320 0.000364 84853.000000 84920 84732 
7330 0.000365 84946.000000 84997 84878 
7340 0.000367 85077.000000 85200 84965 
7350 0.000366 85205.000000 85256 85026 
7360 0.000368 85325.000000 85367 85275 
7370 0.000371 85494.000000 85582 85449 
7380 0.000369 85609.000000 85668 85551 
7390 0.000370 85747.000000 85810 85663 
7400 0.000372 85866.000000 85997 85783 
7410 0.000375 85988.000000 86105 85885 
7420 0.000367 86120.000000 86204 86060 
7430 0.000373 86255.000000 86314 86179 
7440 0.000375 86349.000000 86414 86294 
7450 0.000376 86519.000000 86624 86430 
7460 0.000374 86644.000000 86711 86560 
7470 0.000377 86734.000000 86781 86681 
7480 0.000377 86903.000000 86966 86839 
7490 0.000378 87008.000000 87067 86940 
7500 0.000375 87135.000000 87217 87070 
7510 0.000377 87312.000000 87397 87249 
7520 0.000379 87404.000000 87495 87354 
7530 0.000378 87520.000000 87580 87435 
7540 0.000380 87643.000000 87695 87558 
7550 0.000381 87812.000000 87886 87731 
7560 0.000381 87933.000000 88016 87868 
7570 0.000380 88050.000000 88132 87948 
7580 0.000388 88168.000000 88242 88108 
7590 0.000382 88325.000000 88400 88257 
7600 0.000382 88453.000000 88509 88395 
7610 0.000383 88586.000000 88637 88534 
7620 0.000385 88687.000000 88749 88618 
7630 0.000381 88863.000000 88929 88803 
7640 0.000385 88947.000000 89052 88860 
7650 0.000384 89109.000000 89215 89005 
7660 0.000387 89219.000000 89281 89113 
7670 0.000386 89333.000000 89394 89204 
7680 0.000386 89490.000000 89525 89454 
7690 0.000392 89618.000000 89664 89563 
7700 0.000386 89730.000000 89815 89608 
7710 0.000388 89874.000000 89955 89753 
7720 0.000388 90012.000000 90075 89944 
7730 0.000390 90136.000000 90218 90076 
7740 0.000387 90286.000000 90379 90195 
7750 0.000390 90398.000000 90520 90360 
7760 0.000390 90531.000000 90614 90463 
7770 0.000389 90603.000000 90673 90516 
7780 0.000390 90782.000000 90840 90701 
7790 0.000392 90935.000000 91015 90877 
7800 0.000391 91032.000000 91159 90957 
7810 0.000393 91171.000000 91228 91110 
7820 0.000394 91307.000000 91402 91232 
7830 0.000394 91416.000000 91445 91385 
7840 0.000398 91562.000000 91612 91491 
7850 0.000397 91694.000000 91767 91627 
7860 0.000394 91823.000000 91900 91734 
7870 0.000398 91952.000000 92050 91868 
7880 0.000395 92128.000000 92202 92052 
7890 0.000395 92212.000000 92274 92177 
7900 0.000396 92363.000000 92444 92323 
7910 0.000402 92461.000000 92516 92373 
7920 0.000403 92617.000000 92703 92552 
7930 0.000403 92752.000000 92852 92686 
7940 0.000403 92883.000000 92967 92805 
7950 0.000402 93008.000000 93121 92905 
7960 0.000406 93145.000000 93236 93070 
7970 0.000402 93242.000000 93302 93177 
7980 0.000402 93404.000000 93457 93332 
7990 0.000404 93529.000000 93572 93483 
8000 0.000406 93636.000000 93728 93567 
8010 0.000407 93754.000000 93822 93683 
8020 0.000408 93891.000000 93956 93826 
8030 0.000411 94047.000000 94156 93966 
8040 0.000412 94182.000000 94234 94135 
8050 0.000408 94263.000000 94319 94190 
8060 0.000405 94418.000000 94481 94359 
8070 0.000404 94551.000000 94613 94411 
8080 0.000406 94685.000000 94812 94586 
8090 0.000405 94808.000000 94914 94697 
8100 0.000407 94956.000000 95047 94893 
8110 0.000407 95035.000000 95080 94983 
8120 0.000405 95206.000000 95269 95130 
8130 0.000403 95338.000000 95403 95268 
8140 0.000404 95462.000000 95577 95353 
8150 0.000404 95623.000000 95703 95536 
8160 0.000401 95737.000000 95791 95646 
8170 0.000406 95870.000000 95946 95781 
8180 0.000411 95980.000000 96050 95906 
8190 0.000410 96099.000000 96142 96051 
8200 0.000407 96243.000000 96309 96181 
8210 0.000414 96392.000000 96495 96287 
8220 0.000411 96530.000000 96594 96474 
8230 0.000415 96639.000000 96709 96583 
8240 0.000411 96805.000000 96898 96749 
8250 0.000412 96918.000000 97030 96761 
8260 0.000417 97031.000000 97111 96960 
8270 0.000415 97169.000000 97234 97123 
8280 0.000417 97320.000000 97398 97217 
8290 0.000418 97471.000000 97571 97382 
8300 0.000418 97588.000000 97650 97497 
8310 0.000418 97714.000000 97754 97674 
8320 0.000420 97830.000000 97900 97732 
8330 0.000421 98017.000000 98075 97888 
8340 0.000419 98102.000000 98159 98007 
8350 0.000426 98242.000000 98306 98173 
8360 0.000421 98425.000000 98488 98294 
8370 0.000422 98515.000000 98601 98433 
8380 0.000422 98654.000000 98735 98572 
8390 0.000420 98822.000000 98908 98722 
8400 0.000419 98919.000000 99068 98838 
8410 0.000422 99045.000000 99135 98969 
8420 0.000422 99202.000000 99289 99114 
8430 0.000420 99331.000000 99418 99254 
8440 0.000425 99444.000000 99561 99338 
8450 0.000424 99591.000000 99653 99526 
8460 0.000424 99712.000000 99814 99630 
8470 0.000426 99863.000000 100005 99792 
8480 0.000428 100002.000000 100090 99913 
8490 0.000426 100136.000000 100249 100065 
8500 0.000430 100281.000000 100354 100209 
8510 0.000434 100407.000000 100476 100323 
8520 0.000433 100555.000000 100636 100455 
8530 0.000432 100684.000000 100745 100612 
8540 0.000432 100821.000000 100866 100772 
8550 0.000432 100917.000000 100958 100857 
8560 0.000434 101060.000000 101175 100997 
8570 0.000432 101187.000000 101238 101139 
8580 0.000438 101327.000000 101424 101282 
8590 0.000436 101475.000000 101537 101409 
8600 0.000437 101583.000000 101660 101515 
8610 0.000437 101731.000000 101816 101616 
8620 0.000437 101905.000000 101986 101765 
8630 0.000436 102000.000000 102075 101925 
8640 0.000440 102145.000000 102351 102084 
8650 0.000441 102287.000000 102406 102219 
8660 0.000441 102414.000000 102487 102322 
8670 0.000442 102521.000000 102615 102410 
8680 0.000443 102675.000000 102766 102591 
8690 0.000443 102787.000000 102853 102744 
8700 0.000444 102957.000000 103051 102891 
8710 0.000445 103060.000000 103088 103032 
8720 0.000443 103223.000000 103302 103125 
8730 0.000445 103349.000000 103396 103253 
8740 0.000451 103513.000000 103602 103466 
8750 0.000445 103602.000000 103656 103526 
8760 0.000446 103747.000000 103828 103664 
8770 0.000447 103898.000000 103954 103850 
8780 0.000447 104013.000000 104099 103905 
8790 0.000449 104162.000000 104217 104080 
8800 0.000447 104331.000000 104409 104246 
8810 0.000450 104443.000000 104589 104361 
8820 0.000450 104578.000000 104634 104522 
8830 0.000452 104678.000000 104751 104552 
8840 0.000451 104820.000000 104873 104732 
8850 0.000453 104961.000000 105058 104864 
8860 0.000454 105098.000000 105221 104966 
8870 0.000455 105232.000000 105306 105157 
8880 0.000455 105366.000000 105402 105283 
8890 0.000454 105503.000000 105551 105460 
8900 0.000455 105691.000000 105747 105622 
8910 0.000455 105769.000000 105852 105719 
8920 0.000456 105915.000000 105974 105773 
8930 0.000455 106039.000000 106128 105928 
8940 0.000459 106212.000000 106273 106149 
8950 0.000457 106322.000000 106435 106253 
8960 0.000462 106456.000000 106507 106399 
8970 0.000461 106585.000000 106677 106519 
8980 0.000461 106716.000000 106814 106627 
8990 0.000459 106877.000000 106924 106826 
9000 0.000461 106988.000000 107064 106904 
9010 0.000463 107099.000000 107160 107007 
9020 0.000462 107260.000000 107336 107206 
9030 0.000466 107365.000000 107490 107279 
9040 0.000464 107513.000000 107617 107443 
9050 0.000464 107651.000000 107724 107545 
9060 0.000470 107828.000000 107902 107772 
9070 0.000469 107940.000000 107995 107866 
9080 0.000467 108057.000000 108127 107994 
9090 0.000467 108182.000000 108291 108037 
9100 0.000470 108334.000000 108468 108205 
9110 0.000472 108471.000000 108553 108407 
9120 0.000469 108594.000000 108643 108517 
9130 0.000471 108752.000000 108819 108658 
9140 0.000468 108849.000000 108885 108783 
9150 0.000469 108971.000000 109034 108926 
9160 0.000467 109118.000000 109178 109054 
9170 0.000469 109260.000000 109321 109228 
9180 0.000475 109392.000000 109465 109253 
9190 0.000469 109562.000000 109697 109480 
9200 0.000477 109686.000000 109759 109628 
9210 0.000470 109815.000000 109926 109724 
9220 0.000472 109930.000000 110000 109889 
9230 0.000473 110074.000000 110216 109983 
9240 0.000473 110202.000000 110276 110011 
9250 0.000475 110313.000000 110415 110257 
9260 0.000474 110460.000000 110572 110347 
9270 0.000476 110607.000000 110666 110577 
9280 0.000475 110722.000000 110815 110677 
9290 0.000476 110881.000000 110934 110790 
9300 0.000478 110996.000000 111088 110877 
9310 0.000478 111163.000000 111231 111102 
9320 0.000479 111305.000000 111359 111258 
9330 0.000478 111399.000000 111457 111347 
9340 0.000479 111529.000000 111576 111430 
9350 0.000479 111694.000000 111762 111615 
9360 0.000480 111807.000000 111871 111737 
9370 0.000481 111941.000000 112006 111872 
9380 0.000484 112088.000000 112142 112012 
9390 0.000483 112250.000000 112347 112179 
9400 0.000481 112347.000000 112429 112265 
9410 0.000481 112515.000000 112582 112458 
9420 0.000485 112589.000000 112652 112531 
9430 0.000483 112779.000000 112840 112693 
9440 0.000485 112858.000000 112944 112757 
9450 0.000484 113046.000000 113131 112937 
9460 0.000487 113191.000000 113264 113078 
9470 0.000486 113303.000000 113387 113222 
9480 0.000487 113448.000000 113556 113380 
9490 0.000490 113563.000000 113629 113501 
9500 0.000489 113690.000000 113825 113578 
9510 0.000491 113855.000000 113986 113733 
9520 0.000490 113982.000000 114115 113903 
9530 0.000490 114125.000000 114231 114070 
9540 0.000493 114252.000000 114306 114199 
9550 0.000494 114372.000000 114431 114261 
9560 0.000493 114517.000000 114609 114429 
9570 0.000493 114621.000000 114669 114543 
9580 0.000493 114797.000000 114871 114697 
9590 0.000495 114895.000000 114997 114758 
9600 0.000496 115037.000000 115087 114956 
9610 0.000493 115202.000000 115341 115011 
9620 0.000495 115319.000000 115389 115262 
9630 0.000494 115435.000000 115552 115357 
9640 0.000496 115615.000000 115684 115510 
9650 0.000496 115749.000000 115805 115709 
9660 0.000500 115890.000000 115965 115725 
9670 0.000500 116019.000000 116119 115876 
9680 0.000502 116142.000000 116223 116002 
9690 0.000500 116278.000000 116378 116229 
9700 0.000501 116407.000000 116498 116306 
9710 0.000504 116538.000000 116595 116423 
9720 0.000504 116688.000000 116765 116548 
9730 0.000505 116826.000000 116895 116743 
9740 0.000504 116942.000000 117041 116792 
9750 0.000505 117073.000000 117135 116985 
9760 0.000512 117219.000000 117267 117192 
9770 0.000506 117344.000000 117464 117234 
9780 0.000508 117481.000000 117620 117354 
9790 0.000508 117604.000000 117691 117514 
9800 0.000511 117745.000000 117881 117631 
9810 0.000509 117886.000000 118014 117809 
9820 0.000509 118041.000000 118142 117957 
9830 0.000509 118152.000000 118235 118087 
9840 0.000510 118273.000000 118374 118187 
9850 0.000510 118434.000000 118549 118310 
9860 0.000508 118587.000000 118691 118517 
9870 0.000509 118692.000000 118727 118625 
9880 0.000510 118835.000000 118921 118775 
9890 0.000510 118963.000000 119018 118880 
9900 0.000512 119098.000000 119181 118949 
9910 0.000510 119257.000000 119326 119188 
9920 0.000513 119382.000000 119523 119311 
9930 0.000515 119504.000000 119557 119432 
9940 0.000513 119634.000000 119699 119566 
9950 0.000515 119763.000000 119873 119670 
9960 0.000516 119891.000000 120005 119788 
9970 0.000513 120050.000000 120150 119946 
9980 0.000514 120181.000000 120267 120087 
9990 0.000514 120290.000000 120375 120189 
10000 0.000515 120443.000000 120573 120301 
