

*******************************************************************************
Sun Nov  9 16:15:50 2025


FIT:    data read from 'exercise5_quicksort.log' using 1:3
        format = x:z
        #datapoints = 1000
        residuals are weighted equally (unit weight)

function used for fitting: f(x)
	f(x)=a*x*log(x)
fitted parameters initialized with current variable values

iter      chisq       delta/lim  lambda   a            
   0 6.9270446650e+10   0.00e+00  5.13e+04    1.000000e+00
   3 1.2679938122e+09  -5.83e-10  5.13e+01    8.393427e-01

After 3 iterations the fit converged.
final sum of squares of residuals : 1.26799e+09
rel. change during last iteration : -5.82887e-15

degrees of freedom    (FIT_NDF)                        : 999
rms of residuals      (FIT_STDFIT) = sqrt(WSSR/ndf)    : 1126.62
variance of residuals (reduced chisquare) = WSSR/ndf   : 1.26926e+06

Final set of parameters            Asymptotic Standard Error
=======================            ==========================
a               = 0.839343         +/- 0.0006941    (0.08269%)


*******************************************************************************
Sun Nov  9 16:18:54 2025


FIT:    data read from 'exercise5_quicksort.log' using 1:3
        format = x:z
        #datapoints = 1000
        residuals are weighted equally (unit weight)

function used for fitting: f(x)
	f(x)=2*x*log(x)+a
fitted parameters initialized with current variable values

iter      chisq       delta/lim  lambda   a            
   0 3.5505802396e+12   0.00e+00  1.00e+00    1.000000e+00
   2 9.7595230623e+11  -2.63e-01  1.00e-02   -5.073979e+04

After 2 iterations the fit converged.
final sum of squares of residuals : 9.75952e+11
rel. change during last iteration : -2.6328e-06

degrees of freedom    (FIT_NDF)                        : 999
rms of residuals      (FIT_STDFIT) = sqrt(WSSR/ndf)    : 31255.9
variance of residuals (reduced chisquare) = WSSR/ndf   : 9.76929e+08

Final set of parameters            Asymptotic Standard Error
=======================            ==========================
a               = -50739.8         +/- 988.4        (1.948%)


*******************************************************************************
Sun Nov  9 16:19:36 2025


FIT:    data read from 'exercise5_quicksort.log' using 1:3
        format = x:z
        #datapoints = 1000
        residuals are weighted equally (unit weight)

function used for fitting: f(x)
	f(x)=a*x*log(x)
fitted parameters initialized with current variable values

iter      chisq       delta/lim  lambda   a            
   0 6.9270446650e+10   0.00e+00  5.13e+04    1.000000e+00
   3 1.2679938122e+09  -5.83e-10  5.13e+01    8.393427e-01

After 3 iterations the fit converged.
final sum of squares of residuals : 1.26799e+09
rel. change during last iteration : -5.82887e-15

degrees of freedom    (FIT_NDF)                        : 999
rms of residuals      (FIT_STDFIT) = sqrt(WSSR/ndf)    : 1126.62
variance of residuals (reduced chisquare) = WSSR/ndf   : 1.26926e+06

Final set of parameters            Asymptotic Standard Error
=======================            ==========================
a               = 0.839343         +/- 0.0006941    (0.08269%)


*******************************************************************************
Sun Nov  9 16:20:00 2025


FIT:    data read from 'exercise5_quicksort.log' using 1:3
        format = x:z
        #datapoints = 1000
        residuals are weighted equally (unit weight)

function used for fitting: f(x)
	f(x)=a*x*log(x)
fitted parameters initialized with current variable values

iter      chisq       delta/lim  lambda   a            
   0 6.9270446650e+10   0.00e+00  5.13e+04    1.000000e+00
   3 1.2679938122e+09  -5.83e-10  5.13e+01    8.393427e-01

After 3 iterations the fit converged.
final sum of squares of residuals : 1.26799e+09
rel. change during last iteration : -5.82887e-15

degrees of freedom    (FIT_NDF)                        : 999
rms of residuals      (FIT_STDFIT) = sqrt(WSSR/ndf)    : 1126.62
variance of residuals (reduced chisquare) = WSSR/ndf   : 1.26926e+06

Final set of parameters            Asymptotic Standard Error
=======================            ==========================
a               = 0.839343         +/- 0.0006941    (0.08269%)


*******************************************************************************
Sun Nov  9 16:39:32 2025


FIT:    data read from 'exercise5_quicksort.log' using 1:3
        format = x:z
        #datapoints = 10000
        residuals are weighted equally (unit weight)

function used for fitting: f(x)
	f(x)=a*x*log(x)
fitted parameters initialized with current variable values

iter      chisq       delta/lim  lambda   a            
   0 6.8707769198e+13   0.00e+00  6.46e+05    1.000000e+00
   2 1.2359404627e+12  -5.46e-02  6.46e+03    8.728055e-01

After 2 iterations the fit converged.
final sum of squares of residuals : 1.23594e+12
rel. change during last iteration : -5.45806e-07

degrees of freedom    (FIT_NDF)                        : 9999
rms of residuals      (FIT_STDFIT) = sqrt(WSSR/ndf)    : 11117.8
variance of residuals (reduced chisquare) = WSSR/ndf   : 1.23606e+08

Final set of parameters            Asymptotic Standard Error
=======================            ==========================
a               = 0.872805         +/- 0.0001722    (0.01972%)


*******************************************************************************
Sun Nov  9 17:23:05 2025


FIT:    data read from 'exercise5_quicksort.log' using 1:3
        format = x:z
        #datapoints = 10000
        residuals are weighted equally (unit weight)

function used for fitting: f(x)
	f(x)=a*x*log(x)
fitted parameters initialized with current variable values

iter      chisq       delta/lim  lambda   a            
   0 6.8707769198e+13   0.00e+00  6.46e+05    1.000000e+00
   2 1.2359404627e+12  -5.46e-02  6.46e+03    8.728055e-01

After 2 iterations the fit converged.
final sum of squares of residuals : 1.23594e+12
rel. change during last iteration : -5.45806e-07

degrees of freedom    (FIT_NDF)                        : 9999
rms of residuals      (FIT_STDFIT) = sqrt(WSSR/ndf)    : 11117.8
variance of residuals (reduced chisquare) = WSSR/ndf   : 1.23606e+08

Final set of parameters            Asymptotic Standard Error
=======================            ==========================
a               = 0.872805         +/- 0.0001722    (0.01972%)


*******************************************************************************
Sun Nov  9 17:23:30 2025


FIT:    data read from 'exercise5_quicksort.log' using 1:3
        format = x:z
        #datapoints = 10000
        residuals are weighted equally (unit weight)

function used for fitting: f(x)
	f(x)=a*x*log(x)
fitted parameters initialized with current variable values

iter      chisq       delta/lim  lambda   a            
   0 6.8707769198e+13   0.00e+00  6.46e+05    1.000000e+00
   2 1.2359404627e+12  -5.46e-02  6.46e+03    8.728055e-01

After 2 iterations the fit converged.
final sum of squares of residuals : 1.23594e+12
rel. change during last iteration : -5.45806e-07

degrees of freedom    (FIT_NDF)                        : 9999
rms of residuals      (FIT_STDFIT) = sqrt(WSSR/ndf)    : 11117.8
variance of residuals (reduced chisquare) = WSSR/ndf   : 1.23606e+08

Final set of parameters            Asymptotic Standard Error
=======================            ==========================
a               = 0.872805         +/- 0.0001722    (0.01972%)


*******************************************************************************
Sun Nov  9 17:24:34 2025


FIT:    data read from 'exercise5_quicksort.log' using 1:3
        format = x:z
        #datapoints = 10000
        residuals are weighted equally (unit weight)

function used for fitting: f(x)
	f(x)=a*x*log(x)
fitted parameters initialized with current variable values

iter      chisq       delta/lim  lambda   a            
   0 6.8707769198e+13   0.00e+00  6.46e+05    1.000000e+00
   2 1.2359404627e+12  -5.46e-02  6.46e+03    8.728055e-01

After 2 iterations the fit converged.
final sum of squares of residuals : 1.23594e+12
rel. change during last iteration : -5.45806e-07

degrees of freedom    (FIT_NDF)                        : 9999
rms of residuals      (FIT_STDFIT) = sqrt(WSSR/ndf)    : 11117.8
variance of residuals (reduced chisquare) = WSSR/ndf   : 1.23606e+08

Final set of parameters            Asymptotic Standard Error
=======================            ==========================
a               = 0.872805         +/- 0.0001722    (0.01972%)


*******************************************************************************
Sun Nov  9 17:24:54 2025


FIT:    data read from 'exercise5_quicksort.log' using 1:3
        format = x:z
        #datapoints = 10000
        residuals are weighted equally (unit weight)

function used for fitting: f(x)
	f(x)=a*x*log(x)
fitted parameters initialized with current variable values

iter      chisq       delta/lim  lambda   a            
   0 6.8707769198e+13   0.00e+00  6.46e+05    1.000000e+00
   2 1.2359404627e+12  -5.46e-02  6.46e+03    8.728055e-01

After 2 iterations the fit converged.
final sum of squares of residuals : 1.23594e+12
rel. change during last iteration : -5.45806e-07

degrees of freedom    (FIT_NDF)                        : 9999
rms of residuals      (FIT_STDFIT) = sqrt(WSSR/ndf)    : 11117.8
variance of residuals (reduced chisquare) = WSSR/ndf   : 1.23606e+08

Final set of parameters            Asymptotic Standard Error
=======================            ==========================
a               = 0.872805         +/- 0.0001722    (0.01972%)


*******************************************************************************
Wed Nov 12 02:18:51 2025


FIT:    data read from 'exercise5_quicksort.log' using 1:3
        format = x:z
        #datapoints = 10000
        residuals are weighted equally (unit weight)

function used for fitting: f(x)
	f(x)=a*x*log(x)
fitted parameters initialized with current variable values

iter      chisq       delta/lim  lambda   a            
   0 2.3216158839e+15   0.00e+00  6.46e+05    1.000000e+00
   3 1.6420530405e+12   0.00e+00  6.46e+02    1.745845e+00

After 3 iterations the fit converged.
final sum of squares of residuals : 1.64205e+12
rel. change during last iteration : 0

degrees of freedom    (FIT_NDF)                        : 9999
rms of residuals      (FIT_STDFIT) = sqrt(WSSR/ndf)    : 12814.9
variance of residuals (reduced chisquare) = WSSR/ndf   : 1.64222e+08

Final set of parameters            Asymptotic Standard Error
=======================            ==========================
a               = 1.74585          +/- 0.0001984    (0.01137%)


*******************************************************************************
Wed Nov 12 17:05:06 2025


FIT:    data read from 'exercise5_quicksort.log' using 1:3
        format = x:z
        #datapoints = 10000
        residuals are weighted equally (unit weight)

function used for fitting: f(x)
	f(x)=a*x*log(x)
fitted parameters initialized with current variable values

iter      chisq       delta/lim  lambda   a            
   0 2.3216158839e+15   0.00e+00  6.46e+05    1.000000e+00
   3 1.6420530405e+12   0.00e+00  6.46e+02    1.745845e+00

After 3 iterations the fit converged.
final sum of squares of residuals : 1.64205e+12
rel. change during last iteration : 0

degrees of freedom    (FIT_NDF)                        : 9999
rms of residuals      (FIT_STDFIT) = sqrt(WSSR/ndf)    : 12814.9
variance of residuals (reduced chisquare) = WSSR/ndf   : 1.64222e+08

Final set of parameters            Asymptotic Standard Error
=======================            ==========================
a               = 1.74585          +/- 0.0001984    (0.01137%)


*******************************************************************************
Wed Nov 12 17:05:57 2025


FIT:    data read from 'exercise5_quicksort.log' using 1:3
        format = x:z
        #datapoints = 10000
        residuals are weighted equally (unit weight)

function used for fitting: f(x)
	f(x)=a*x*log(x)
fitted parameters initialized with current variable values

iter      chisq       delta/lim  lambda   a            
   0 2.3216158839e+15   0.00e+00  6.46e+05    1.000000e+00
   3 1.6420530405e+12   0.00e+00  6.46e+02    1.745845e+00

After 3 iterations the fit converged.
final sum of squares of residuals : 1.64205e+12
rel. change during last iteration : 0

degrees of freedom    (FIT_NDF)                        : 9999
rms of residuals      (FIT_STDFIT) = sqrt(WSSR/ndf)    : 12814.9
variance of residuals (reduced chisquare) = WSSR/ndf   : 1.64222e+08

Final set of parameters            Asymptotic Standard Error
=======================            ==========================
a               = 1.74585          +/- 0.0001984    (0.01137%)


*******************************************************************************
Wed Nov 12 17:06:10 2025


FIT:    data read from 'exercise5_quicksort.log' using 1:3
        format = x:z
        #datapoints = 10000
        residuals are weighted equally (unit weight)

function used for fitting: f(x)
	f(x)=a*x*log(x)
fitted parameters initialized with current variable values

iter      chisq       delta/lim  lambda   a            
   0 2.3216158839e+15   0.00e+00  6.46e+05    1.000000e+00
   3 1.6420530405e+12   0.00e+00  6.46e+02    1.745845e+00

After 3 iterations the fit converged.
final sum of squares of residuals : 1.64205e+12
rel. change during last iteration : 0

degrees of freedom    (FIT_NDF)                        : 9999
rms of residuals      (FIT_STDFIT) = sqrt(WSSR/ndf)    : 12814.9
variance of residuals (reduced chisquare) = WSSR/ndf   : 1.64222e+08

Final set of parameters            Asymptotic Standard Error
=======================            ==========================
a               = 1.74585          +/- 0.0001984    (0.01137%)


*******************************************************************************
Wed Nov 12 17:08:24 2025


FIT:    data read from 'exercise5_quicksort.log' using 1:3
        format = x:z
        #datapoints = 10000
        residuals are weighted equally (unit weight)

function used for fitting: f(x)
	f(x)=a*x*log(x)
fitted parameters initialized with current variable values

iter      chisq       delta/lim  lambda   a            
   0 2.3216158839e+15   0.00e+00  6.46e+05    1.000000e+00
   3 1.6420530405e+12   0.00e+00  6.46e+02    1.745845e+00

After 3 iterations the fit converged.
final sum of squares of residuals : 1.64205e+12
rel. change during last iteration : 0

degrees of freedom    (FIT_NDF)                        : 9999
rms of residuals      (FIT_STDFIT) = sqrt(WSSR/ndf)    : 12814.9
variance of residuals (reduced chisquare) = WSSR/ndf   : 1.64222e+08

Final set of parameters            Asymptotic Standard Error
=======================            ==========================
a               = 1.74585          +/- 0.0001984    (0.01137%)


*******************************************************************************
Wed Nov 12 17:08:29 2025


FIT:    data read from 'exercise5_quicksort.log' using 1:3
        format = x:z
        #datapoints = 10000
        residuals are weighted equally (unit weight)

function used for fitting: f(x)
	f(x)=a*x*log(x)
fitted parameters initialized with current variable values

iter      chisq       delta/lim  lambda   a            
   0 2.3216158839e+15   0.00e+00  6.46e+05    1.000000e+00
   3 1.6420530405e+12   0.00e+00  6.46e+02    1.745845e+00

After 3 iterations the fit converged.
final sum of squares of residuals : 1.64205e+12
rel. change during last iteration : 0

degrees of freedom    (FIT_NDF)                        : 9999
rms of residuals      (FIT_STDFIT) = sqrt(WSSR/ndf)    : 12814.9
variance of residuals (reduced chisquare) = WSSR/ndf   : 1.64222e+08

Final set of parameters            Asymptotic Standard Error
=======================            ==========================
a               = 1.74585          +/- 0.0001984    (0.01137%)


*******************************************************************************
Wed Nov 12 17:08:35 2025


FIT:    data read from 'exercise5_quicksort.log' using 1:3
        format = x:z
        #datapoints = 10000
        residuals are weighted equally (unit weight)

function used for fitting: f(x)
	f(x)=a*x*log(x)
fitted parameters initialized with current variable values

iter      chisq       delta/lim  lambda   a            
   0 2.3216158839e+15   0.00e+00  6.46e+05    1.000000e+00
   3 1.6420530405e+12   0.00e+00  6.46e+02    1.745845e+00

After 3 iterations the fit converged.
final sum of squares of residuals : 1.64205e+12
rel. change during last iteration : 0

degrees of freedom    (FIT_NDF)                        : 9999
rms of residuals      (FIT_STDFIT) = sqrt(WSSR/ndf)    : 12814.9
variance of residuals (reduced chisquare) = WSSR/ndf   : 1.64222e+08

Final set of parameters            Asymptotic Standard Error
=======================            ==========================
a               = 1.74585          +/- 0.0001984    (0.01137%)


*******************************************************************************
Wed Nov 12 17:10:24 2025


FIT:    data read from 'exercise5_quicksort.log' using 1:3
        format = x:z
        #datapoints = 10000
        residuals are weighted equally (unit weight)

function used for fitting: f(x)
	f(x)=a*x*log(x)
fitted parameters initialized with current variable values

iter      chisq       delta/lim  lambda   a            
   0 2.3216158839e+15   0.00e+00  6.46e+05    1.000000e+00
   3 1.6420530405e+12   0.00e+00  6.46e+02    1.745845e+00

After 3 iterations the fit converged.
final sum of squares of residuals : 1.64205e+12
rel. change during last iteration : 0

degrees of freedom    (FIT_NDF)                        : 9999
rms of residuals      (FIT_STDFIT) = sqrt(WSSR/ndf)    : 12814.9
variance of residuals (reduced chisquare) = WSSR/ndf   : 1.64222e+08

Final set of parameters            Asymptotic Standard Error
=======================            ==========================
a               = 1.74585          +/- 0.0001984    (0.01137%)


*******************************************************************************
Wed Nov 12 17:11:15 2025


FIT:    data read from 'exercise5_quicksort.log' using 1:3
        format = x:z
        #datapoints = 10000
        residuals are weighted equally (unit weight)

function used for fitting: f(x)
	f(x)=a*x*log(x)
fitted parameters initialized with current variable values

iter      chisq       delta/lim  lambda   a            
   0 2.3216158839e+15   0.00e+00  6.46e+05    1.000000e+00
   3 1.6420530405e+12   0.00e+00  6.46e+02    1.745845e+00

After 3 iterations the fit converged.
final sum of squares of residuals : 1.64205e+12
rel. change during last iteration : 0

degrees of freedom    (FIT_NDF)                        : 9999
rms of residuals      (FIT_STDFIT) = sqrt(WSSR/ndf)    : 12814.9
variance of residuals (reduced chisquare) = WSSR/ndf   : 1.64222e+08

Final set of parameters            Asymptotic Standard Error
=======================            ==========================
a               = 1.74585          +/- 0.0001984    (0.01137%)


*******************************************************************************
Wed Nov 12 17:12:07 2025


FIT:    data read from 'exercise5_quicksort.log' using 1:3
        format = x:z
        #datapoints = 10000
        residuals are weighted equally (unit weight)

function used for fitting: f(x)
	f(x)=a*x*log(x)
fitted parameters initialized with current variable values

iter      chisq       delta/lim  lambda   a            
   0 2.3216158839e+15   0.00e+00  6.46e+05    1.000000e+00
   3 1.6420530405e+12   0.00e+00  6.46e+02    1.745845e+00

After 3 iterations the fit converged.
final sum of squares of residuals : 1.64205e+12
rel. change during last iteration : 0

degrees of freedom    (FIT_NDF)                        : 9999
rms of residuals      (FIT_STDFIT) = sqrt(WSSR/ndf)    : 12814.9
variance of residuals (reduced chisquare) = WSSR/ndf   : 1.64222e+08

Final set of parameters            Asymptotic Standard Error
=======================            ==========================
a               = 1.74585          +/- 0.0001984    (0.01137%)


*******************************************************************************
Wed Nov 12 17:13:12 2025


FIT:    data read from 'exercise5_quicksort.log' using 1:3
        format = x:z
        #datapoints = 10000
        residuals are weighted equally (unit weight)

function used for fitting: f(x)
	f(x)=a*x*log(x)
fitted parameters initialized with current variable values

iter      chisq       delta/lim  lambda   a            
   0 2.3216158839e+15   0.00e+00  6.46e+05    1.000000e+00
   3 1.6420530405e+12   0.00e+00  6.46e+02    1.745845e+00

After 3 iterations the fit converged.
final sum of squares of residuals : 1.64205e+12
rel. change during last iteration : 0

degrees of freedom    (FIT_NDF)                        : 9999
rms of residuals      (FIT_STDFIT) = sqrt(WSSR/ndf)    : 12814.9
variance of residuals (reduced chisquare) = WSSR/ndf   : 1.64222e+08

Final set of parameters            Asymptotic Standard Error
=======================            ==========================
a               = 1.74585          +/- 0.0001984    (0.01137%)


*******************************************************************************
Wed Nov 12 17:13:25 2025


FIT:    data read from 'exercise5_quicksort.log' using 1:3
        format = x:z
        #datapoints = 10000
        residuals are weighted equally (unit weight)

function used for fitting: f(x)
	f(x)=a*x*log(x)
fitted parameters initialized with current variable values

iter      chisq       delta/lim  lambda   a            
   0 2.3216158839e+15   0.00e+00  6.46e+05    1.000000e+00
   3 1.6420530405e+12   0.00e+00  6.46e+02    1.745845e+00

After 3 iterations the fit converged.
final sum of squares of residuals : 1.64205e+12
rel. change during last iteration : 0

degrees of freedom    (FIT_NDF)                        : 9999
rms of residuals      (FIT_STDFIT) = sqrt(WSSR/ndf)    : 12814.9
variance of residuals (reduced chisquare) = WSSR/ndf   : 1.64222e+08

Final set of parameters            Asymptotic Standard Error
=======================            ==========================
a               = 1.74585          +/- 0.0001984    (0.01137%)


*******************************************************************************
Wed Nov 12 17:14:20 2025


FIT:    data read from 'exercise5_quicksort.log' using 1:3
        format = x:z
        #datapoints = 10000
        residuals are weighted equally (unit weight)

function used for fitting: f(x)
	f(x)=a*x*log(x)
fitted parameters initialized with current variable values

iter      chisq       delta/lim  lambda   a            
   0 2.3216158839e+15   0.00e+00  6.46e+05    1.000000e+00
   3 1.6420530405e+12   0.00e+00  6.46e+02    1.745845e+00

After 3 iterations the fit converged.
final sum of squares of residuals : 1.64205e+12
rel. change during last iteration : 0

degrees of freedom    (FIT_NDF)                        : 9999
rms of residuals      (FIT_STDFIT) = sqrt(WSSR/ndf)    : 12814.9
variance of residuals (reduced chisquare) = WSSR/ndf   : 1.64222e+08

Final set of parameters            Asymptotic Standard Error
=======================            ==========================
a               = 1.74585          +/- 0.0001984    (0.01137%)


*******************************************************************************
Wed Nov 12 17:14:20 2025


FIT:    data read from 'exercise5_quicksort.log' using 1:2
        format = x:z
        #datapoints = 10000
        residuals are weighted equally (unit weight)

function used for fitting: g(x)
	g(x)=b*x*log(x)
fitted parameters initialized with current variable values

iter      chisq       delta/lim  lambda   b            
   0 4.1704757747e+15   0.00e+00  6.46e+05    1.000000e+00
   4 1.7475835491e-05  -1.94e-11  6.46e+01    3.750392e-09

After 4 iterations the fit converged.
final sum of squares of residuals : 1.74758e-05
rel. change during last iteration : -1.93875e-16

degrees of freedom    (FIT_NDF)                        : 9999
rms of residuals      (FIT_STDFIT) = sqrt(WSSR/ndf)    : 4.18062e-05
variance of residuals (reduced chisquare) = WSSR/ndf   : 1.74776e-09

Final set of parameters            Asymptotic Standard Error
=======================            ==========================
b               = 3.75039e-09      +/- 6.474e-13    (0.01726%)


*******************************************************************************
Wed Nov 12 17:18:03 2025


FIT:    data read from 'exercise5_quicksort.log' using 1:3
        format = x:z
        #datapoints = 10000
        residuals are weighted equally (unit weight)

function used for fitting: f(x)
	f(x)=a*x*log(x)
fitted parameters initialized with current variable values

iter      chisq       delta/lim  lambda   a            
   0 2.3216158839e+15   0.00e+00  6.46e+05    1.000000e+00
   3 1.6420530405e+12   0.00e+00  6.46e+02    1.745845e+00

After 3 iterations the fit converged.
final sum of squares of residuals : 1.64205e+12
rel. change during last iteration : 0

degrees of freedom    (FIT_NDF)                        : 9999
rms of residuals      (FIT_STDFIT) = sqrt(WSSR/ndf)    : 12814.9
variance of residuals (reduced chisquare) = WSSR/ndf   : 1.64222e+08

Final set of parameters            Asymptotic Standard Error
=======================            ==========================
a               = 1.74585          +/- 0.0001984    (0.01137%)


*******************************************************************************
Wed Nov 12 17:18:03 2025


FIT:    data read from 'exercise5_quicksort.log' using 1:2
        format = x:z
        #datapoints = 10000
        residuals are weighted equally (unit weight)

function used for fitting: g(x)
	g(x)=c*x*log(x)+d
fitted parameters initialized with current variable values

iter      chisq       delta/lim  lambda   c             d            
   0 4.1704867888e+15   0.00e+00  4.57e+05    1.000000e+00   1.000000e+00
   9 1.3818796993e-05  -6.13e-11  4.57e-04    3.798740e-09  -3.661325e-05

After 9 iterations the fit converged.
final sum of squares of residuals : 1.38188e-05
rel. change during last iteration : -6.12957e-16

degrees of freedom    (FIT_NDF)                        : 9998
rms of residuals      (FIT_STDFIT) = sqrt(WSSR/ndf)    : 3.71774e-05
variance of residuals (reduced chisquare) = WSSR/ndf   : 1.38216e-09

Final set of parameters            Asymptotic Standard Error
=======================            ==========================
c               = 3.79874e-09      +/- 1.102e-12    (0.02901%)
d               = -3.66132e-05     +/- 7.118e-07    (1.944%)

correlation matrix of the fit parameters:
                c      d      
c               1.000 
d              -0.853  1.000 


*******************************************************************************
Wed Nov 12 17:18:41 2025


FIT:    data read from 'exercise5_quicksort.log' using 1:3
        format = x:z
        #datapoints = 10000
        residuals are weighted equally (unit weight)

function used for fitting: f(x)
	f(x)=a*x*log(x)
fitted parameters initialized with current variable values

iter      chisq       delta/lim  lambda   a            
   0 2.3216158839e+15   0.00e+00  6.46e+05    1.000000e+00
   3 1.6420530405e+12   0.00e+00  6.46e+02    1.745845e+00

After 3 iterations the fit converged.
final sum of squares of residuals : 1.64205e+12
rel. change during last iteration : 0

degrees of freedom    (FIT_NDF)                        : 9999
rms of residuals      (FIT_STDFIT) = sqrt(WSSR/ndf)    : 12814.9
variance of residuals (reduced chisquare) = WSSR/ndf   : 1.64222e+08

Final set of parameters            Asymptotic Standard Error
=======================            ==========================
a               = 1.74585          +/- 0.0001984    (0.01137%)


*******************************************************************************
Wed Nov 12 17:18:41 2025


FIT:    data read from 'exercise5_quicksort.log' using 1:2
        format = x:z
        #datapoints = 10000
        residuals are weighted equally (unit weight)

function used for fitting: g(x)
	g(x)=c*x*log(x)+d
fitted parameters initialized with current variable values

iter      chisq       delta/lim  lambda   c             d            
   0 4.1704867888e+15   0.00e+00  4.57e+05    1.000000e+00   1.000000e+00
   9 1.3818796993e-05  -6.13e-11  4.57e-04    3.798740e-09  -3.661325e-05

After 9 iterations the fit converged.
final sum of squares of residuals : 1.38188e-05
rel. change during last iteration : -6.12957e-16

degrees of freedom    (FIT_NDF)                        : 9998
rms of residuals      (FIT_STDFIT) = sqrt(WSSR/ndf)    : 3.71774e-05
variance of residuals (reduced chisquare) = WSSR/ndf   : 1.38216e-09

Final set of parameters            Asymptotic Standard Error
=======================            ==========================
c               = 3.79874e-09      +/- 1.102e-12    (0.02901%)
d               = -3.66132e-05     +/- 7.118e-07    (1.944%)

correlation matrix of the fit parameters:
                c      d      
c               1.000 
d              -0.853  1.000 


*******************************************************************************
Wed Nov 12 17:24:32 2025


FIT:    data read from 'exercise5_quicksort.log' using 1:3
        format = x:z
        #datapoints = 10000
        residuals are weighted equally (unit weight)

function used for fitting: f(x)
	f(x)=a*x*log(x)
fitted parameters initialized with current variable values

iter      chisq       delta/lim  lambda   a            
   0 2.3216158839e+15   0.00e+00  6.46e+05    1.000000e+00
   3 1.6420530405e+12   0.00e+00  6.46e+02    1.745845e+00

After 3 iterations the fit converged.
final sum of squares of residuals : 1.64205e+12
rel. change during last iteration : 0

degrees of freedom    (FIT_NDF)                        : 9999
rms of residuals      (FIT_STDFIT) = sqrt(WSSR/ndf)    : 12814.9
variance of residuals (reduced chisquare) = WSSR/ndf   : 1.64222e+08

Final set of parameters            Asymptotic Standard Error
=======================            ==========================
a               = 1.74585          +/- 0.0001984    (0.01137%)


*******************************************************************************
Wed Nov 12 17:24:32 2025


FIT:    data read from 'exercise5_quicksort.log' using 1:2
        format = x:z
        #datapoints = 10000
        residuals are weighted equally (unit weight)

function used for fitting: g(x)
	g(x)=c*x*log(x)+d
fitted parameters initialized with current variable values

iter      chisq       delta/lim  lambda   c             d            
   0 4.1704867888e+15   0.00e+00  4.57e+05    1.000000e+00   1.000000e+00
   9 1.3818796993e-05  -6.13e-11  4.57e-04    3.798740e-09  -3.661325e-05

After 9 iterations the fit converged.
final sum of squares of residuals : 1.38188e-05
rel. change during last iteration : -6.12957e-16

degrees of freedom    (FIT_NDF)                        : 9998
rms of residuals      (FIT_STDFIT) = sqrt(WSSR/ndf)    : 3.71774e-05
variance of residuals (reduced chisquare) = WSSR/ndf   : 1.38216e-09

Final set of parameters            Asymptotic Standard Error
=======================            ==========================
c               = 3.79874e-09      +/- 1.102e-12    (0.02901%)
d               = -3.66132e-05     +/- 7.118e-07    (1.944%)

correlation matrix of the fit parameters:
                c      d      
c               1.000 
d              -0.853  1.000 


*******************************************************************************
Wed Nov 12 17:29:23 2025


FIT:    data read from 'exercise5_quicksort.log' using 1:3
        format = x:z
        #datapoints = 10000
        residuals are weighted equally (unit weight)

function used for fitting: f(x)
	f(x)=a*x*log(x)+b
fitted parameters initialized with current variable values

iter      chisq       delta/lim  lambda   a             b            
   0 2.3216077141e+15   0.00e+00  4.57e+05    1.000000e+00   1.000000e+00
   2 1.6420976043e+12  -3.83e-01  4.57e+03    1.745844e+00   9.890889e-01

After 2 iterations the fit converged.
final sum of squares of residuals : 1.6421e+12
rel. change during last iteration : -3.82812e-06

degrees of freedom    (FIT_NDF)                        : 9998
rms of residuals      (FIT_STDFIT) = sqrt(WSSR/ndf)    : 12815.7
variance of residuals (reduced chisquare) = WSSR/ndf   : 1.64243e+08

Final set of parameters            Asymptotic Standard Error
=======================            ==========================
a               = 1.74584          +/- 0.0003799    (0.02176%)
b               = 0.989089         +/- 245.4        (2.481e+04%)

correlation matrix of the fit parameters:
                a      b      
a               1.000 
b              -0.853  1.000 


*******************************************************************************
Wed Nov 12 17:29:23 2025


FIT:    data read from 'exercise5_quicksort.log' using 1:2
        format = x:z
        #datapoints = 10000
        residuals are weighted equally (unit weight)

function used for fitting: g(x)
	g(x)=c*x*log(x)+d
fitted parameters initialized with current variable values

iter      chisq       delta/lim  lambda   c             d            
   0 4.1704867888e+15   0.00e+00  4.57e+05    1.000000e+00   1.000000e+00
   9 1.3818796993e-05  -6.13e-11  4.57e-04    3.798740e-09  -3.661325e-05

After 9 iterations the fit converged.
final sum of squares of residuals : 1.38188e-05
rel. change during last iteration : -6.12957e-16

degrees of freedom    (FIT_NDF)                        : 9998
rms of residuals      (FIT_STDFIT) = sqrt(WSSR/ndf)    : 3.71774e-05
variance of residuals (reduced chisquare) = WSSR/ndf   : 1.38216e-09

Final set of parameters            Asymptotic Standard Error
=======================            ==========================
c               = 3.79874e-09      +/- 1.102e-12    (0.02901%)
d               = -3.66132e-05     +/- 7.118e-07    (1.944%)

correlation matrix of the fit parameters:
                c      d      
c               1.000 
d              -0.853  1.000 


*******************************************************************************
Wed Nov 12 17:33:35 2025


FIT:    data read from 'exercise5_quicksort.log' using 1:5
        format = x:z
        #datapoints = 10000
        residuals are weighted equally (unit weight)

function used for fitting: f(x)
	f(x)=a*x*log(x)+b
fitted parameters initialized with current variable values

iter      chisq       delta/lim  lambda   a             b            
   0 1.8855771299e+15   0.00e+00  4.57e+05    1.000000e+00   1.000000e+00
   2 2.1607994268e+12  -2.56e-01  4.57e+03    1.672017e+00   9.857197e-01

After 2 iterations the fit converged.
final sum of squares of residuals : 2.1608e+12
rel. change during last iteration : -2.56474e-06

degrees of freedom    (FIT_NDF)                        : 9998
rms of residuals      (FIT_STDFIT) = sqrt(WSSR/ndf)    : 14701.1
variance of residuals (reduced chisquare) = WSSR/ndf   : 2.16123e+08

Final set of parameters            Asymptotic Standard Error
=======================            ==========================
a               = 1.67202          +/- 0.0004358    (0.02607%)
b               = 0.98572          +/- 281.5        (2.855e+04%)

correlation matrix of the fit parameters:
                a      b      
a               1.000 
b              -0.853  1.000 


*******************************************************************************
Wed Nov 12 17:34:46 2025


FIT:    data read from 'exercise5_quicksort.log' using 1:5
        format = x:z
        #datapoints = 10000
        residuals are weighted equally (unit weight)

function used for fitting: f(x)
	f(x)=a*x*log(x)+b
fitted parameters initialized with current variable values

iter      chisq       delta/lim  lambda   a             b            
   0 1.8855771299e+15   0.00e+00  4.57e+05    1.000000e+00   1.000000e+00
   2 2.1607994268e+12  -2.56e-01  4.57e+03    1.672017e+00   9.857197e-01

After 2 iterations the fit converged.
final sum of squares of residuals : 2.1608e+12
rel. change during last iteration : -2.56474e-06

degrees of freedom    (FIT_NDF)                        : 9998
rms of residuals      (FIT_STDFIT) = sqrt(WSSR/ndf)    : 14701.1
variance of residuals (reduced chisquare) = WSSR/ndf   : 2.16123e+08

Final set of parameters            Asymptotic Standard Error
=======================            ==========================
a               = 1.67202          +/- 0.0004358    (0.02607%)
b               = 0.98572          +/- 281.5        (2.855e+04%)

correlation matrix of the fit parameters:
                a      b      
a               1.000 
b              -0.853  1.000 


*******************************************************************************
Wed Nov 12 17:34:46 2025


FIT:    data read from 'exercise5_quicksort.log' using 1:2
        format = x:z
        #datapoints = 10000
        residuals are weighted equally (unit weight)

function used for fitting: g(x)
	g(x)=c*x*log(x)+d
fitted parameters initialized with current variable values

iter      chisq       delta/lim  lambda   c             d            
   0 4.1704867888e+15   0.00e+00  4.57e+05    1.000000e+00   1.000000e+00
   9 1.3818796993e-05  -6.13e-11  4.57e-04    3.798740e-09  -3.661325e-05

After 9 iterations the fit converged.
final sum of squares of residuals : 1.38188e-05
rel. change during last iteration : -6.12957e-16

degrees of freedom    (FIT_NDF)                        : 9998
rms of residuals      (FIT_STDFIT) = sqrt(WSSR/ndf)    : 3.71774e-05
variance of residuals (reduced chisquare) = WSSR/ndf   : 1.38216e-09

Final set of parameters            Asymptotic Standard Error
=======================            ==========================
c               = 3.79874e-09      +/- 1.102e-12    (0.02901%)
d               = -3.66132e-05     +/- 7.118e-07    (1.944%)

correlation matrix of the fit parameters:
                c      d      
c               1.000 
d              -0.853  1.000 


*******************************************************************************
Wed Nov 12 17:42:59 2025


FIT:    data read from 'exercise5_quicksort.log' using 1:5
        format = x:z
        #datapoints = 10000
        residuals are weighted equally (unit weight)

function used for fitting: f(x)
	f(x)=a*x*log(x)+b
fitted parameters initialized with current variable values

iter      chisq       delta/lim  lambda   a             b            
   0 1.8855771299e+15   0.00e+00  4.57e+05    1.000000e+00   1.000000e+00
   2 2.1607994268e+12  -2.56e-01  4.57e+03    1.672017e+00   9.857197e-01

After 2 iterations the fit converged.
final sum of squares of residuals : 2.1608e+12
rel. change during last iteration : -2.56474e-06

degrees of freedom    (FIT_NDF)                        : 9998
rms of residuals      (FIT_STDFIT) = sqrt(WSSR/ndf)    : 14701.1
variance of residuals (reduced chisquare) = WSSR/ndf   : 2.16123e+08

Final set of parameters            Asymptotic Standard Error
=======================            ==========================
a               = 1.67202          +/- 0.0004358    (0.02607%)
b               = 0.98572          +/- 281.5        (2.855e+04%)

correlation matrix of the fit parameters:
                a      b      
a               1.000 
b              -0.853  1.000 


*******************************************************************************
Wed Nov 12 17:42:59 2025


FIT:    data read from 'exercise5_quicksort.log' using 1:2
        format = x:z
        #datapoints = 10000
        residuals are weighted equally (unit weight)

function used for fitting: g(x)
	g(x)=c*x*log(x)+d
fitted parameters initialized with current variable values

iter      chisq       delta/lim  lambda   c             d            
   0 4.1704867888e+15   0.00e+00  4.57e+05    1.000000e+00   1.000000e+00
   9 1.3818796993e-05  -6.13e-11  4.57e-04    3.798740e-09  -3.661325e-05

After 9 iterations the fit converged.
final sum of squares of residuals : 1.38188e-05
rel. change during last iteration : -6.12957e-16

degrees of freedom    (FIT_NDF)                        : 9998
rms of residuals      (FIT_STDFIT) = sqrt(WSSR/ndf)    : 3.71774e-05
variance of residuals (reduced chisquare) = WSSR/ndf   : 1.38216e-09

Final set of parameters            Asymptotic Standard Error
=======================            ==========================
c               = 3.79874e-09      +/- 1.102e-12    (0.02901%)
d               = -3.66132e-05     +/- 7.118e-07    (1.944%)

correlation matrix of the fit parameters:
                c      d      
c               1.000 
d              -0.853  1.000 


*******************************************************************************
Wed Nov 12 17:43:19 2025


FIT:    data read from 'exercise5_quicksort.log' using 1:5
        format = x:z
        #datapoints = 10000
        residuals are weighted equally (unit weight)

function used for fitting: f(x)
	f(x)=a*x*log(x)+b
fitted parameters initialized with current variable values

iter      chisq       delta/lim  lambda   a             b            
   0 1.8855771299e+15   0.00e+00  4.57e+05    1.000000e+00   1.000000e+00
   2 2.1607994268e+12  -2.56e-01  4.57e+03    1.672017e+00   9.857197e-01

After 2 iterations the fit converged.
final sum of squares of residuals : 2.1608e+12
rel. change during last iteration : -2.56474e-06

degrees of freedom    (FIT_NDF)                        : 9998
rms of residuals      (FIT_STDFIT) = sqrt(WSSR/ndf)    : 14701.1
variance of residuals (reduced chisquare) = WSSR/ndf   : 2.16123e+08

Final set of parameters            Asymptotic Standard Error
=======================            ==========================
a               = 1.67202          +/- 0.0004358    (0.02607%)
b               = 0.98572          +/- 281.5        (2.855e+04%)

correlation matrix of the fit parameters:
                a      b      
a               1.000 
b              -0.853  1.000 


*******************************************************************************
Wed Nov 12 17:43:19 2025


FIT:    data read from 'exercise5_quicksort.log' using 1:2
        format = x:z
        #datapoints = 10000
        residuals are weighted equally (unit weight)

function used for fitting: g(x)
	g(x)=c*x*log(x)+d
fitted parameters initialized with current variable values

iter      chisq       delta/lim  lambda   c             d            
   0 4.1704867888e+15   0.00e+00  4.57e+05    1.000000e+00   1.000000e+00
   9 1.3818796993e-05  -6.13e-11  4.57e-04    3.798740e-09  -3.661325e-05

After 9 iterations the fit converged.
final sum of squares of residuals : 1.38188e-05
rel. change during last iteration : -6.12957e-16

degrees of freedom    (FIT_NDF)                        : 9998
rms of residuals      (FIT_STDFIT) = sqrt(WSSR/ndf)    : 3.71774e-05
variance of residuals (reduced chisquare) = WSSR/ndf   : 1.38216e-09

Final set of parameters            Asymptotic Standard Error
=======================            ==========================
c               = 3.79874e-09      +/- 1.102e-12    (0.02901%)
d               = -3.66132e-05     +/- 7.118e-07    (1.944%)

correlation matrix of the fit parameters:
                c      d      
c               1.000 
d              -0.853  1.000 


*******************************************************************************
Wed Nov 12 17:44:18 2025


FIT:    data read from 'exercise5_quicksort.log' using 1:5
        format = x:z
        #datapoints = 10000
        residuals are weighted equally (unit weight)

function used for fitting: f(x)
	f(x)=a*x*log(x)+b
fitted parameters initialized with current variable values

iter      chisq       delta/lim  lambda   a             b            
   0 1.8855771299e+15   0.00e+00  4.57e+05    1.000000e+00   1.000000e+00
   2 2.1607994268e+12  -2.56e-01  4.57e+03    1.672017e+00   9.857197e-01

After 2 iterations the fit converged.
final sum of squares of residuals : 2.1608e+12
rel. change during last iteration : -2.56474e-06

degrees of freedom    (FIT_NDF)                        : 9998
rms of residuals      (FIT_STDFIT) = sqrt(WSSR/ndf)    : 14701.1
variance of residuals (reduced chisquare) = WSSR/ndf   : 2.16123e+08

Final set of parameters            Asymptotic Standard Error
=======================            ==========================
a               = 1.67202          +/- 0.0004358    (0.02607%)
b               = 0.98572          +/- 281.5        (2.855e+04%)

correlation matrix of the fit parameters:
                a      b      
a               1.000 
b              -0.853  1.000 


*******************************************************************************
Wed Nov 12 17:44:18 2025


FIT:    data read from 'exercise5_quicksort.log' using 1:2
        format = x:z
        #datapoints = 10000
        residuals are weighted equally (unit weight)

function used for fitting: g(x)
	g(x)=c*x*log(x)+d
fitted parameters initialized with current variable values

iter      chisq       delta/lim  lambda   c             d            
   0 4.1704867888e+15   0.00e+00  4.57e+05    1.000000e+00   1.000000e+00
   9 1.3818796993e-05  -6.13e-11  4.57e-04    3.798740e-09  -3.661325e-05

After 9 iterations the fit converged.
final sum of squares of residuals : 1.38188e-05
rel. change during last iteration : -6.12957e-16

degrees of freedom    (FIT_NDF)                        : 9998
rms of residuals      (FIT_STDFIT) = sqrt(WSSR/ndf)    : 3.71774e-05
variance of residuals (reduced chisquare) = WSSR/ndf   : 1.38216e-09

Final set of parameters            Asymptotic Standard Error
=======================            ==========================
c               = 3.79874e-09      +/- 1.102e-12    (0.02901%)
d               = -3.66132e-05     +/- 7.118e-07    (1.944%)

correlation matrix of the fit parameters:
                c      d      
c               1.000 
d              -0.853  1.000 


*******************************************************************************
Wed Nov 12 17:44:18 2025


FIT:    data read from 'exercise5_quicksort.log' using 1:2
        format = x:z
        x range restricted to [1.00000 : 10000.0]
        #datapoints = 1000
        residuals are weighted equally (unit weight)

function used for fitting: h(x)
	h(x)=e*x*log(x)+f
fitted parameters initialized with current variable values

iter      chisq       delta/lim  lambda   e             f            
   0 2.6347424327e+12   0.00e+00  3.63e+04    1.000000e+00   1.000000e+00
   8 4.3014826800e-08  -4.48e-06  3.63e-04    3.423707e-09   9.328039e-06

After 8 iterations the fit converged.
final sum of squares of residuals : 4.30148e-08
rel. change during last iteration : -4.4768e-11

degrees of freedom    (FIT_NDF)                        : 998
rms of residuals      (FIT_STDFIT) = sqrt(WSSR/ndf)    : 6.56514e-06
variance of residuals (reduced chisquare) = WSSR/ndf   : 4.3101e-11

Final set of parameters            Asymptotic Standard Error
=======================            ==========================
e               = 3.42371e-09      +/- 7.664e-12    (0.2238%)
f               = 9.32804e-06      +/- 3.934e-07    (4.217%)

correlation matrix of the fit parameters:
                e      f      
e               1.000 
f              -0.849  1.000 
